Archive member included to satisfy reference by file (symbol)

/Users/cywestbrook/Library/Application Support/stm32cube/bundles/gnu-tools-for-stm32/13.3.1+st.9/bin/../lib/gcc/arm-none-eabi/13.3.1/thumb/v6-m/nofp/libgcc.a(_udivsi3.o)
                              cmake/stm32cubemx/CMakeFiles/STM32_Drivers.dir/__/__/Core/Src/system_stm32g0xx.c.obj (__aeabi_uidiv)
/Users/cywestbrook/Library/Application Support/stm32cube/bundles/gnu-tools-for-stm32/13.3.1+st.9/bin/../lib/gcc/arm-none-eabi/13.3.1/thumb/v6-m/nofp/libgcc.a(_dvmd_tls.o)
                              /Users/cywestbrook/Library/Application Support/stm32cube/bundles/gnu-tools-for-stm32/13.3.1+st.9/bin/../lib/gcc/arm-none-eabi/13.3.1/thumb/v6-m/nofp/libgcc.a(_udivsi3.o) (__aeabi_idiv0)
/Users/cywestbrook/Library/Application Support/stm32cube/bundles/gnu-tools-for-stm32/13.3.1+st.9/bin/../lib/gcc/arm-none-eabi/13.3.1/thumb/v6-m/nofp/libgcc.a(addsf3.o)
                              CMakeFiles/SwitchSense-Front.dir/Core/Src/main.c.obj (__aeabi_fadd)
/Users/cywestbrook/Library/Application Support/stm32cube/bundles/gnu-tools-for-stm32/13.3.1+st.9/bin/../lib/gcc/arm-none-eabi/13.3.1/thumb/v6-m/nofp/libgcc.a(divsf3.o)
                              CMakeFiles/SwitchSense-Front.dir/Core/Src/main.c.obj (__aeabi_fdiv)
/Users/cywestbrook/Library/Application Support/stm32cube/bundles/gnu-tools-for-stm32/13.3.1+st.9/bin/../lib/gcc/arm-none-eabi/13.3.1/thumb/v6-m/nofp/libgcc.a(mulsf3.o)
                              CMakeFiles/SwitchSense-Front.dir/Core/Src/main.c.obj (__aeabi_fmul)
/Users/cywestbrook/Library/Application Support/stm32cube/bundles/gnu-tools-for-stm32/13.3.1+st.9/bin/../lib/gcc/arm-none-eabi/13.3.1/thumb/v6-m/nofp/libgcc.a(floatsisf.o)
                              CMakeFiles/SwitchSense-Front.dir/Core/Src/main.c.obj (__aeabi_i2f)
/Users/cywestbrook/Library/Application Support/stm32cube/bundles/gnu-tools-for-stm32/13.3.1+st.9/bin/../lib/gcc/arm-none-eabi/13.3.1/thumb/v6-m/nofp/libgcc.a(_clzsi2.o)
                              /Users/cywestbrook/Library/Application Support/stm32cube/bundles/gnu-tools-for-stm32/13.3.1+st.9/bin/../lib/gcc/arm-none-eabi/13.3.1/thumb/v6-m/nofp/libgcc.a(addsf3.o) (__clzsi2)
/Users/cywestbrook/Library/Application Support/stm32cube/bundles/gnu-tools-for-stm32/13.3.1+st.9/bin/../lib/gcc/arm-none-eabi/13.3.1/../../../../arm-none-eabi/lib/thumb/v6-m/nofp/libg_nano.a(libc_a-exit.o)
                              /Users/cywestbrook/Library/Application Support/stm32cube/bundles/gnu-tools-for-stm32/13.3.1+st.9/bin/../lib/gcc/arm-none-eabi/13.3.1/../../../../arm-none-eabi/lib/thumb/v6-m/nofp/crt0.o (exit)
/Users/cywestbrook/Library/Application Support/stm32cube/bundles/gnu-tools-for-stm32/13.3.1+st.9/bin/../lib/gcc/arm-none-eabi/13.3.1/../../../../arm-none-eabi/lib/thumb/v6-m/nofp/libg_nano.a(libc_a-findfp.o)
                              /Users/cywestbrook/Library/Application Support/stm32cube/bundles/gnu-tools-for-stm32/13.3.1+st.9/bin/../lib/gcc/arm-none-eabi/13.3.1/../../../../arm-none-eabi/lib/thumb/v6-m/nofp/libg_nano.a(libc_a-exit.o) (__stdio_exit_handler)
/Users/cywestbrook/Library/Application Support/stm32cube/bundles/gnu-tools-for-stm32/13.3.1+st.9/bin/../lib/gcc/arm-none-eabi/13.3.1/../../../../arm-none-eabi/lib/thumb/v6-m/nofp/libg_nano.a(libc_a-fwalk.o)
                              /Users/cywestbrook/Library/Application Support/stm32cube/bundles/gnu-tools-for-stm32/13.3.1+st.9/bin/../lib/gcc/arm-none-eabi/13.3.1/../../../../arm-none-eabi/lib/thumb/v6-m/nofp/libg_nano.a(libc_a-findfp.o) (_fwalk_sglue)
/Users/cywestbrook/Library/Application Support/stm32cube/bundles/gnu-tools-for-stm32/13.3.1+st.9/bin/../lib/gcc/arm-none-eabi/13.3.1/../../../../arm-none-eabi/lib/thumb/v6-m/nofp/libg_nano.a(libc_a-memset.o)
                              /Users/cywestbrook/Library/Application Support/stm32cube/bundles/gnu-tools-for-stm32/13.3.1+st.9/bin/../lib/gcc/arm-none-eabi/13.3.1/../../../../arm-none-eabi/lib/thumb/v6-m/nofp/crt0.o (memset)
/Users/cywestbrook/Library/Application Support/stm32cube/bundles/gnu-tools-for-stm32/13.3.1+st.9/bin/../lib/gcc/arm-none-eabi/13.3.1/../../../../arm-none-eabi/lib/thumb/v6-m/nofp/libg_nano.a(libc_a-errno.o)
                              CMakeFiles/SwitchSense-Front.dir/Core/Src/sysmem.c.obj (__errno)
/Users/cywestbrook/Library/Application Support/stm32cube/bundles/gnu-tools-for-stm32/13.3.1+st.9/bin/../lib/gcc/arm-none-eabi/13.3.1/../../../../arm-none-eabi/lib/thumb/v6-m/nofp/libg_nano.a(libc_a-init.o)
                              /Users/cywestbrook/Library/Application Support/stm32cube/bundles/gnu-tools-for-stm32/13.3.1+st.9/bin/../lib/gcc/arm-none-eabi/13.3.1/../../../../arm-none-eabi/lib/thumb/v6-m/nofp/crt0.o (__libc_init_array)
/Users/cywestbrook/Library/Application Support/stm32cube/bundles/gnu-tools-for-stm32/13.3.1+st.9/bin/../lib/gcc/arm-none-eabi/13.3.1/../../../../arm-none-eabi/lib/thumb/v6-m/nofp/libg_nano.a(libc_a-lock.o)
[...]
Memory Configuration

Name             Origin             Length             Attributes
RAM              0x20000000         0x00024000         xrw
FLASH            0x08000000         0x00020000         xr
*default*        0x00000000         0xffffffff

Linker script and memory map

LOAD /Users/cywestbrook/Library/Application Support/stm32cube/bundles/gnu-tools-for-stm32/13.3.1+st.9/bin/../lib/gcc/arm-none-eabi/13.3.1/thumb/v6-m/nofp/crti.o
LOAD /Users/cywestbrook/Library/Application Support/stm32cube/bundles/gnu-tools-for-stm32/13.3.1+st.9/bin/../lib/gcc/arm-none-eabi/13.3.1/thumb/v6-m/nofp/crtbegin.o
LOAD /Users/cywestbrook/Library/Application Support/stm32cube/bundles/gnu-tools-for-stm32/13.3.1+st.9/bin/../lib/gcc/arm-none-eabi/13.3.1/../../../../arm-none-eabi/lib/thumb/v6-m/nofp/crt0.o
LOAD cmake/stm32cubemx/CMakeFiles/STM32_Drivers.dir/__/__/Core/Src/system_stm32g0xx.c.obj
LOAD cmake/stm32cubemx/CMakeFiles/STM32_Drivers.dir/__/__/Drivers/STM32G0xx_HAL_Driver/Src/stm32g0xx_hal_adc.c.obj
LOAD cmake/stm32cubemx/CMakeFiles/STM32_Drivers.dir/__/__/Drivers/STM32G0xx_HAL_Driver/Src/stm32g0xx_hal_adc_ex.c.obj
LOAD cmake/stm32cubemx/CMakeFiles/STM32_Drivers.dir/__/__/Drivers/STM32G0xx_HAL_Driver/Src/stm32g0xx_ll_adc.c.obj
LOAD cmake/stm32cubemx/CMakeFiles/STM32_Drivers.dir/__/__/Drivers/STM32G0xx_HAL_Driver/Src/stm32g0xx_hal_rcc.c.obj
LOAD cmake/stm32cubemx/CMakeFiles/STM32_Drivers.dir/__/__/Drivers/STM32G0xx_HAL_Driver/Src/stm32g0xx_hal_rcc_ex.c.obj
LOAD cmake/stm32cubemx/CMakeFiles/STM32_Drivers.dir/__/__/Drivers/STM32G0xx_HAL_Driver/Src/stm32g0xx_ll_rcc.c.obj
LOAD cmake/stm32cubemx/CMakeFiles/STM32_Drivers.dir/__/__/Drivers/STM32G0xx_HAL_Driver/Src/stm32g0xx_hal_flash.c.obj
LOAD cmake/stm32cubemx/CMakeFiles/STM32_Drivers.dir/__/__/Drivers/STM32G0xx_HAL_Driver/Src/stm32g0xx_hal_flash_ex.c.obj
LOAD cmake/stm32cubemx/CMakeFiles/STM32_Drivers.dir/__/__/Drivers/STM32G0xx_HAL_Driver/Src/stm32g0xx_hal_gpio.c.obj
LOAD cmake/stm32cubemx/CMakeFiles/STM32_Drivers.dir/__/__/Drivers/STM32G0xx_HAL_Driver/Src/stm32g0xx_hal_dma.c.obj
LOAD cmake/stm32cubemx/CMakeFiles/STM32_Drivers.dir/__/__/Drivers/STM32G0xx_HAL_Driver/Src/stm32g0xx_hal_dma_ex.c.obj
LOAD cmake/stm32cubemx/CMakeFiles/STM32_Drivers.dir/__/__/Drivers/STM32G0xx_HAL_Driver/Src/stm32g0xx_hal_pwr.c.obj
LOAD cmake/stm32cubemx/CMakeFiles/STM32_Drivers.dir/__/__/Drivers/STM32G0xx_HAL_Driver/Src/stm32g0xx_hal_pwr_ex.c.obj
LOAD cmake/stm32cubemx/CMakeFiles/STM32_Drivers.dir/__/__/Drivers/STM32G0xx_HAL_Driver/Src/stm32g0xx_hal_cortex.c.obj
LOAD cmake/stm32cubemx/CMakeFiles/STM32_Drivers.dir/__/__/Drivers/STM32G0xx_HAL_Driver/Src/stm32g0xx_hal.c.obj
LOAD cmake/stm32cubemx/CMakeFiles/STM32_Drivers.dir/__/__/Drivers/STM32G0xx_HAL_Driver/Src/stm32g0xx_hal_exti.c.obj
LOAD cmake/stm32cubemx/CMakeFiles/STM32_Drivers.dir/__/__/Drivers/STM32G0xx_HAL_Driver/Src/stm32g0xx_hal_fdcan.c.obj
LOAD cmake/stm32cubemx/CMakeFiles/STM32_Drivers.dir/__/__/Drivers/STM32G0xx_HAL_Driver/Src/stm32g0xx_hal_rtc.c.obj
LOAD cmake/stm32cubemx/CMakeFiles/STM32_Drivers.dir/__/__/Drivers/STM32G0xx_HAL_Driver/Src/stm32g0xx_hal_rtc_ex.c.obj
LOAD cmake/stm32cubemx/CMakeFiles/STM32_Drivers.dir/__/__/Drivers/STM32G0xx_HAL_Driver/Src/stm32g0xx_hal_tim.c.obj
LOAD cmake/stm32cubemx/CMakeFiles/STM32_Drivers.dir/__/__/Drivers/STM32G0xx_HAL_Driver/Src/stm32g0xx_hal_tim_ex.c.obj
LOAD cmake/stm32cubemx/CMakeFiles/STM32_Drivers.dir/__/__/Drivers/STM32G0xx_HAL_Driver/Src/stm32g0xx_hal_pcd.c.obj
LOAD cmake/stm32cubemx/CMakeFiles/STM32_Drivers.dir/__/__/Drivers/STM32G0xx_HAL_Driver/Src/stm32g0xx_hal_pcd_ex.c.obj
LOAD cmake/stm32cubemx/CMakeFiles/STM32_Drivers.dir/__/__/Drivers/STM32G0xx_HAL_Driver/Src/stm32g0xx_ll_usb.c.obj
LOAD CMakeFiles/SwitchSense-Front.dir/Core/Src/main.c.obj
LOAD CMakeFiles/SwitchSense-Front.dir/Core/Src/stm32g0xx_it.c.obj
LOAD CMakeFiles/SwitchSense-Front.dir/Core/Src/stm32g0xx_hal_msp.c.obj
LOAD CMakeFiles/SwitchSense-Front.dir/Core/Src/sysmem.c.obj
LOAD CMakeFiles/SwitchSense-Front.dir/Core/Src/syscalls.c.obj
LOAD CMakeFiles/SwitchSense-Front.dir/startup_stm32g0b1xx.s.obj
LOAD /Users/cywestbrook/Library/Application Support/stm32cube/bundles/gnu-tools-for-stm32/13.3.1+st.9/bin/../lib/gcc/arm-none-eabi/13.3.1/../../../../arm-none-eabi/lib/thumb/v6-m/nofp/libm.a
START GROUP
LOAD /Users/cywestbrook/Library/Application Support/stm32cube/bundles/gnu-tools-for-stm32/13.3.1+st.9/bin/../lib/gcc/arm-none-eabi/13.3.1/thumb/v6-m/nofp/libgcc.a
LOAD /Users/cywestbrook/Library/Application Support/stm32cube/bundles/gnu-tools-for-stm32/13.3.1+st.9/bin/../lib/gcc/arm-none-eabi/13.3.1/../../../../arm-none-eabi/lib/thumb/v6-m/nofp/libg_nano.a
LOAD /Users/cywestbrook/Library/Application Support/stm32cube/bundles/gnu-tools-for-stm32/13.3.1+st.9/bin/../lib/gcc/arm-none-eabi/13.3.1/../../../../arm-none-eabi/lib/thumb/v6-m/nofp/libc_nano.a
END GROUP
START GROUP
LOAD /Users/cywestbrook/Library/Application Support/stm32cube/bundles/gnu-tools-for-stm32/13.3.1+st.9/bin/../lib/gcc/arm-none-eabi/13.3.1/thumb/v6-m/nofp/libgcc.a
LOAD /Users/cywestbrook/Library/Application Support/stm32cube/bundles/gnu-tools-for-stm32/13.3.1+st.9/bin/../lib/gcc/arm-none-eabi/13.3.1/../../../../arm-none-eabi/lib/thumb/v6-m/nofp/libc_nano.a
END GROUP
LOAD /Users/cywestbrook/Library/Application Support/stm32cube/bundles/gnu-tools-for-stm32/13.3.1+st.9/bin/../lib/gcc/arm-none-eabi/13.3.1/thumb/v6-m/nofp/crtend.o
LOAD /Users/cywestbrook/Library/Application Support/stm32cube/bundles/gnu-tools-for-stm32/13.3.1+st.9/bin/../lib/gcc/arm-none-eabi/13.3.1/thumb/v6-m/nofp/crtn.o
                0x20024000                        _estack = (ORIGIN (RAM) + LENGTH (RAM))
                0x00000200                        _Min_Heap_Size = 0x200
                0x00000400                        _Min_Stack_Size = 0x400

.isr_vector     0x08000000       0xbc
                0x08000000                        . = ALIGN (0x4)
 *(.isr_vector)
 .isr_vector    0x08000000       0xbc CMakeFiles/SwitchSense-Front.dir/startup_stm32g0b1xx.s.obj
                0x08000000                g_pfnVectors
                0x080000bc                        . = ALIGN (0x4)

.text           0x080000bc     0x66f4
                0x080000bc                        . = ALIGN (0x4)
 *(.text)
 .text          0x080000bc       0x48 /Users/cywestbrook/Library/Application Support/stm32cube/bundles/gnu-tools-for-stm32/13.3.1+st.9/bin/../lib/gcc/arm-none-eabi/13.3.1/thumb/v6-m/nofp/crtbegin.o
 .text          0x08000104      0x114 /Users/cywestbrook/Library/Application Support/stm32cube/bundles/gnu-tools-for-stm32/13.3.1+st.9/bin/../lib/gcc/arm-none-eabi/13.3.1/thumb/v6-m/nofp/libgcc.a(_udivsi3.o)
                0x08000104                __udivsi3
                0x08000104                __aeabi_uidiv
                0x08000210                __aeabi_uidivmod
 .text          0x08000218        0x4 /Users/cywestbrook/Library/Application Support/stm32cube/bundles/gnu-tools-for-stm32/13.3.1+st.9/bin/../lib/gcc/arm-none-eabi/13.3.1/thumb/v6-m/nofp/libgcc.a(_dvmd_tls.o)
                0x08000218                __aeabi_ldiv0
                0x08000218                __aeabi_idiv0
 .text          0x0800021c      0x3e4 /Users/cywestbrook/Library/Application Support/stm32cube/bundles/gnu-tools-for-stm32/13.3.1+st.9/bin/../lib/gcc/arm-none-eabi/13.3.1/thumb/v6-m/nofp/libgcc.a(addsf3.o)
                0x0800021c                __aeabi_fadd
 .text          0x08000600      0x22c /Users/cywestbrook/Library/Application Support/stm32cube/bundles/gnu-tools-for-stm32/13.3.1+st.9/bin/../lib/gcc/arm-none-eabi/13.3.1/thumb/v6-m/nofp/libgcc.a(divsf3.o)
                0x08000600                __aeabi_fdiv
 .text          0x0800082c      0x2b4 /Users/cywestbrook/Library/Application Support/stm32cube/bundles/gnu-tools-for-stm32/13.3.1+st.9/bin/../lib/gcc/arm-none-eabi/13.3.1/thumb/v6-m/nofp/libgcc.a(mulsf3.o)
                0x0800082c                __aeabi_fmul
 .text          0x08000ae0       0xa0 /Users/cywestbrook/Library/Application Support/stm32cube/bundles/gnu-tools-for-stm32/13.3.1+st.9/bin/../lib/gcc/arm-none-eabi/13.3.1/thumb/v6-m/nofp/libgcc.a(floatsisf.o)
                0x08000ae0                __aeabi_i2f
 .text          0x08000b80       0x3c /Users/cywestbrook/Library/Application Support/stm32cube/bundles/gnu-tools-for-stm32/13.3.1+st.9/bin/../lib/gcc/arm-none-eabi/13.3.1/thumb/v6-m/nofp/libgcc.a(_clzsi2.o)
                0x08000b80                __clzsi2
 *(.text*)
 .text.SystemInit
                0x08000bbc        0xa cmake/stm32cubemx/CMakeFiles/STM32_Drivers.dir/__/__/Core/Src/system_stm32g0xx.c.obj
                0x08000bbc                SystemInit
 *fill*         0x08000bc6        0x2 
 .text.LL_ADC_SetCommonPathInternalCh
                0x08000bc8       0x28 cmake/stm32cubemx/CMakeFiles/STM32_Drivers.dir/__/__/Drivers/STM32G0xx_HAL_Driver/Src/stm32g0xx_hal_adc.c.obj
 .text.LL_ADC_GetCommonPathInternalCh
                0x08000bf0       0x1a cmake/stm32cubemx/CMakeFiles/STM32_Drivers.dir/__/__/Drivers/STM32G0xx_HAL_Driver/Src/stm32g0xx_hal_adc.c.obj
 .text.LL_ADC_SetSamplingTimeCommonChannels
                0x08000c0a       0x3a cmake/stm32cubemx/CMakeFiles/STM32_Drivers.dir/__/__/Drivers/STM32G0xx_HAL_Driver/Src/stm32g0xx_hal_adc.c.obj
 .text.LL_ADC_GetSamplingTimeCommonChannels
                0x08000c44       0x2e cmake/stm32cubemx/CMakeFiles/STM32_Drivers.dir/__/__/Drivers/STM32G0xx_HAL_Driver/Src/stm32g0xx_hal_adc.c.obj
 .text.LL_ADC_REG_IsTriggerSourceSWStart
                0x08000c72       0x22 cmake/stm32cubemx/CMakeFiles/STM32_Drivers.dir/__/__/Drivers/STM32G0xx_HAL_Driver/Src/stm32g0xx_hal_adc.c.obj
 .text.LL_ADC_REG_SetSequencerRanks
                0x08000c94       0x40 cmake/stm32cubemx/CMakeFiles/STM32_Drivers.dir/__/__/Drivers/STM32G0xx_HAL_Driver/Src/stm32g0xx_hal_adc.c.obj
 .text.LL_ADC_REG_SetSequencerChAdd
                0x08000cd4       0x22 cmake/stm32cubemx/CMakeFiles/STM32_Drivers.dir/__/__/Drivers/STM32G0xx_HAL_Driver/Src/stm32g0xx_hal_adc.c.obj
 .text.LL_ADC_REG_SetSequencerChRem
                0x08000cf6       0x24 cmake/stm32cubemx/CMakeFiles/STM32_Drivers.dir/__/__/Drivers/STM32G0xx_HAL_Driver/Src/stm32g0xx_hal_adc.c.obj
 .text.LL_ADC_REG_GetDMATransfer
                0x08000d1a       0x18 cmake/stm32cubemx/CMakeFiles/STM32_Drivers.dir/__/__/Drivers/STM32G0xx_HAL_Driver/Src/stm32g0xx_hal_adc.c.obj
 *fill*         0x08000d32        0x2 
 .text.LL_ADC_SetChannelSamplingTime
                0x08000d34       0x38 cmake/stm32cubemx/CMakeFiles/STM32_Drivers.dir/__/__/Drivers/STM32G0xx_HAL_Driver/Src/stm32g0xx_hal_adc.c.obj
 .text.LL_ADC_EnableInternalRegulator
                0x08000d6c       0x28 cmake/stm32cubemx/CMakeFiles/STM32_Drivers.dir/__/__/Drivers/STM32G0xx_HAL_Driver/Src/stm32g0xx_hal_adc.c.obj
 .text.LL_ADC_IsInternalRegulatorEnabled
                0x08000d94       0x28 cmake/stm32cubemx/CMakeFiles/STM32_Drivers.dir/__/__/Drivers/STM32G0xx_HAL_Driver/Src/stm32g0xx_hal_adc.c.obj
 .text.LL_ADC_Enable
                0x08000dbc       0x24 cmake/stm32cubemx/CMakeFiles/STM32_Drivers.dir/__/__/Drivers/STM32G0xx_HAL_Driver/Src/stm32g0xx_hal_adc.c.obj
 .text.LL_ADC_Disable
                0x08000de0       0x24 cmake/stm32cubemx/CMakeFiles/STM32_Drivers.dir/__/__/Drivers/STM32G0xx_HAL_Driver/Src/stm32g0xx_hal_adc.c.obj
 .text.LL_ADC_IsEnabled
                0x08000e04       0x22 cmake/stm32cubemx/CMakeFiles/STM32_Drivers.dir/__/__/Drivers/STM32G0xx_HAL_Driver/Src/stm32g0xx_hal_adc.c.obj
 .text.LL_ADC_IsDisableOngoing
                0x08000e26       0x22 cmake/stm32cubemx/CMakeFiles/STM32_Drivers.dir/__/__/Drivers/STM32G0xx_HAL_Driver/Src/stm32g0xx_hal_adc.c.obj
 .text.LL_ADC_REG_StartConversion
                0x08000e48       0x24 cmake/stm32cubemx/CMakeFiles/STM32_Drivers.dir/__/__/Drivers/STM32G0xx_HAL_Driver/Src/stm32g0xx_hal_adc.c.obj
 .text.LL_ADC_REG_IsConversionOngoing
                0x08000e6c       0x22 cmake/stm32cubemx/CMakeFiles/STM32_Drivers.dir/__/__/Drivers/STM32G0xx_HAL_Driver/Src/stm32g0xx_hal_adc.c.obj
 *fill*         0x08000e8e        0x2 
 .text.HAL_ADC_Init
                0x08000e90      0x350 cmake/stm32cubemx/CMakeFiles/STM32_Drivers.dir/__/__/Drivers/STM32G0xx_HAL_Driver/Src/stm32g0xx_hal_adc.c.obj
                0x08000e90                HAL_ADC_Init
 .text.HAL_ADC_Start_DMA
                0x080011e0      0x11c cmake/stm32cubemx/CMakeFiles/STM32_Drivers.dir/__/__/Drivers/STM32G0xx_HAL_Driver/Src/stm32g0xx_hal_adc.c.obj
                0x080011e0                HAL_ADC_Start_DMA
 .text.HAL_ADC_IRQHandler
                0x080012fc      0x230 cmake/stm32cubemx/CMakeFiles/STM32_Drivers.dir/__/__/Drivers/STM32G0xx_HAL_Driver/Src/stm32g0xx_hal_adc.c.obj
                0x080012fc                HAL_ADC_IRQHandler
 .text.HAL_ADC_ConvCpltCallback
                0x0800152c       0x10 cmake/stm32cubemx/CMakeFiles/STM32_Drivers.dir/__/__/Drivers/STM32G0xx_HAL_Driver/Src/stm32g0xx_hal_adc.c.obj
                0x0800152c                HAL_ADC_ConvCpltCallback
 .text.HAL_ADC_ConvHalfCpltCallback
                0x0800153c       0x10 cmake/stm32cubemx/CMakeFiles/STM32_Drivers.dir/__/__/Drivers/STM32G0xx_HAL_Driver/Src/stm32g0xx_hal_adc.c.obj
                0x0800153c                HAL_ADC_ConvHalfCpltCallback
 .text.HAL_ADC_LevelOutOfWindowCallback
                0x0800154c       0x10 cmake/stm32cubemx/CMakeFiles/STM32_Drivers.dir/__/__/Drivers/STM32G0xx_HAL_Driver/Src/stm32g0xx_hal_adc.c.obj
                0x0800154c                HAL_ADC_LevelOutOfWindowCallback
 .text.HAL_ADC_ErrorCallback
                0x0800155c       0x10 cmake/stm32cubemx/CMakeFiles/STM32_Drivers.dir/__/__/Drivers/STM32G0xx_HAL_Driver/Src/stm32g0xx_hal_adc.c.obj
                0x0800155c                HAL_ADC_ErrorCallback
 .text.HAL_ADC_ConfigChannel
                0x0800156c      0x3b0 cmake/stm32cubemx/CMakeFiles/STM32_Drivers.dir/__/__/Drivers/STM32G0xx_HAL_Driver/Src/stm32g0xx_hal_adc.c.obj
                0x0800156c                HAL_ADC_ConfigChannel
 .text.ADC_Enable
                0x0800191c      0x10c cmake/stm32cubemx/CMakeFiles/STM32_Drivers.dir/__/__/Drivers/STM32G0xx_HAL_Driver/Src/stm32g0xx_hal_adc.c.obj
                0x0800191c                ADC_Enable
 .text.ADC_Disable
                0x08001a28       0xbc cmake/stm32cubemx/CMakeFiles/STM32_Drivers.dir/__/__/Drivers/STM32G0xx_HAL_Driver/Src/stm32g0xx_hal_adc.c.obj
                0x08001a28                ADC_Disable
 .text.ADC_DMAConvCplt
                0x08001ae4       0xc8 cmake/stm32cubemx/CMakeFiles/STM32_Drivers.dir/__/__/Drivers/STM32G0xx_HAL_Driver/Src/stm32g0xx_hal_adc.c.obj
 .text.ADC_DMAHalfConvCplt
                0x08001bac       0x1e cmake/stm32cubemx/CMakeFiles/STM32_Drivers.dir/__/__/Drivers/STM32G0xx_HAL_Driver/Src/stm32g0xx_hal_adc.c.obj
 .text.ADC_DMAError
                0x08001bca       0x36 cmake/stm32cubemx/CMakeFiles/STM32_Drivers.dir/__/__/Drivers/STM32G0xx_HAL_Driver/Src/stm32g0xx_hal_adc.c.obj
 .text.LL_ADC_GetCommonClock
                0x08001c00       0x1a cmake/stm32cubemx/CMakeFiles/STM32_Drivers.dir/__/__/Drivers/STM32G0xx_HAL_Driver/Src/stm32g0xx_hal_adc_ex.c.obj
 .text.LL_ADC_GetClock
                0x08001c1a       0x18 cmake/stm32cubemx/CMakeFiles/STM32_Drivers.dir/__/__/Drivers/STM32G0xx_HAL_Driver/Src/stm32g0xx_hal_adc_ex.c.obj
 .text.LL_ADC_SetCalibrationFactor
                0x08001c32       0x28 cmake/stm32cubemx/CMakeFiles/STM32_Drivers.dir/__/__/Drivers/STM32G0xx_HAL_Driver/Src/stm32g0xx_hal_adc_ex.c.obj
 .text.LL_ADC_GetCalibrationFactor
                0x08001c5a       0x1a cmake/stm32cubemx/CMakeFiles/STM32_Drivers.dir/__/__/Drivers/STM32G0xx_HAL_Driver/Src/stm32g0xx_hal_adc_ex.c.obj
 .text.LL_ADC_Enable
                0x08001c74       0x24 cmake/stm32cubemx/CMakeFiles/STM32_Drivers.dir/__/__/Drivers/STM32G0xx_HAL_Driver/Src/stm32g0xx_hal_adc_ex.c.obj
 .text.LL_ADC_Disable
                0x08001c98       0x24 cmake/stm32cubemx/CMakeFiles/STM32_Drivers.dir/__/__/Drivers/STM32G0xx_HAL_Driver/Src/stm32g0xx_hal_adc_ex.c.obj
 .text.LL_ADC_IsEnabled
                0x08001cbc       0x22 cmake/stm32cubemx/CMakeFiles/STM32_Drivers.dir/__/__/Drivers/STM32G0xx_HAL_Driver/Src/stm32g0xx_hal_adc_ex.c.obj
 *fill*         0x08001cde        0x2 
 .text.LL_ADC_StartCalibration
                0x08001ce0       0x28 cmake/stm32cubemx/CMakeFiles/STM32_Drivers.dir/__/__/Drivers/STM32G0xx_HAL_Driver/Src/stm32g0xx_hal_adc_ex.c.obj
 .text.LL_ADC_IsCalibrationOnGoing
                0x08001d08       0x26 cmake/stm32cubemx/CMakeFiles/STM32_Drivers.dir/__/__/Drivers/STM32G0xx_HAL_Driver/Src/stm32g0xx_hal_adc_ex.c.obj
 *fill*         0x08001d2e        0x2 
 .text.HAL_ADCEx_Calibration_Start
                0x08001d30      0x20c cmake/stm32cubemx/CMakeFiles/STM32_Drivers.dir/__/__/Drivers/STM32G0xx_HAL_Driver/Src/stm32g0xx_hal_adc_ex.c.obj
                0x08001d30                HAL_ADCEx_Calibration_Start
 .text.HAL_ADCEx_LevelOutOfWindow2Callback
                0x08001f3c       0x10 cmake/stm32cubemx/CMakeFiles/STM32_Drivers.dir/__/__/Drivers/STM32G0xx_HAL_Driver/Src/stm32g0xx_hal_adc_ex.c.obj
                0x08001f3c                HAL_ADCEx_LevelOutOfWindow2Callback
 .text.HAL_ADCEx_LevelOutOfWindow3Callback
                0x08001f4c       0x10 cmake/stm32cubemx/CMakeFiles/STM32_Drivers.dir/__/__/Drivers/STM32G0xx_HAL_Driver/Src/stm32g0xx_hal_adc_ex.c.obj
                0x08001f4c                HAL_ADCEx_LevelOutOfWindow3Callback
 .text.HAL_ADCEx_EndOfSamplingCallback
                0x08001f5c       0x10 cmake/stm32cubemx/CMakeFiles/STM32_Drivers.dir/__/__/Drivers/STM32G0xx_HAL_Driver/Src/stm32g0xx_hal_adc_ex.c.obj
                0x08001f5c                HAL_ADCEx_EndOfSamplingCallback
 .text.HAL_ADCEx_ChannelConfigReadyCallback
                0x08001f6c       0x10 cmake/stm32cubemx/CMakeFiles/STM32_Drivers.dir/__/__/Drivers/STM32G0xx_HAL_Driver/Src/stm32g0xx_hal_adc_ex.c.obj
                0x08001f6c                HAL_ADCEx_ChannelConfigReadyCallback
 .text.HAL_RCC_OscConfig
                0x08001f7c      0x6c0 cmake/stm32cubemx/CMakeFiles/STM32_Drivers.dir/__/__/Drivers/STM32G0xx_HAL_Driver/Src/stm32g0xx_hal_rcc.c.obj
                0x08001f7c                HAL_RCC_OscConfig
 .text.HAL_RCC_ClockConfig
                0x0800263c      0x210 cmake/stm32cubemx/CMakeFiles/STM32_Drivers.dir/__/__/Drivers/STM32G0xx_HAL_Driver/Src/stm32g0xx_hal_rcc.c.obj
                0x0800263c                HAL_RCC_ClockConfig
 .text.HAL_RCC_GetSysClockFreq
                0x0800284c      0x104 cmake/stm32cubemx/CMakeFiles/STM32_Drivers.dir/__/__/Drivers/STM32G0xx_HAL_Driver/Src/stm32g0xx_hal_rcc.c.obj
                0x0800284c                HAL_RCC_GetSysClockFreq
 .text.HAL_RCCEx_PeriphCLKConfig
                0x08002950      0x478 cmake/stm32cubemx/CMakeFiles/STM32_Drivers.dir/__/__/Drivers/STM32G0xx_HAL_Driver/Src/stm32g0xx_hal_rcc_ex.c.obj
                0x08002950                HAL_RCCEx_PeriphCLKConfig
 .text.HAL_GPIO_Init
                0x08002dc8      0x2d8 cmake/stm32cubemx/CMakeFiles/STM32_Drivers.dir/__/__/Drivers/STM32G0xx_HAL_Driver/Src/stm32g0xx_hal_gpio.c.obj
                0x08002dc8                HAL_GPIO_Init
 .text.HAL_GPIO_ReadPin
                0x080030a0       0x3a cmake/stm32cubemx/CMakeFiles/STM32_Drivers.dir/__/__/Drivers/STM32G0xx_HAL_Driver/Src/stm32g0xx_hal_gpio.c.obj
                0x080030a0                HAL_GPIO_ReadPin
 .text.HAL_GPIO_WritePin
                0x080030da       0x3a cmake/stm32cubemx/CMakeFiles/STM32_Drivers.dir/__/__/Drivers/STM32G0xx_HAL_Driver/Src/stm32g0xx_hal_gpio.c.obj
                0x080030da                HAL_GPIO_WritePin
 .text.HAL_DMA_Init
                0x08003114      0x158 cmake/stm32cubemx/CMakeFiles/STM32_Drivers.dir/__/__/Drivers/STM32G0xx_HAL_Driver/Src/stm32g0xx_hal_dma.c.obj
                0x08003114                HAL_DMA_Init
 .text.HAL_DMA_Start_IT
                0x0800326c      0x10c cmake/stm32cubemx/CMakeFiles/STM32_Drivers.dir/__/__/Drivers/STM32G0xx_HAL_Driver/Src/stm32g0xx_hal_dma.c.obj
                0x0800326c                HAL_DMA_Start_IT
 .text.HAL_DMA_IRQHandler
                0x08003378      0x188 cmake/stm32cubemx/CMakeFiles/STM32_Drivers.dir/__/__/Drivers/STM32G0xx_HAL_Driver/Src/stm32g0xx_hal_dma.c.obj
                0x08003378                HAL_DMA_IRQHandler
 .text.DMA_SetConfig
                0x08003500       0x78 cmake/stm32cubemx/CMakeFiles/STM32_Drivers.dir/__/__/Drivers/STM32G0xx_HAL_Driver/Src/stm32g0xx_hal_dma.c.obj
 .text.DMA_CalcDMAMUXChannelBaseAndMask
                0x08003578       0x94 cmake/stm32cubemx/CMakeFiles/STM32_Drivers.dir/__/__/Drivers/STM32G0xx_HAL_Driver/Src/stm32g0xx_hal_dma.c.obj
 .text.DMA_CalcDMAMUXRequestGenBaseAndMask
                0x0800360c       0x48 cmake/stm32cubemx/CMakeFiles/STM32_Drivers.dir/__/__/Drivers/STM32G0xx_HAL_Driver/Src/stm32g0xx_hal_dma.c.obj
 .text.HAL_PWR_EnableBkUpAccess
                0x08003654       0x1c cmake/stm32cubemx/CMakeFiles/STM32_Drivers.dir/__/__/Drivers/STM32G0xx_HAL_Driver/Src/stm32g0xx_hal_pwr.c.obj
                0x08003654                HAL_PWR_EnableBkUpAccess
 .text.HAL_PWREx_EnableVddUSB
                0x08003670       0x1c cmake/stm32cubemx/CMakeFiles/STM32_Drivers.dir/__/__/Drivers/STM32G0xx_HAL_Driver/Src/stm32g0xx_hal_pwr_ex.c.obj
                0x08003670                HAL_PWREx_EnableVddUSB
 .text.HAL_PWREx_ControlVoltageScaling
                0x0800368c       0x80 cmake/stm32cubemx/CMakeFiles/STM32_Drivers.dir/__/__/Drivers/STM32G0xx_HAL_Driver/Src/stm32g0xx_hal_pwr_ex.c.obj
                0x0800368c                HAL_PWREx_ControlVoltageScaling
 .text.__NVIC_EnableIRQ
                0x0800370c       0x34 cmake/stm32cubemx/CMakeFiles/STM32_Drivers.dir/__/__/Drivers/STM32G0xx_HAL_Driver/Src/stm32g0xx_hal_cortex.c.obj
 .text.__NVIC_SetPriority
                0x08003740       0xdc cmake/stm32cubemx/CMakeFiles/STM32_Drivers.dir/__/__/Drivers/STM32G0xx_HAL_Driver/Src/stm32g0xx_hal_cortex.c.obj
 .text.SysTick_Config
                0x0800381c       0x48 cmake/stm32cubemx/CMakeFiles/STM32_Drivers.dir/__/__/Drivers/STM32G0xx_HAL_Driver/Src/stm32g0xx_hal_cortex.c.obj
 .text.HAL_NVIC_SetPriority
                0x08003864       0x2a cmake/stm32cubemx/CMakeFiles/STM32_Drivers.dir/__/__/Drivers/STM32G0xx_HAL_Driver/Src/stm32g0xx_hal_cortex.c.obj
                0x08003864                HAL_NVIC_SetPriority
 .text.HAL_NVIC_EnableIRQ
                0x0800388e       0x20 cmake/stm32cubemx/CMakeFiles/STM32_Drivers.dir/__/__/Drivers/STM32G0xx_HAL_Driver/Src/stm32g0xx_hal_cortex.c.obj
                0x0800388e                HAL_NVIC_EnableIRQ
 .text.HAL_SYSTICK_Config
                0x080038ae       0x1a cmake/stm32cubemx/CMakeFiles/STM32_Drivers.dir/__/__/Drivers/STM32G0xx_HAL_Driver/Src/stm32g0xx_hal_cortex.c.obj
                0x080038ae                HAL_SYSTICK_Config
 .text.HAL_Init
                0x080038c8       0x40 cmake/stm32cubemx/CMakeFiles/STM32_Drivers.dir/__/__/Drivers/STM32G0xx_HAL_Driver/Src/stm32g0xx_hal.c.obj
                0x080038c8                HAL_Init
 .text.HAL_InitTick
                0x08003908       0x94 cmake/stm32cubemx/CMakeFiles/STM32_Drivers.dir/__/__/Drivers/STM32G0xx_HAL_Driver/Src/stm32g0xx_hal.c.obj
                0x08003908                HAL_InitTick
 .text.HAL_IncTick
                0x0800399c       0x24 cmake/stm32cubemx/CMakeFiles/STM32_Drivers.dir/__/__/Drivers/STM32G0xx_HAL_Driver/Src/stm32g0xx_hal.c.obj
                0x0800399c                HAL_IncTick
 .text.HAL_GetTick
                0x080039c0       0x14 cmake/stm32cubemx/CMakeFiles/STM32_Drivers.dir/__/__/Drivers/STM32G0xx_HAL_Driver/Src/stm32g0xx_hal.c.obj
                0x080039c0                HAL_GetTick
 .text.HAL_SYSCFG_StrobeDBattpinsConfig
                0x080039d4       0x2c cmake/stm32cubemx/CMakeFiles/STM32_Drivers.dir/__/__/Drivers/STM32G0xx_HAL_Driver/Src/stm32g0xx_hal.c.obj
                0x080039d4                HAL_SYSCFG_StrobeDBattpinsConfig
 .text.HAL_FDCAN_Init
                0x08003a00      0x2cc cmake/stm32cubemx/CMakeFiles/STM32_Drivers.dir/__/__/Drivers/STM32G0xx_HAL_Driver/Src/stm32g0xx_hal_fdcan.c.obj
                0x08003a00                HAL_FDCAN_Init
 .text.FDCAN_CalcultateRamBlockAddresses
                0x08003ccc       0xd8 cmake/stm32cubemx/CMakeFiles/STM32_Drivers.dir/__/__/Drivers/STM32G0xx_HAL_Driver/Src/stm32g0xx_hal_fdcan.c.obj
 .text.HAL_RTC_Init
                0x08003da4      0x144 cmake/stm32cubemx/CMakeFiles/STM32_Drivers.dir/__/__/Drivers/STM32G0xx_HAL_Driver/Src/stm32g0xx_hal_rtc.c.obj
                0x08003da4                HAL_RTC_Init
 .text.HAL_RTC_WaitForSynchro
                0x08003ee8       0x4c cmake/stm32cubemx/CMakeFiles/STM32_Drivers.dir/__/__/Drivers/STM32G0xx_HAL_Driver/Src/stm32g0xx_hal_rtc.c.obj
                0x08003ee8                HAL_RTC_WaitForSynchro
 .text.RTC_EnterInitMode
                0x08003f34       0x84 cmake/stm32cubemx/CMakeFiles/STM32_Drivers.dir/__/__/Drivers/STM32G0xx_HAL_Driver/Src/stm32g0xx_hal_rtc.c.obj
                0x08003f34                RTC_EnterInitMode
 .text.RTC_ExitInitMode
                0x08003fb8       0x88 cmake/stm32cubemx/CMakeFiles/STM32_Drivers.dir/__/__/Drivers/STM32G0xx_HAL_Driver/Src/stm32g0xx_hal_rtc.c.obj
                0x08003fb8                RTC_ExitInitMode
 .text.HAL_RTCEx_BKUPWrite
                0x08004040       0x3a cmake/stm32cubemx/CMakeFiles/STM32_Drivers.dir/__/__/Drivers/STM32G0xx_HAL_Driver/Src/stm32g0xx_hal_rtc_ex.c.obj
                0x08004040                HAL_RTCEx_BKUPWrite
 .text.HAL_RTCEx_BKUPRead
                0x0800407a       0x36 cmake/stm32cubemx/CMakeFiles/STM32_Drivers.dir/__/__/Drivers/STM32G0xx_HAL_Driver/Src/stm32g0xx_hal_rtc_ex.c.obj
                0x0800407a                HAL_RTCEx_BKUPRead
 .text.HAL_TIM_PWM_Init
                0x080040b0       0xb0 cmake/stm32cubemx/CMakeFiles/STM32_Drivers.dir/__/__/Drivers/STM32G0xx_HAL_Driver/Src/stm32g0xx_hal_tim.c.obj
                0x080040b0                HAL_TIM_PWM_Init
 .text.HAL_TIM_PWM_Start
                0x08004160      0x1e0 cmake/stm32cubemx/CMakeFiles/STM32_Drivers.dir/__/__/Drivers/STM32G0xx_HAL_Driver/Src/stm32g0xx_hal_tim.c.obj
                0x08004160                HAL_TIM_PWM_Start
 .text.HAL_TIM_PWM_ConfigChannel
                0x08004340      0x200 cmake/stm32cubemx/CMakeFiles/STM32_Drivers.dir/__/__/Drivers/STM32G0xx_HAL_Driver/Src/stm32g0xx_hal_tim.c.obj
                0x08004340                HAL_TIM_PWM_ConfigChannel
 .text.TIM_Base_SetConfig
                0x08004540      0x128 cmake/stm32cubemx/CMakeFiles/STM32_Drivers.dir/__/__/Drivers/STM32G0xx_HAL_Driver/Src/stm32g0xx_hal_tim.c.obj
                0x08004540                TIM_Base_SetConfig
 .text.TIM_OC1_SetConfig
                0x08004668      0x118 cmake/stm32cubemx/CMakeFiles/STM32_Drivers.dir/__/__/Drivers/STM32G0xx_HAL_Driver/Src/stm32g0xx_hal_tim.c.obj
 .text.TIM_OC2_SetConfig
                0x08004780      0x110 cmake/stm32cubemx/CMakeFiles/STM32_Drivers.dir/__/__/Drivers/STM32G0xx_HAL_Driver/Src/stm32g0xx_hal_tim.c.obj
                0x08004780                TIM_OC2_SetConfig
 .text.TIM_OC3_SetConfig
                0x08004890      0x114 cmake/stm32cubemx/CMakeFiles/STM32_Drivers.dir/__/__/Drivers/STM32G0xx_HAL_Driver/Src/stm32g0xx_hal_tim.c.obj
 .text.TIM_OC4_SetConfig
                0x080049a4       0xd4 cmake/stm32cubemx/CMakeFiles/STM32_Drivers.dir/__/__/Drivers/STM32G0xx_HAL_Driver/Src/stm32g0xx_hal_tim.c.obj
 .text.TIM_OC5_SetConfig
                0x08004a78       0xc0 cmake/stm32cubemx/CMakeFiles/STM32_Drivers.dir/__/__/Drivers/STM32G0xx_HAL_Driver/Src/stm32g0xx_hal_tim.c.obj
 .text.TIM_OC6_SetConfig
                0x08004b38       0xc8 cmake/stm32cubemx/CMakeFiles/STM32_Drivers.dir/__/__/Drivers/STM32G0xx_HAL_Driver/Src/stm32g0xx_hal_tim.c.obj
 .text.TIM_CCxChannelCmd
                0x08004c00       0x46 cmake/stm32cubemx/CMakeFiles/STM32_Drivers.dir/__/__/Drivers/STM32G0xx_HAL_Driver/Src/stm32g0xx_hal_tim.c.obj
                0x08004c00                TIM_CCxChannelCmd
 *fill*         0x08004c46        0x2 
 .text.HAL_TIMEx_MasterConfigSynchronization
                0x08004c48       0xec cmake/stm32cubemx/CMakeFiles/STM32_Drivers.dir/__/__/Drivers/STM32G0xx_HAL_Driver/Src/stm32g0xx_hal_tim_ex.c.obj
                0x08004c48                HAL_TIMEx_MasterConfigSynchronization
 .text.HAL_TIMEx_ConfigBreakDeadTime
                0x08004d34      0x138 cmake/stm32cubemx/CMakeFiles/STM32_Drivers.dir/__/__/Drivers/STM32G0xx_HAL_Driver/Src/stm32g0xx_hal_tim_ex.c.obj
                0x08004d34                HAL_TIMEx_ConfigBreakDeadTime
 .text.HAL_PCD_Init
                0x08004e6c      0x1f4 cmake/stm32cubemx/CMakeFiles/STM32_Drivers.dir/__/__/Drivers/STM32G0xx_HAL_Driver/Src/stm32g0xx_hal_pcd.c.obj
                0x08004e6c                HAL_PCD_Init
 .text.HAL_PCDEx_ActivateLPM
                0x08005060       0x44 cmake/stm32cubemx/CMakeFiles/STM32_Drivers.dir/__/__/Drivers/STM32G0xx_HAL_Driver/Src/stm32g0xx_hal_pcd_ex.c.obj
                0x08005060                HAL_PCDEx_ActivateLPM
 .text.USB_DisableGlobalInt
                0x080050a4       0x28 cmake/stm32cubemx/CMakeFiles/STM32_Drivers.dir/__/__/Drivers/STM32G0xx_HAL_Driver/Src/stm32g0xx_ll_usb.c.obj
                0x080050a4                USB_DisableGlobalInt
 .text.USB_SetCurrentMode
                0x080050cc       0x4a cmake/stm32cubemx/CMakeFiles/STM32_Drivers.dir/__/__/Drivers/STM32G0xx_HAL_Driver/Src/stm32g0xx_ll_usb.c.obj
                0x080050cc                USB_SetCurrentMode
 .text.USB_DevInit
                0x08005116       0x56 cmake/stm32cubemx/CMakeFiles/STM32_Drivers.dir/__/__/Drivers/STM32G0xx_HAL_Driver/Src/stm32g0xx_ll_usb.c.obj
                0x08005116                USB_DevInit
 .text.main     0x0800516c      0x244 CMakeFiles/SwitchSense-Front.dir/Core/Src/main.c.obj
                0x0800516c                main
 .text.SystemClock_Config
                0x080053b0       0xd4 CMakeFiles/SwitchSense-Front.dir/Core/Src/main.c.obj
                0x080053b0                SystemClock_Config
 .text.MX_ADC1_Init
                0x08005484      0x130 CMakeFiles/SwitchSense-Front.dir/Core/Src/main.c.obj
 .text.MX_FDCAN1_Init
                0x080055b4       0x90 CMakeFiles/SwitchSense-Front.dir/Core/Src/main.c.obj
 .text.MX_FDCAN2_Init
                0x08005644       0x90 CMakeFiles/SwitchSense-Front.dir/Core/Src/main.c.obj
 .text.MX_RTC_Init
                0x080056d4       0x5c CMakeFiles/SwitchSense-Front.dir/Core/Src/main.c.obj
 .text.MX_TIM1_Init
                0x08005730      0x180 CMakeFiles/SwitchSense-Front.dir/Core/Src/main.c.obj
 .text.MX_TIM2_Init
                0x080058b0       0xe8 CMakeFiles/SwitchSense-Front.dir/Core/Src/main.c.obj
 .text.MX_TIM3_Init
                0x08005998       0xec CMakeFiles/SwitchSense-Front.dir/Core/Src/main.c.obj
 .text.MX_TIM4_Init
                0x08005a84      0x100 CMakeFiles/SwitchSense-Front.dir/Core/Src/main.c.obj
 .text.MX_TIM15_Init
                0x08005b84      0x148 CMakeFiles/SwitchSense-Front.dir/Core/Src/main.c.obj
 .text.MX_USB_DRD_FS_PCD_Init
                0x08005ccc       0x6c CMakeFiles/SwitchSense-Front.dir/Core/Src/main.c.obj
 .text.MX_DMA_Init
                0x08005d38       0x3c CMakeFiles/SwitchSense-Front.dir/Core/Src/main.c.obj
 .text.MX_GPIO_Init
                0x08005d74      0x138 CMakeFiles/SwitchSense-Front.dir/Core/Src/main.c.obj
 .text.Error_Handler
                0x08005eac        0xc CMakeFiles/SwitchSense-Front.dir/Core/Src/main.c.obj
                0x08005eac                Error_Handler
 .text.NMI_Handler
                0x08005eb8        0x8 CMakeFiles/SwitchSense-Front.dir/Core/Src/stm32g0xx_it.c.obj
                0x08005eb8                NMI_Handler
 .text.HardFault_Handler
                0x08005ec0        0x8 CMakeFiles/SwitchSense-Front.dir/Core/Src/stm32g0xx_it.c.obj
                0x08005ec0                HardFault_Handler
 .text.SVC_Handler
                0x08005ec8        0xa CMakeFiles/SwitchSense-Front.dir/Core/Src/stm32g0xx_it.c.obj
                0x08005ec8                SVC_Handler
 .text.PendSV_Handler
                0x08005ed2        0xa CMakeFiles/SwitchSense-Front.dir/Core/Src/stm32g0xx_it.c.obj
                0x08005ed2                PendSV_Handler
 .text.SysTick_Handler
                0x08005edc        0xe CMakeFiles/SwitchSense-Front.dir/Core/Src/stm32g0xx_it.c.obj
                0x08005edc                SysTick_Handler
 *fill*         0x08005eea        0x2 
 .text.DMA1_Channel1_IRQHandler
                0x08005eec       0x18 CMakeFiles/SwitchSense-Front.dir/Core/Src/stm32g0xx_it.c.obj
                0x08005eec                DMA1_Channel1_IRQHandler
 .text.ADC1_COMP_IRQHandler
                0x08005f04       0x18 CMakeFiles/SwitchSense-Front.dir/Core/Src/stm32g0xx_it.c.obj
                0x08005f04                ADC1_COMP_IRQHandler
 .text.HAL_MspInit
                0x08005f1c       0x50 CMakeFiles/SwitchSense-Front.dir/Core/Src/stm32g0xx_hal_msp.c.obj
                0x08005f1c                HAL_MspInit
 .text.HAL_ADC_MspInit
                0x08005f6c       0xf8 CMakeFiles/SwitchSense-Front.dir/Core/Src/stm32g0xx_hal_msp.c.obj
                0x08005f6c                HAL_ADC_MspInit
 .text.HAL_FDCAN_MspInit
                0x08006064      0x184 CMakeFiles/SwitchSense-Front.dir/Core/Src/stm32g0xx_hal_msp.c.obj
                0x08006064                HAL_FDCAN_MspInit
 .text.HAL_RTC_MspInit
                0x080061e8       0x7c CMakeFiles/SwitchSense-Front.dir/Core/Src/stm32g0xx_hal_msp.c.obj
                0x080061e8                HAL_RTC_MspInit
 .text.HAL_TIM_PWM_MspInit
                0x08006264      0x130 CMakeFiles/SwitchSense-Front.dir/Core/Src/stm32g0xx_hal_msp.c.obj
                0x08006264                HAL_TIM_PWM_MspInit
 .text.HAL_TIM_MspPostInit
                0x08006394      0x2a8 CMakeFiles/SwitchSense-Front.dir/Core/Src/stm32g0xx_hal_msp.c.obj
                0x08006394                HAL_TIM_MspPostInit
 .text.HAL_PCD_MspInit
                0x0800663c       0xb0 CMakeFiles/SwitchSense-Front.dir/Core/Src/stm32g0xx_hal_msp.c.obj
                0x0800663c                HAL_PCD_MspInit
 .text.Reset_Handler
                0x080066ec       0x50 CMakeFiles/SwitchSense-Front.dir/startup_stm32g0b1xx.s.obj
                0x080066ec                Reset_Handler
 .text.Default_Handler
                0x0800673c        0x2 CMakeFiles/SwitchSense-Front.dir/startup_stm32g0b1xx.s.obj
                0x0800673c                TIM1_BRK_UP_TRG_COM_IRQHandler
                0x0800673c                USART3_4_5_6_LPUART1_IRQHandler
                0x0800673c                TIM1_CC_IRQHandler
                0x0800673c                I2C1_IRQHandler
                0x0800673c                TIM7_LPTIM2_IRQHandler
                0x0800673c                TIM17_FDCAN_IT1_IRQHandler
                0x0800673c                DMA1_Ch4_7_DMA2_Ch1_5_DMAMUX1_OVR_IRQHandler
                0x0800673c                RCC_CRS_IRQHandler
                0x0800673c                RTC_TAMP_IRQHandler
                0x0800673c                SPI1_IRQHandler
                0x0800673c                USB_UCPD1_2_IRQHandler
                0x0800673c                EXTI2_3_IRQHandler
                0x0800673c                USART2_LPUART2_IRQHandler
                0x0800673c                PVD_VDDIO2_IRQHandler
                0x0800673c                EXTI4_15_IRQHandler
                0x0800673c                Default_Handler
                0x0800673c                CEC_IRQHandler
                0x0800673c                TIM14_IRQHandler
                0x0800673c                TIM15_IRQHandler
                0x0800673c                TIM3_TIM4_IRQHandler
                0x0800673c                EXTI0_1_IRQHandler
                0x0800673c                SPI2_3_IRQHandler
                0x0800673c                TIM6_DAC_LPTIM1_IRQHandler
                0x0800673c                WWDG_IRQHandler
                0x0800673c                TIM2_IRQHandler
                0x0800673c                DMA1_Channel2_3_IRQHandler
                0x0800673c                FLASH_IRQHandler
                0x0800673c                USART1_IRQHandler
                0x0800673c                TIM16_FDCAN_IT0_IRQHandler
                0x0800673c                I2C2_3_IRQHandler
 .text.memset   0x0800673e       0x10 /Users/cywestbrook/Library/Application Support/stm32cube/bundles/gnu-tools-for-stm32/13.3.1+st.9/bin/../lib/gcc/arm-none-eabi/13.3.1/../../../../arm-none-eabi/lib/thumb/v6-m/nofp/libg_nano.a(libc_a-memset.o)
                0x0800673e                memset
 *fill*         0x0800674e        0x2 
 .text.__libc_init_array
                0x08006750       0x48 /Users/cywestbrook/Library/Application Support/stm32cube/bundles/gnu-tools-for-stm32/13.3.1+st.9/bin/../lib/gcc/arm-none-eabi/13.3.1/../../../../arm-none-eabi/lib/thumb/v6-m/nofp/libg_nano.a(libc_a-init.o)
                0x08006750                __libc_init_array
 *(.glue_7)
 .glue_7        0x08006798        0x0 linker stubs
 *(.glue_7t)
 .glue_7t       0x08006798        0x0 linker stubs
 *(.eh_frame)
 .eh_frame      0x08006798        0x0 /Users/cywestbrook/Library/Application Support/stm32cube/bundles/gnu-tools-for-stm32/13.3.1+st.9/bin/../lib/gcc/arm-none-eabi/13.3.1/thumb/v6-m/nofp/crtbegin.o
 *(.init)
 .init          0x08006798        0x4 /Users/cywestbrook/Library/Application Support/stm32cube/bundles/gnu-tools-for-stm32/13.3.1+st.9/bin/../lib/gcc/arm-none-eabi/13.3.1/thumb/v6-m/nofp/crti.o
                0x08006798                _init
 .init          0x0800679c        0x8 /Users/cywestbrook/Library/Application Support/stm32cube/bundles/gnu-tools-for-stm32/13.3.1+st.9/bin/../lib/gcc/arm-none-eabi/13.3.1/thumb/v6-m/nofp/crtn.o
 *(.fini)
 .fini          0x080067a4        0x4 /Users/cywestbrook/Library/Application Support/stm32cube/bundles/gnu-tools-for-stm32/13.3.1+st.9/bin/../lib/gcc/arm-none-eabi/13.3.1/thumb/v6-m/nofp/crti.o
                0x080067a4                _fini
 .fini          0x080067a8        0x8 /Users/cywestbrook/Library/Application Support/stm32cube/bundles/gnu-tools-for-stm32/13.3.1+st.9/bin/../lib/gcc/arm-none-eabi/13.3.1/thumb/v6-m/nofp/crtn.o
                0x080067b0                        . = ALIGN (0x4)
                0x080067b0                        _etext = .

.vfp11_veneer   0x080067b0        0x0
 .vfp11_veneer  0x080067b0        0x0 linker stubs

.v4_bx          0x080067b0        0x0
 .v4_bx         0x080067b0        0x0 linker stubs

.iplt           0x080067b0        0x0
 .iplt          0x080067b0        0x0 /Users/cywestbrook/Library/Application Support/stm32cube/bundles/gnu-tools-for-stm32/13.3.1+st.9/bin/../lib/gcc/arm-none-eabi/13.3.1/thumb/v6-m/nofp/crtbegin.o

.rodata         0x080067b0      0x110
                0x080067b0                        . = ALIGN (0x4)
 *(.rodata)
 .rodata        0x080067b0       0x7c /Users/cywestbrook/Library/Application Support/stm32cube/bundles/gnu-tools-for-stm32/13.3.1+st.9/bin/../lib/gcc/arm-none-eabi/13.3.1/thumb/v6-m/nofp/libgcc.a(divsf3.o)
 *(.rodata*)
 .rodata.AHBPrescTable
                0x0800682c       0x40 cmake/stm32cubemx/CMakeFiles/STM32_Drivers.dir/__/__/Core/Src/system_stm32g0xx.c.obj
                0x0800682c                AHBPrescTable
 .rodata.HAL_TIM_PWM_ConfigChannel
                0x0800686c       0x54 cmake/stm32cubemx/CMakeFiles/STM32_Drivers.dir/__/__/Drivers/STM32G0xx_HAL_Driver/Src/stm32g0xx_hal_tim.c.obj
                0x080068c0                        . = ALIGN (0x4)

.ARM.extab      0x080068c0        0x0
                0x080068c0                        . = ALIGN (0x4)
 *(.ARM.extab* .gnu.linkonce.armextab.*)
                0x080068c0                        . = ALIGN (0x4)

.ARM            0x080068c0        0x0
                0x080068c0                        . = ALIGN (0x4)
                0x080068c0                        __exidx_start = .
 *(.ARM.exidx*)
                0x080068c0                        __exidx_end = .
                0x080068c0                        . = ALIGN (0x4)

.preinit_array  0x080068c0        0x0
                0x080068c0                        . = ALIGN (0x4)
                0x080068c0                        PROVIDE (__preinit_array_start = .)
 *(.preinit_array*)
                0x080068c0                        PROVIDE (__preinit_array_end = .)
                0x080068c0                        . = ALIGN (0x4)

.init_array     0x080068c0        0x4
                0x080068c0                        . = ALIGN (0x4)
                0x080068c0                        PROVIDE (__init_array_start = .)
 *(SORT_BY_NAME(.init_array.*))
 *(.init_array*)
 .init_array    0x080068c0        0x4 /Users/cywestbrook/Library/Application Support/stm32cube/bundles/gnu-tools-for-stm32/13.3.1+st.9/bin/../lib/gcc/arm-none-eabi/13.3.1/thumb/v6-m/nofp/crtbegin.o
                0x080068c4                        PROVIDE (__init_array_end = .)
                0x080068c4                        . = ALIGN (0x4)

.fini_array     0x080068c4        0x4
                0x080068c4                        . = ALIGN (0x4)
                [!provide]                        PROVIDE (__fini_array_start = .)
 *(SORT_BY_NAME(.fini_array.*))
 *(.fini_array*)
 .fini_array    0x080068c4        0x4 /Users/cywestbrook/Library/Application Support/stm32cube/bundles/gnu-tools-for-stm32/13.3.1+st.9/bin/../lib/gcc/arm-none-eabi/13.3.1/thumb/v6-m/nofp/crtbegin.o
                [!provide]                        PROVIDE (__fini_array_end = .)
                0x080068c8                        . = ALIGN (0x4)
                0x080068c8                        _sidata = LOADADDR (.data)

.rel.dyn        0x080068c8        0x0
 .rel.iplt      0x080068c8        0x0 /Users/cywestbrook/Library/Application Support/stm32cube/bundles/gnu-tools-for-stm32/13.3.1+st.9/bin/../lib/gcc/arm-none-eabi/13.3.1/thumb/v6-m/nofp/crtbegin.o

.data           0x20000000        0xc load address 0x080068c8
                0x20000000                        . = ALIGN (0x4)
                0x20000000                        _sdata = .
 *(.data)
 *(.data*)
 .data.SystemCoreClock
                0x20000000        0x4 cmake/stm32cubemx/CMakeFiles/STM32_Drivers.dir/__/__/Core/Src/system_stm32g0xx.c.obj
                0x20000000                SystemCoreClock
 .data.uwTickPrio
                0x20000004        0x4 cmake/stm32cubemx/CMakeFiles/STM32_Drivers.dir/__/__/Drivers/STM32G0xx_HAL_Driver/Src/stm32g0xx_hal.c.obj
                0x20000004                uwTickPrio
 .data.uwTickFreq
                0x20000008        0x1 cmake/stm32cubemx/CMakeFiles/STM32_Drivers.dir/__/__/Drivers/STM32G0xx_HAL_Driver/Src/stm32g0xx_hal.c.obj
                0x20000008                uwTickFreq
 *(.RamFunc)
 *(.RamFunc*)
                0x2000000c                        . = ALIGN (0x4)
 *fill*         0x20000009        0x3 

.igot.plt       0x2000000c        0x0 load address 0x080068d4
 .igot.plt      0x2000000c        0x0 /Users/cywestbrook/Library/Application Support/stm32cube/bundles/gnu-tools-for-stm32/13.3.1+st.9/bin/../lib/gcc/arm-none-eabi/13.3.1/thumb/v6-m/nofp/crtbegin.o

.tdata          0x2000000c        0x0 load address 0x080068d4
 *(.tdata .tdata.* .gnu.linkonce.td.*)
                0x2000000c                        . = ALIGN (0x4)
                0x2000000c                        _edata = .
                [!provide]                        PROVIDE (__data_end = .)
                [!provide]                        PROVIDE (__tdata_end = .)
                [!provide]                        PROVIDE (__tdata_start = ADDR (.tdata))
                [!provide]                        PROVIDE (__tdata_size = (__tdata_end - __tdata_start))
                [!provide]                        PROVIDE (__data_start = ADDR (.data))
                [!provide]                        PROVIDE (__data_size = (__data_end - __data_start))
                [!provide]                        PROVIDE (__tdata_source = LOADADDR (.tdata))
                [!provide]                        PROVIDE (__tdata_source_end = (LOADADDR (.tdata) + SIZEOF (.tdata)))
                [!provide]                        PROVIDE (__tdata_source_size = (__tdata_source_end - __tdata_source))
                [!provide]                        PROVIDE (__data_source = LOADADDR (.data))
                [!provide]                        PROVIDE (__data_source_end = __tdata_source_end)
                [!provide]                        PROVIDE (__data_source_size = (__data_source_end - __data_source))

.tbss           0x2000000c        0x0 load address 0x080068d4
                0x2000000c                        _sbss = .
                0x2000000c                        __bss_start__ = _sbss
 *(.tbss .tbss.*)
                0x2000000c                        . = ALIGN (0x4)
                [!provide]                        PROVIDE (__tbss_end = .)
                [!provide]                        PROVIDE (__tbss_start = ADDR (.tbss))
                [!provide]                        PROVIDE (__tbss_size = (__tbss_end - __tbss_start))
                [!provide]                        PROVIDE (__tbss_offset = (ADDR (.tbss) - ADDR (.tdata)))
                [!provide]                        PROVIDE (__tls_base = __tdata_start)
                [!provide]                        PROVIDE (__tls_end = __tbss_end)
                [!provide]                        PROVIDE (__tls_size = (__tls_end - __tls_base))
                [!provide]                        PROVIDE (__tls_align = MAX (ALIGNOF (.tdata), ALIGNOF (.tbss)))
                [!provide]                        PROVIDE (__tls_size_align = (((__tls_size + __tls_align) - 0x1) & ~ ((__tls_align - 0x1))))
                [!provide]                        PROVIDE (__arm32_tls_tcb_offset = MAX (0x8, __tls_align))
                [!provide]                        PROVIDE (__arm64_tls_tcb_offset = MAX (0x10, __tls_align))

.bss            0x2000000c      0x65c load address 0x080068d4
 *(.bss)
 .bss           0x2000000c       0x1c /Users/cywestbrook/Library/Application Support/stm32cube/bundles/gnu-tools-for-stm32/13.3.1+st.9/bin/../lib/gcc/arm-none-eabi/13.3.1/thumb/v6-m/nofp/crtbegin.o
 *(.bss*)
 .bss.uwTick    0x20000028        0x4 cmake/stm32cubemx/CMakeFiles/STM32_Drivers.dir/__/__/Drivers/STM32G0xx_HAL_Driver/Src/stm32g0xx_hal.c.obj
                0x20000028                uwTick
 .bss.hadc1     0x2000002c       0x64 CMakeFiles/SwitchSense-Front.dir/Core/Src/main.c.obj
                0x2000002c                hadc1
 .bss.hdma_adc1
                0x20000090       0x60 CMakeFiles/SwitchSense-Front.dir/Core/Src/main.c.obj
                0x20000090                hdma_adc1
 .bss.hfdcan1   0x200000f0       0x64 CMakeFiles/SwitchSense-Front.dir/Core/Src/main.c.obj
                0x200000f0                hfdcan1
 .bss.hfdcan2   0x20000154       0x64 CMakeFiles/SwitchSense-Front.dir/Core/Src/main.c.obj
                0x20000154                hfdcan2
 .bss.hrtc      0x200001b8       0x2c CMakeFiles/SwitchSense-Front.dir/Core/Src/main.c.obj
                0x200001b8                hrtc
 .bss.htim1     0x200001e4       0x4c CMakeFiles/SwitchSense-Front.dir/Core/Src/main.c.obj
                0x200001e4                htim1
 .bss.htim2     0x20000230       0x4c CMakeFiles/SwitchSense-Front.dir/Core/Src/main.c.obj
                0x20000230                htim2
 .bss.htim3     0x2000027c       0x4c CMakeFiles/SwitchSense-Front.dir/Core/Src/main.c.obj
                0x2000027c                htim3
 .bss.htim4     0x200002c8       0x4c CMakeFiles/SwitchSense-Front.dir/Core/Src/main.c.obj
                0x200002c8                htim4
 .bss.htim15    0x20000314       0x4c CMakeFiles/SwitchSense-Front.dir/Core/Src/main.c.obj
                0x20000314                htim15
 .bss.hpcd_USB_DRD_FS
                0x20000360      0x2e0 CMakeFiles/SwitchSense-Front.dir/Core/Src/main.c.obj
                0x20000360                hpcd_USB_DRD_FS
 .bss.adc_buf   0x20000640        0x8 CMakeFiles/SwitchSense-Front.dir/Core/Src/main.c.obj
                0x20000640                adc_buf
 .bss.V_SENSE_5
                0x20000648        0x2 CMakeFiles/SwitchSense-Front.dir/Core/Src/main.c.obj
                0x20000648                V_SENSE_5
 .bss.V_SENSE_12
                0x2000064a        0x2 CMakeFiles/SwitchSense-Front.dir/Core/Src/main.c.obj
                0x2000064a                V_SENSE_12
 .bss.v_sense_5
                0x2000064c        0x4 CMakeFiles/SwitchSense-Front.dir/Core/Src/main.c.obj
                0x2000064c                v_sense_5
 .bss.v_sense_12
                0x20000650        0x4 CMakeFiles/SwitchSense-Front.dir/Core/Src/main.c.obj
                0x20000650                v_sense_12
 .bss.in_1      0x20000654        0x1 CMakeFiles/SwitchSense-Front.dir/Core/Src/main.c.obj
                0x20000654                in_1
 .bss.in_10     0x20000655        0x1 CMakeFiles/SwitchSense-Front.dir/Core/Src/main.c.obj
                0x20000655                in_10
 *fill*         0x20000656        0x2 
 .bss.led_state
                0x20000658        0x4 CMakeFiles/SwitchSense-Front.dir/Core/Src/main.c.obj
                0x20000658                led_state
 .bss.out_1_state
                0x2000065c        0x1 CMakeFiles/SwitchSense-Front.dir/Core/Src/main.c.obj
                0x2000065c                out_1_state
 *fill*         0x2000065d        0x3 
 .bss.out_1_toggle_tick
                0x20000660        0x4 CMakeFiles/SwitchSense-Front.dir/Core/Src/main.c.obj
                0x20000660                out_1_toggle_tick
 .bss.HAL_RCC_FDCAN_CLK_ENABLED
                0x20000664        0x4 CMakeFiles/SwitchSense-Front.dir/Core/Src/stm32g0xx_hal_msp.c.obj
 *(COMMON)
                0x20000668                        . = ALIGN (0x4)
                0x20000668                        _ebss = .
                0x20000668                        __bss_end__ = _ebss
                [!provide]                        PROVIDE (__bss_end = .)
                [!provide]                        PROVIDE (__non_tls_bss_start = ADDR (.bss))
                [!provide]                        PROVIDE (__bss_start = __tbss_start)
                [!provide]                        PROVIDE (__bss_size = (__bss_end - __bss_start))

._user_heap_stack
                0x20000668      0x600 load address 0x080068d4
                0x20000668                        . = ALIGN (0x8)
                [!provide]                        PROVIDE (end = .)
                0x20000668                        PROVIDE (_end = .)
                0x20000868                        . = (. + _Min_Heap_Size)
 *fill*         0x20000668      0x200 
                0x20000c68                        . = (. + _Min_Stack_Size)
 *fill*         0x20000868      0x400 
                0x20000c68                        . = ALIGN (0x8)

/DISCARD/
 libc.a:*(*)
 libm.a:*(*)
 libgcc.a:*(*)
OUTPUT(SwitchSense-Front.elf elf32-littlearm)
LOAD linker stubs

.ARM.attributes
                0x00000000       0x28
 .ARM.attributes
                0x00000000       0x1e /Users/cywestbrook/Library/Application Support/stm32cube/bundles/gnu-tools-for-stm32/13.3.1+st.9/bin/../lib/gcc/arm-none-eabi/13.3.1/thumb/v6-m/nofp/crti.o
 .ARM.attributes
                0x0000001e       0x2c /Users/cywestbrook/Library/Application Support/stm32cube/bundles/gnu-tools-for-stm32/13.3.1+st.9/bin/../lib/gcc/arm-none-eabi/13.3.1/thumb/v6-m/nofp/crtbegin.o
 .ARM.attributes
                0x0000004a       0x2c cmake/stm32cubemx/CMakeFiles/STM32_Drivers.dir/__/__/Core/Src/system_stm32g0xx.c.obj
 .ARM.attributes
                0x00000076       0x2c cmake/stm32cubemx/CMakeFiles/STM32_Drivers.dir/__/__/Drivers/STM32G0xx_HAL_Driver/Src/stm32g0xx_hal_adc.c.obj
 .ARM.attributes
                0x000000a2       0x2c cmake/stm32cubemx/CMakeFiles/STM32_Drivers.dir/__/__/Drivers/STM32G0xx_HAL_Driver/Src/stm32g0xx_hal_adc_ex.c.obj
 .ARM.attributes
                0x000000ce       0x2c cmake/stm32cubemx/CMakeFiles/STM32_Drivers.dir/__/__/Drivers/STM32G0xx_HAL_Driver/Src/stm32g0xx_hal_rcc.c.obj
 .ARM.attributes
                0x000000fa       0x2c cmake/stm32cubemx/CMakeFiles/STM32_Drivers.dir/__/__/Drivers/STM32G0xx_HAL_Driver/Src/stm32g0xx_hal_rcc_ex.c.obj
 .ARM.attributes
                0x00000126       0x2c cmake/stm32cubemx/CMakeFiles/STM32_Drivers.dir/__/__/Drivers/STM32G0xx_HAL_Driver/Src/stm32g0xx_hal_gpio.c.obj
 .ARM.attributes
                0x00000152       0x2c cmake/stm32cubemx/CMakeFiles/STM32_Drivers.dir/__/__/Drivers/STM32G0xx_HAL_Driver/Src/stm32g0xx_hal_dma.c.obj
 .ARM.attributes
                0x0000017e       0x2c cmake/stm32cubemx/CMakeFiles/STM32_Drivers.dir/__/__/Drivers/STM32G0xx_HAL_Driver/Src/stm32g0xx_hal_pwr.c.obj
 .ARM.attributes
                0x000001aa       0x2c cmake/stm32cubemx/CMakeFiles/STM32_Drivers.dir/__/__/Drivers/STM32G0xx_HAL_Driver/Src/stm32g0xx_hal_pwr_ex.c.obj
 .ARM.attributes
                0x000001d6       0x2c cmake/stm32cubemx/CMakeFiles/STM32_Drivers.dir/__/__/Drivers/STM32G0xx_HAL_Driver/Src/stm32g0xx_hal_cortex.c.obj
 .ARM.attributes
                0x00000202       0x2c cmake/stm32cubemx/CMakeFiles/STM32_Drivers.dir/__/__/Drivers/STM32G0xx_HAL_Driver/Src/stm32g0xx_hal.c.obj
 .ARM.attributes
                0x0000022e       0x2c cmake/stm32cubemx/CMakeFiles/STM32_Drivers.dir/__/__/Drivers/STM32G0xx_HAL_Driver/Src/stm32g0xx_hal_fdcan.c.obj
 .ARM.attributes
                0x0000025a       0x2c cmake/stm32cubemx/CMakeFiles/STM32_Drivers.dir/__/__/Drivers/STM32G0xx_HAL_Driver/Src/stm32g0xx_hal_rtc.c.obj
 .ARM.attributes
                0x00000286       0x2c cmake/stm32cubemx/CMakeFiles/STM32_Drivers.dir/__/__/Drivers/STM32G0xx_HAL_Driver/Src/stm32g0xx_hal_rtc_ex.c.obj
 .ARM.attributes
                0x000002b2       0x2c cmake/stm32cubemx/CMakeFiles/STM32_Drivers.dir/__/__/Drivers/STM32G0xx_HAL_Driver/Src/stm32g0xx_hal_tim.c.obj
 .ARM.attributes
                0x000002de       0x2c cmake/stm32cubemx/CMakeFiles/STM32_Drivers.dir/__/__/Drivers/STM32G0xx_HAL_Driver/Src/stm32g0xx_hal_tim_ex.c.obj
 .ARM.attributes
                0x0000030a       0x2c cmake/stm32cubemx/CMakeFiles/STM32_Drivers.dir/__/__/Drivers/STM32G0xx_HAL_Driver/Src/stm32g0xx_hal_pcd.c.obj
 .ARM.attributes
                0x00000336       0x2c cmake/stm32cubemx/CMakeFiles/STM32_Drivers.dir/__/__/Drivers/STM32G0xx_HAL_Driver/Src/stm32g0xx_hal_pcd_ex.c.obj
 .ARM.attributes
                0x00000362       0x2c cmake/stm32cubemx/CMakeFiles/STM32_Drivers.dir/__/__/Drivers/STM32G0xx_HAL_Driver/Src/stm32g0xx_ll_usb.c.obj
 .ARM.attributes
                0x0000038e       0x2c CMakeFiles/SwitchSense-Front.dir/Core/Src/main.c.obj
 .ARM.attributes
                0x000003ba       0x2c CMakeFiles/SwitchSense-Front.dir/Core/Src/stm32g0xx_it.c.obj
 .ARM.attributes
                0x000003e6       0x2c CMakeFiles/SwitchSense-Front.dir/Core/Src/stm32g0xx_hal_msp.c.obj
 .ARM.attributes
                0x00000412       0x22 CMakeFiles/SwitchSense-Front.dir/startup_stm32g0b1xx.s.obj
 .ARM.attributes
                0x00000434       0x1e /Users/cywestbrook/Library/Application Support/stm32cube/bundles/gnu-tools-for-stm32/13.3.1+st.9/bin/../lib/gcc/arm-none-eabi/13.3.1/thumb/v6-m/nofp/libgcc.a(_udivsi3.o)
 .ARM.attributes
                0x00000452       0x1e /Users/cywestbrook/Library/Application Support/stm32cube/bundles/gnu-tools-for-stm32/13.3.1+st.9/bin/../lib/gcc/arm-none-eabi/13.3.1/thumb/v6-m/nofp/libgcc.a(_dvmd_tls.o)
 .ARM.attributes
                0x00000470       0x2c /Users/cywestbrook/Library/Application Support/stm32cube/bundles/gnu-tools-for-stm32/13.3.1+st.9/bin/../lib/gcc/arm-none-eabi/13.3.1/thumb/v6-m/nofp/libgcc.a(addsf3.o)
 .ARM.attributes
                0x0000049c       0x2c /Users/cywestbrook/Library/Application Support/stm32cube/bundles/gnu-tools-for-stm32/13.3.1+st.9/bin/../lib/gcc/arm-none-eabi/13.3.1/thumb/v6-m/nofp/libgcc.a(divsf3.o)
 .ARM.attributes
                0x000004c8       0x2c /Users/cywestbrook/Library/Application Support/stm32cube/bundles/gnu-tools-for-stm32/13.3.1+st.9/bin/../lib/gcc/arm-none-eabi/13.3.1/thumb/v6-m/nofp/libgcc.a(mulsf3.o)
 .ARM.attributes
                0x000004f4       0x2c /Users/cywestbrook/Library/Application Support/stm32cube/bundles/gnu-tools-for-stm32/13.3.1+st.9/bin/../lib/gcc/arm-none-eabi/13.3.1/thumb/v6-m/nofp/libgcc.a(floatsisf.o)
 .ARM.attributes
                0x00000520       0x1e /Users/cywestbrook/Library/Application Support/stm32cube/bundles/gnu-tools-for-stm32/13.3.1+st.9/bin/../lib/gcc/arm-none-eabi/13.3.1/thumb/v6-m/nofp/libgcc.a(_clzsi2.o)
 .ARM.attributes
                0x0000053e       0x2c /Users/cywestbrook/Library/Application Support/stm32cube/bundles/gnu-tools-for-stm32/13.3.1+st.9/bin/../lib/gcc/arm-none-eabi/13.3.1/../../../../arm-none-eabi/lib/thumb/v6-m/nofp/libg_nano.a(libc_a-memset.o)
 .ARM.attributes
                0x0000056a       0x2c /Users/cywestbrook/Library/Application Support/stm32cube/bundles/gnu-tools-for-stm32/13.3.1+st.9/bin/../lib/gcc/arm-none-eabi/13.3.1/../../../../arm-none-eabi/lib/thumb/v6-m/nofp/libg_nano.a(libc_a-init.o)
 .ARM.attributes
                0x00000596       0x1e /Users/cywestbrook/Library/Application Support/stm32cube/bundles/gnu-tools-for-stm32/13.3.1+st.9/bin/../lib/gcc/arm-none-eabi/13.3.1/thumb/v6-m/nofp/crtn.o

.comment        0x00000000       0x43
 .comment       0x00000000       0x43 cmake/stm32cubemx/CMakeFiles/STM32_Drivers.dir/__/__/Core/Src/system_stm32g0xx.c.obj
                                 0x44 (size before relaxing)
 .comment       0x00000043        0x0 cmake/stm32cubemx/CMakeFiles/STM32_Drivers.dir/__/__/Drivers/STM32G0xx_HAL_Driver/Src/stm32g0xx_hal_adc.c.obj
                                 0x44 (size before relaxing)
 .comment       0x00000043        0x0 cmake/stm32cubemx/CMakeFiles/STM32_Drivers.dir/__/__/Drivers/STM32G0xx_HAL_Driver/Src/stm32g0xx_hal_adc_ex.c.obj
                                 0x44 (size before relaxing)
 .comment       0x00000043        0x0 cmake/stm32cubemx/CMakeFiles/STM32_Drivers.dir/__/__/Drivers/STM32G0xx_HAL_Driver/Src/stm32g0xx_hal_rcc.c.obj
                                 0x44 (size before relaxing)
 .comment       0x00000043        0x0 cmake/stm32cubemx/CMakeFiles/STM32_Drivers.dir/__/__/Drivers/STM32G0xx_HAL_Driver/Src/stm32g0xx_hal_rcc_ex.c.obj
                                 0x44 (size before relaxing)
 .comment       0x00000043        0x0 cmake/stm32cubemx/CMakeFiles/STM32_Drivers.dir/__/__/Drivers/STM32G0xx_HAL_Driver/Src/stm32g0xx_hal_gpio.c.obj
                                 0x44 (size before relaxing)
 .comment       0x00000043        0x0 cmake/stm32cubemx/CMakeFiles/STM32_Drivers.dir/__/__/Drivers/STM32G0xx_HAL_Driver/Src/stm32g0xx_hal_dma.c.obj
                                 0x44 (size before relaxing)
 .comment       0x00000043        0x0 cmake/stm32cubemx/CMakeFiles/STM32_Drivers.dir/__/__/Drivers/STM32G0xx_HAL_Driver/Src/stm32g0xx_hal_pwr.c.obj
                                 0x44 (size before relaxing)
 .comment       0x00000043        0x0 cmake/stm32cubemx/CMakeFiles/STM32_Drivers.dir/__/__/Drivers/STM32G0xx_HAL_Driver/Src/stm32g0xx_hal_pwr_ex.c.obj
                                 0x44 (size before relaxing)
 .comment       0x00000043        0x0 cmake/stm32cubemx/CMakeFiles/STM32_Drivers.dir/__/__/Drivers/STM32G0xx_HAL_Driver/Src/stm32g0xx_hal_cortex.c.obj
                                 0x44 (size before relaxing)
 .comment       0x00000043        0x0 cmake/stm32cubemx/CMakeFiles/STM32_Drivers.dir/__/__/Drivers/STM32G0xx_HAL_Driver/Src/stm32g0xx_hal.c.obj
                                 0x44 (size before relaxing)
 .comment       0x00000043        0x0 cmake/stm32cubemx/CMakeFiles/STM32_Drivers.dir/__/__/Drivers/STM32G0xx_HAL_Driver/Src/stm32g0xx_hal_fdcan.c.obj
                                 0x44 (size before relaxing)
 .comment       0x00000043        0x0 cmake/stm32cubemx/CMakeFiles/STM32_Drivers.dir/__/__/Drivers/STM32G0xx_HAL_Driver/Src/stm32g0xx_hal_rtc.c.obj
                                 0x44 (size before relaxing)
 .comment       0x00000043        0x0 cmake/stm32cubemx/CMakeFiles/STM32_Drivers.dir/__/__/Drivers/STM32G0xx_HAL_Driver/Src/stm32g0xx_hal_rtc_ex.c.obj
                                 0x44 (size before relaxing)
 .comment       0x00000043        0x0 cmake/stm32cubemx/CMakeFiles/STM32_Drivers.dir/__/__/Drivers/STM32G0xx_HAL_Driver/Src/stm32g0xx_hal_tim.c.obj
                                 0x44 (size before relaxing)
 .comment       0x00000043        0x0 cmake/stm32cubemx/CMakeFiles/STM32_Drivers.dir/__/__/Drivers/STM32G0xx_HAL_Driver/Src/stm32g0xx_hal_tim_ex.c.obj
                                 0x44 (size before relaxing)
 .comment       0x00000043        0x0 cmake/stm32cubemx/CMakeFiles/STM32_Drivers.dir/__/__/Drivers/STM32G0xx_HAL_Driver/Src/stm32g0xx_hal_pcd.c.obj
                                 0x44 (size before relaxing)
 .comment       0x00000043        0x0 cmake/stm32cubemx/CMakeFiles/STM32_Drivers.dir/__/__/Drivers/STM32G0xx_HAL_Driver/Src/stm32g0xx_hal_pcd_ex.c.obj
                                 0x44 (size before relaxing)
 .comment       0x00000043        0x0 cmake/stm32cubemx/CMakeFiles/STM32_Drivers.dir/__/__/Drivers/STM32G0xx_HAL_Driver/Src/stm32g0xx_ll_usb.c.obj
                                 0x44 (size before relaxing)
 .comment       0x00000043        0x0 CMakeFiles/SwitchSense-Front.dir/Core/Src/main.c.obj
                                 0x44 (size before relaxing)
 .comment       0x00000043        0x0 CMakeFiles/SwitchSense-Front.dir/Core/Src/stm32g0xx_it.c.obj
                                 0x44 (size before relaxing)
 .comment       0x00000043        0x0 CMakeFiles/SwitchSense-Front.dir/Core/Src/stm32g0xx_hal_msp.c.obj
                                 0x44 (size before relaxing)
 .comment       0x00000043        0x0 /Users/cywestbrook/Library/Application Support/stm32cube/bundles/gnu-tools-for-stm32/13.3.1+st.9/bin/../lib/gcc/arm-none-eabi/13.3.1/../../../../arm-none-eabi/lib/thumb/v6-m/nofp/libg_nano.a(libc_a-memset.o)
                                 0x44 (size before relaxing)
 .comment       0x00000043        0x0 /Users/cywestbrook/Library/Application Support/stm32cube/bundles/gnu-tools-for-stm32/13.3.1+st.9/bin/../lib/gcc/arm-none-eabi/13.3.1/../../../../arm-none-eabi/lib/thumb/v6-m/nofp/libg_nano.a(libc_a-init.o)
                                 0x44 (size before relaxing)

.debug_info     0x00000000    0x167da
 .debug_info    0x00000000      0x316 cmake/stm32cubemx/CMakeFiles/STM32_Drivers.dir/__/__/Core/Src/system_stm32g0xx.c.obj
 .debug_info    0x00000316     0x15cf cmake/stm32cubemx/CMakeFiles/STM32_Drivers.dir/__/__/Drivers/STM32G0xx_HAL_Driver/Src/stm32g0xx_hal_adc.c.obj
 .debug_info    0x000018e5      0xb8e cmake/stm32cubemx/CMakeFiles/STM32_Drivers.dir/__/__/Drivers/STM32G0xx_HAL_Driver/Src/stm32g0xx_hal_adc_ex.c.obj
 .debug_info    0x00002473      0xbb4 cmake/stm32cubemx/CMakeFiles/STM32_Drivers.dir/__/__/Drivers/STM32G0xx_HAL_Driver/Src/stm32g0xx_hal_rcc.c.obj
 .debug_info    0x00003027      0xa59 cmake/stm32cubemx/CMakeFiles/STM32_Drivers.dir/__/__/Drivers/STM32G0xx_HAL_Driver/Src/stm32g0xx_hal_rcc_ex.c.obj
 .debug_info    0x00003a80      0x5e8 cmake/stm32cubemx/CMakeFiles/STM32_Drivers.dir/__/__/Drivers/STM32G0xx_HAL_Driver/Src/stm32g0xx_hal_gpio.c.obj
 .debug_info    0x00004068      0x869 cmake/stm32cubemx/CMakeFiles/STM32_Drivers.dir/__/__/Drivers/STM32G0xx_HAL_Driver/Src/stm32g0xx_hal_dma.c.obj
 .debug_info    0x000048d1      0x5aa cmake/stm32cubemx/CMakeFiles/STM32_Drivers.dir/__/__/Drivers/STM32G0xx_HAL_Driver/Src/stm32g0xx_hal_pwr.c.obj
 .debug_info    0x00004e7b      0x8c1 cmake/stm32cubemx/CMakeFiles/STM32_Drivers.dir/__/__/Drivers/STM32G0xx_HAL_Driver/Src/stm32g0xx_hal_pwr_ex.c.obj
 .debug_info    0x0000573c      0x8d9 cmake/stm32cubemx/CMakeFiles/STM32_Drivers.dir/__/__/Drivers/STM32G0xx_HAL_Driver/Src/stm32g0xx_hal_cortex.c.obj
 .debug_info    0x00006015      0xafa cmake/stm32cubemx/CMakeFiles/STM32_Drivers.dir/__/__/Drivers/STM32G0xx_HAL_Driver/Src/stm32g0xx_hal.c.obj
 .debug_info    0x00006b0f     0x1882 cmake/stm32cubemx/CMakeFiles/STM32_Drivers.dir/__/__/Drivers/STM32G0xx_HAL_Driver/Src/stm32g0xx_hal_fdcan.c.obj
 .debug_info    0x00008391      0xca5 cmake/stm32cubemx/CMakeFiles/STM32_Drivers.dir/__/__/Drivers/STM32G0xx_HAL_Driver/Src/stm32g0xx_hal_rtc.c.obj
 .debug_info    0x00009036     0x12a4 cmake/stm32cubemx/CMakeFiles/STM32_Drivers.dir/__/__/Drivers/STM32G0xx_HAL_Driver/Src/stm32g0xx_hal_rtc_ex.c.obj
 .debug_info    0x0000a2da     0x2c2f cmake/stm32cubemx/CMakeFiles/STM32_Drivers.dir/__/__/Drivers/STM32G0xx_HAL_Driver/Src/stm32g0xx_hal_tim.c.obj
 .debug_info    0x0000cf09     0x1923 cmake/stm32cubemx/CMakeFiles/STM32_Drivers.dir/__/__/Drivers/STM32G0xx_HAL_Driver/Src/stm32g0xx_hal_tim_ex.c.obj
 .debug_info    0x0000e82c     0x157f cmake/stm32cubemx/CMakeFiles/STM32_Drivers.dir/__/__/Drivers/STM32G0xx_HAL_Driver/Src/stm32g0xx_hal_pcd.c.obj
 .debug_info    0x0000fdab      0x7e7 cmake/stm32cubemx/CMakeFiles/STM32_Drivers.dir/__/__/Drivers/STM32G0xx_HAL_Driver/Src/stm32g0xx_hal_pcd_ex.c.obj
 .debug_info    0x00010592     0x1319 cmake/stm32cubemx/CMakeFiles/STM32_Drivers.dir/__/__/Drivers/STM32G0xx_HAL_Driver/Src/stm32g0xx_ll_usb.c.obj
 .debug_info    0x000118ab     0x248a CMakeFiles/SwitchSense-Front.dir/Core/Src/main.c.obj
 .debug_info    0x00013d35      0x7f2 CMakeFiles/SwitchSense-Front.dir/Core/Src/stm32g0xx_it.c.obj
 .debug_info    0x00014527     0x2098 CMakeFiles/SwitchSense-Front.dir/Core/Src/stm32g0xx_hal_msp.c.obj
 .debug_info    0x000165bf       0x30 CMakeFiles/SwitchSense-Front.dir/startup_stm32g0b1xx.s.obj
 .debug_info    0x000165ef       0xe0 /Users/cywestbrook/Library/Application Support/stm32cube/bundles/gnu-tools-for-stm32/13.3.1+st.9/bin/../lib/gcc/arm-none-eabi/13.3.1/../../../../arm-none-eabi/lib/thumb/v6-m/nofp/libg_nano.a(libc_a-memset.o)
 .debug_info    0x000166cf      0x10b /Users/cywestbrook/Library/Application Support/stm32cube/bundles/gnu-tools-for-stm32/13.3.1+st.9/bin/../lib/gcc/arm-none-eabi/13.3.1/../../../../arm-none-eabi/lib/thumb/v6-m/nofp/libg_nano.a(libc_a-init.o)

.debug_abbrev   0x00000000     0x3378
 .debug_abbrev  0x00000000      0x119 cmake/stm32cubemx/CMakeFiles/STM32_Drivers.dir/__/__/Core/Src/system_stm32g0xx.c.obj
 .debug_abbrev  0x00000119      0x276 cmake/stm32cubemx/CMakeFiles/STM32_Drivers.dir/__/__/Drivers/STM32G0xx_HAL_Driver/Src/stm32g0xx_hal_adc.c.obj
 .debug_abbrev  0x0000038f      0x242 cmake/stm32cubemx/CMakeFiles/STM32_Drivers.dir/__/__/Drivers/STM32G0xx_HAL_Driver/Src/stm32g0xx_hal_adc_ex.c.obj
 .debug_abbrev  0x000005d1      0x2aa cmake/stm32cubemx/CMakeFiles/STM32_Drivers.dir/__/__/Drivers/STM32G0xx_HAL_Driver/Src/stm32g0xx_hal_rcc.c.obj
 .debug_abbrev  0x0000087b      0x246 cmake/stm32cubemx/CMakeFiles/STM32_Drivers.dir/__/__/Drivers/STM32G0xx_HAL_Driver/Src/stm32g0xx_hal_rcc_ex.c.obj
 .debug_abbrev  0x00000ac1      0x1c8 cmake/stm32cubemx/CMakeFiles/STM32_Drivers.dir/__/__/Drivers/STM32G0xx_HAL_Driver/Src/stm32g0xx_hal_gpio.c.obj
 .debug_abbrev  0x00000c89      0x214 cmake/stm32cubemx/CMakeFiles/STM32_Drivers.dir/__/__/Drivers/STM32G0xx_HAL_Driver/Src/stm32g0xx_hal_dma.c.obj
 .debug_abbrev  0x00000e9d      0x172 cmake/stm32cubemx/CMakeFiles/STM32_Drivers.dir/__/__/Drivers/STM32G0xx_HAL_Driver/Src/stm32g0xx_hal_pwr.c.obj
 .debug_abbrev  0x0000100f      0x23c cmake/stm32cubemx/CMakeFiles/STM32_Drivers.dir/__/__/Drivers/STM32G0xx_HAL_Driver/Src/stm32g0xx_hal_pwr_ex.c.obj
 .debug_abbrev  0x0000124b      0x2ab cmake/stm32cubemx/CMakeFiles/STM32_Drivers.dir/__/__/Drivers/STM32G0xx_HAL_Driver/Src/stm32g0xx_hal_cortex.c.obj
 .debug_abbrev  0x000014f6      0x27f cmake/stm32cubemx/CMakeFiles/STM32_Drivers.dir/__/__/Drivers/STM32G0xx_HAL_Driver/Src/stm32g0xx_hal.c.obj
 .debug_abbrev  0x00001775      0x1eb cmake/stm32cubemx/CMakeFiles/STM32_Drivers.dir/__/__/Drivers/STM32G0xx_HAL_Driver/Src/stm32g0xx_hal_fdcan.c.obj
 .debug_abbrev  0x00001960      0x206 cmake/stm32cubemx/CMakeFiles/STM32_Drivers.dir/__/__/Drivers/STM32G0xx_HAL_Driver/Src/stm32g0xx_hal_rtc.c.obj
 .debug_abbrev  0x00001b66      0x24b cmake/stm32cubemx/CMakeFiles/STM32_Drivers.dir/__/__/Drivers/STM32G0xx_HAL_Driver/Src/stm32g0xx_hal_rtc_ex.c.obj
 .debug_abbrev  0x00001db1      0x28e cmake/stm32cubemx/CMakeFiles/STM32_Drivers.dir/__/__/Drivers/STM32G0xx_HAL_Driver/Src/stm32g0xx_hal_tim.c.obj
 .debug_abbrev  0x0000203f      0x297 cmake/stm32cubemx/CMakeFiles/STM32_Drivers.dir/__/__/Drivers/STM32G0xx_HAL_Driver/Src/stm32g0xx_hal_tim_ex.c.obj
 .debug_abbrev  0x000022d6      0x327 cmake/stm32cubemx/CMakeFiles/STM32_Drivers.dir/__/__/Drivers/STM32G0xx_HAL_Driver/Src/stm32g0xx_hal_pcd.c.obj
 .debug_abbrev  0x000025fd      0x22e cmake/stm32cubemx/CMakeFiles/STM32_Drivers.dir/__/__/Drivers/STM32G0xx_HAL_Driver/Src/stm32g0xx_hal_pcd_ex.c.obj
 .debug_abbrev  0x0000282b      0x29e cmake/stm32cubemx/CMakeFiles/STM32_Drivers.dir/__/__/Drivers/STM32G0xx_HAL_Driver/Src/stm32g0xx_ll_usb.c.obj
 .debug_abbrev  0x00002ac9      0x2d6 CMakeFiles/SwitchSense-Front.dir/Core/Src/main.c.obj
 .debug_abbrev  0x00002d9f      0x1a6 CMakeFiles/SwitchSense-Front.dir/Core/Src/stm32g0xx_it.c.obj
 .debug_abbrev  0x00002f45      0x2a8 CMakeFiles/SwitchSense-Front.dir/Core/Src/stm32g0xx_hal_msp.c.obj
 .debug_abbrev  0x000031ed       0x24 CMakeFiles/SwitchSense-Front.dir/startup_stm32g0b1xx.s.obj
 .debug_abbrev  0x00003211       0x9e /Users/cywestbrook/Library/Application Support/stm32cube/bundles/gnu-tools-for-stm32/13.3.1+st.9/bin/../lib/gcc/arm-none-eabi/13.3.1/../../../../arm-none-eabi/lib/thumb/v6-m/nofp/libg_nano.a(libc_a-memset.o)
 .debug_abbrev  0x000032af       0xc9 /Users/cywestbrook/Library/Application Support/stm32cube/bundles/gnu-tools-for-stm32/13.3.1+st.9/bin/../lib/gcc/arm-none-eabi/13.3.1/../../../../arm-none-eabi/lib/thumb/v6-m/nofp/libg_nano.a(libc_a-init.o)

.debug_aranges  0x00000000     0x16d8
 .debug_aranges
                0x00000000       0x28 cmake/stm32cubemx/CMakeFiles/STM32_Drivers.dir/__/__/Core/Src/system_stm32g0xx.c.obj
 .debug_aranges
                0x00000028      0x1f0 cmake/stm32cubemx/CMakeFiles/STM32_Drivers.dir/__/__/Drivers/STM32G0xx_HAL_Driver/Src/stm32g0xx_hal_adc.c.obj
 .debug_aranges
                0x00000218       0xb0 cmake/stm32cubemx/CMakeFiles/STM32_Drivers.dir/__/__/Drivers/STM32G0xx_HAL_Driver/Src/stm32g0xx_hal_adc_ex.c.obj
 .debug_aranges
                0x000002c8       0xa0 cmake/stm32cubemx/CMakeFiles/STM32_Drivers.dir/__/__/Drivers/STM32G0xx_HAL_Driver/Src/stm32g0xx_hal_rcc.c.obj
 .debug_aranges
                0x00000368       0x88 cmake/stm32cubemx/CMakeFiles/STM32_Drivers.dir/__/__/Drivers/STM32G0xx_HAL_Driver/Src/stm32g0xx_hal_rcc_ex.c.obj
 .debug_aranges
                0x000003f0       0x60 cmake/stm32cubemx/CMakeFiles/STM32_Drivers.dir/__/__/Drivers/STM32G0xx_HAL_Driver/Src/stm32g0xx_hal_gpio.c.obj
 .debug_aranges
                0x00000450       0x90 cmake/stm32cubemx/CMakeFiles/STM32_Drivers.dir/__/__/Drivers/STM32G0xx_HAL_Driver/Src/stm32g0xx_hal_dma.c.obj
 .debug_aranges
                0x000004e0       0x78 cmake/stm32cubemx/CMakeFiles/STM32_Drivers.dir/__/__/Drivers/STM32G0xx_HAL_Driver/Src/stm32g0xx_hal_pwr.c.obj
 .debug_aranges
                0x00000558      0x128 cmake/stm32cubemx/CMakeFiles/STM32_Drivers.dir/__/__/Drivers/STM32G0xx_HAL_Driver/Src/stm32g0xx_hal_pwr_ex.c.obj
 .debug_aranges
                0x00000680       0xe8 cmake/stm32cubemx/CMakeFiles/STM32_Drivers.dir/__/__/Drivers/STM32G0xx_HAL_Driver/Src/stm32g0xx_hal_cortex.c.obj
 .debug_aranges
                0x00000768      0x130 cmake/stm32cubemx/CMakeFiles/STM32_Drivers.dir/__/__/Drivers/STM32G0xx_HAL_Driver/Src/stm32g0xx_hal.c.obj
 .debug_aranges
                0x00000898      0x208 cmake/stm32cubemx/CMakeFiles/STM32_Drivers.dir/__/__/Drivers/STM32G0xx_HAL_Driver/Src/stm32g0xx_hal_fdcan.c.obj
 .debug_aranges
                0x00000aa0       0xe8 cmake/stm32cubemx/CMakeFiles/STM32_Drivers.dir/__/__/Drivers/STM32G0xx_HAL_Driver/Src/stm32g0xx_hal_rtc.c.obj
 .debug_aranges
                0x00000b88      0x178 cmake/stm32cubemx/CMakeFiles/STM32_Drivers.dir/__/__/Drivers/STM32G0xx_HAL_Driver/Src/stm32g0xx_hal_rtc_ex.c.obj
 .debug_aranges
                0x00000d00      0x3e0 cmake/stm32cubemx/CMakeFiles/STM32_Drivers.dir/__/__/Drivers/STM32G0xx_HAL_Driver/Src/stm32g0xx_hal_tim.c.obj
 .debug_aranges
                0x000010e0      0x198 cmake/stm32cubemx/CMakeFiles/STM32_Drivers.dir/__/__/Drivers/STM32G0xx_HAL_Driver/Src/stm32g0xx_hal_tim_ex.c.obj
 .debug_aranges
                0x00001278      0x150 cmake/stm32cubemx/CMakeFiles/STM32_Drivers.dir/__/__/Drivers/STM32G0xx_HAL_Driver/Src/stm32g0xx_hal_pcd.c.obj
 .debug_aranges
                0x000013c8       0x58 cmake/stm32cubemx/CMakeFiles/STM32_Drivers.dir/__/__/Drivers/STM32G0xx_HAL_Driver/Src/stm32g0xx_hal_pcd_ex.c.obj
 .debug_aranges
                0x00001420       0xf8 cmake/stm32cubemx/CMakeFiles/STM32_Drivers.dir/__/__/Drivers/STM32G0xx_HAL_Driver/Src/stm32g0xx_ll_usb.c.obj
 .debug_aranges
                0x00001518       0x90 CMakeFiles/SwitchSense-Front.dir/Core/Src/main.c.obj
 .debug_aranges
                0x000015a8       0x50 CMakeFiles/SwitchSense-Front.dir/Core/Src/stm32g0xx_it.c.obj
 .debug_aranges
                0x000015f8       0x78 CMakeFiles/SwitchSense-Front.dir/Core/Src/stm32g0xx_hal_msp.c.obj
 .debug_aranges
                0x00001670       0x28 CMakeFiles/SwitchSense-Front.dir/startup_stm32g0b1xx.s.obj
 .debug_aranges
                0x00001698       0x20 /Users/cywestbrook/Library/Application Support/stm32cube/bundles/gnu-tools-for-stm32/13.3.1+st.9/bin/../lib/gcc/arm-none-eabi/13.3.1/../../../../arm-none-eabi/lib/thumb/v6-m/nofp/libg_nano.a(libc_a-memset.o)
 .debug_aranges
                0x000016b8       0x20 /Users/cywestbrook/Library/Application Support/stm32cube/bundles/gnu-tools-for-stm32/13.3.1+st.9/bin/../lib/gcc/arm-none-eabi/13.3.1/../../../../arm-none-eabi/lib/thumb/v6-m/nofp/libg_nano.a(libc_a-init.o)

.debug_rnglists
                0x00000000     0x1193
 .debug_rnglists
                0x00000000       0x1a cmake/stm32cubemx/CMakeFiles/STM32_Drivers.dir/__/__/Core/Src/system_stm32g0xx.c.obj
 .debug_rnglists
                0x0000001a      0x17f cmake/stm32cubemx/CMakeFiles/STM32_Drivers.dir/__/__/Drivers/STM32G0xx_HAL_Driver/Src/stm32g0xx_hal_adc.c.obj
 .debug_rnglists
                0x00000199       0x81 cmake/stm32cubemx/CMakeFiles/STM32_Drivers.dir/__/__/Drivers/STM32G0xx_HAL_Driver/Src/stm32g0xx_hal_adc_ex.c.obj
 .debug_rnglists
                0x0000021a       0x79 cmake/stm32cubemx/CMakeFiles/STM32_Drivers.dir/__/__/Drivers/STM32G0xx_HAL_Driver/Src/stm32g0xx_hal_rcc.c.obj
 .debug_rnglists
                0x00000293       0x69 cmake/stm32cubemx/CMakeFiles/STM32_Drivers.dir/__/__/Drivers/STM32G0xx_HAL_Driver/Src/stm32g0xx_hal_rcc_ex.c.obj
 .debug_rnglists
                0x000002fc       0x45 cmake/stm32cubemx/CMakeFiles/STM32_Drivers.dir/__/__/Drivers/STM32G0xx_HAL_Driver/Src/stm32g0xx_hal_gpio.c.obj
 .debug_rnglists
                0x00000341       0x72 cmake/stm32cubemx/CMakeFiles/STM32_Drivers.dir/__/__/Drivers/STM32G0xx_HAL_Driver/Src/stm32g0xx_hal_dma.c.obj
 .debug_rnglists
                0x000003b3       0x55 cmake/stm32cubemx/CMakeFiles/STM32_Drivers.dir/__/__/Drivers/STM32G0xx_HAL_Driver/Src/stm32g0xx_hal_pwr.c.obj
 .debug_rnglists
                0x00000408       0xe0 cmake/stm32cubemx/CMakeFiles/STM32_Drivers.dir/__/__/Drivers/STM32G0xx_HAL_Driver/Src/stm32g0xx_hal_pwr_ex.c.obj
 .debug_rnglists
                0x000004e8       0xaa cmake/stm32cubemx/CMakeFiles/STM32_Drivers.dir/__/__/Drivers/STM32G0xx_HAL_Driver/Src/stm32g0xx_hal_cortex.c.obj
 .debug_rnglists
                0x00000592       0xe0 cmake/stm32cubemx/CMakeFiles/STM32_Drivers.dir/__/__/Drivers/STM32G0xx_HAL_Driver/Src/stm32g0xx_hal.c.obj
 .debug_rnglists
                0x00000672      0x18d cmake/stm32cubemx/CMakeFiles/STM32_Drivers.dir/__/__/Drivers/STM32G0xx_HAL_Driver/Src/stm32g0xx_hal_fdcan.c.obj
 .debug_rnglists
                0x000007ff       0xb5 cmake/stm32cubemx/CMakeFiles/STM32_Drivers.dir/__/__/Drivers/STM32G0xx_HAL_Driver/Src/stm32g0xx_hal_rtc.c.obj
 .debug_rnglists
                0x000008b4      0x126 cmake/stm32cubemx/CMakeFiles/STM32_Drivers.dir/__/__/Drivers/STM32G0xx_HAL_Driver/Src/stm32g0xx_hal_rtc_ex.c.obj
 .debug_rnglists
                0x000009da      0x32b cmake/stm32cubemx/CMakeFiles/STM32_Drivers.dir/__/__/Drivers/STM32G0xx_HAL_Driver/Src/stm32g0xx_hal_tim.c.obj
 .debug_rnglists
                0x00000d05      0x14e cmake/stm32cubemx/CMakeFiles/STM32_Drivers.dir/__/__/Drivers/STM32G0xx_HAL_Driver/Src/stm32g0xx_hal_tim_ex.c.obj
 .debug_rnglists
                0x00000e53      0x100 cmake/stm32cubemx/CMakeFiles/STM32_Drivers.dir/__/__/Drivers/STM32G0xx_HAL_Driver/Src/stm32g0xx_hal_pcd.c.obj
 .debug_rnglists
                0x00000f53       0x3f cmake/stm32cubemx/CMakeFiles/STM32_Drivers.dir/__/__/Drivers/STM32G0xx_HAL_Driver/Src/stm32g0xx_hal_pcd_ex.c.obj
 .debug_rnglists
                0x00000f92       0xbd cmake/stm32cubemx/CMakeFiles/STM32_Drivers.dir/__/__/Drivers/STM32G0xx_HAL_Driver/Src/stm32g0xx_ll_usb.c.obj
 .debug_rnglists
                0x0000104f       0x72 CMakeFiles/SwitchSense-Front.dir/Core/Src/main.c.obj
 .debug_rnglists
                0x000010c1       0x37 CMakeFiles/SwitchSense-Front.dir/Core/Src/stm32g0xx_it.c.obj
 .debug_rnglists
                0x000010f8       0x5c CMakeFiles/SwitchSense-Front.dir/Core/Src/stm32g0xx_hal_msp.c.obj
 .debug_rnglists
                0x00001154       0x19 CMakeFiles/SwitchSense-Front.dir/startup_stm32g0b1xx.s.obj
 .debug_rnglists
                0x0000116d       0x13 /Users/cywestbrook/Library/Application Support/stm32cube/bundles/gnu-tools-for-stm32/13.3.1+st.9/bin/../lib/gcc/arm-none-eabi/13.3.1/../../../../arm-none-eabi/lib/thumb/v6-m/nofp/libg_nano.a(libc_a-memset.o)
 .debug_rnglists
                0x00001180       0x13 /Users/cywestbrook/Library/Application Support/stm32cube/bundles/gnu-tools-for-stm32/13.3.1+st.9/bin/../lib/gcc/arm-none-eabi/13.3.1/../../../../arm-none-eabi/lib/thumb/v6-m/nofp/libg_nano.a(libc_a-init.o)

.debug_macro    0x00000000    0x1ed8d
 .debug_macro   0x00000000      0x23a cmake/stm32cubemx/CMakeFiles/STM32_Drivers.dir/__/__/Core/Src/system_stm32g0xx.c.obj
 .debug_macro   0x0000023a      0xaae cmake/stm32cubemx/CMakeFiles/STM32_Drivers.dir/__/__/Core/Src/system_stm32g0xx.c.obj
 .debug_macro   0x00000ce8       0x2e cmake/stm32cubemx/CMakeFiles/STM32_Drivers.dir/__/__/Core/Src/system_stm32g0xx.c.obj
 .debug_macro   0x00000d16       0x28 cmake/stm32cubemx/CMakeFiles/STM32_Drivers.dir/__/__/Core/Src/system_stm32g0xx.c.obj
 .debug_macro   0x00000d3e       0x22 cmake/stm32cubemx/CMakeFiles/STM32_Drivers.dir/__/__/Core/Src/system_stm32g0xx.c.obj
 .debug_macro   0x00000d60       0x8e cmake/stm32cubemx/CMakeFiles/STM32_Drivers.dir/__/__/Core/Src/system_stm32g0xx.c.obj
 .debug_macro   0x00000dee       0x51 cmake/stm32cubemx/CMakeFiles/STM32_Drivers.dir/__/__/Core/Src/system_stm32g0xx.c.obj
 .debug_macro   0x00000e3f      0x103 cmake/stm32cubemx/CMakeFiles/STM32_Drivers.dir/__/__/Core/Src/system_stm32g0xx.c.obj
 .debug_macro   0x00000f42       0x6a cmake/stm32cubemx/CMakeFiles/STM32_Drivers.dir/__/__/Core/Src/system_stm32g0xx.c.obj
 .debug_macro   0x00000fac      0x1df cmake/stm32cubemx/CMakeFiles/STM32_Drivers.dir/__/__/Core/Src/system_stm32g0xx.c.obj
 .debug_macro   0x0000118b       0x1c cmake/stm32cubemx/CMakeFiles/STM32_Drivers.dir/__/__/Core/Src/system_stm32g0xx.c.obj
 .debug_macro   0x000011a7       0x22 cmake/stm32cubemx/CMakeFiles/STM32_Drivers.dir/__/__/Core/Src/system_stm32g0xx.c.obj
 .debug_macro   0x000011c9       0xd1 cmake/stm32cubemx/CMakeFiles/STM32_Drivers.dir/__/__/Core/Src/system_stm32g0xx.c.obj
 .debug_macro   0x0000129a      0x4da cmake/stm32cubemx/CMakeFiles/STM32_Drivers.dir/__/__/Core/Src/system_stm32g0xx.c.obj
 .debug_macro   0x00001774      0x11f cmake/stm32cubemx/CMakeFiles/STM32_Drivers.dir/__/__/Core/Src/system_stm32g0xx.c.obj
 .debug_macro   0x00001893     0xf46a cmake/stm32cubemx/CMakeFiles/STM32_Drivers.dir/__/__/Core/Src/system_stm32g0xx.c.obj
 .debug_macro   0x00010cfd       0x66 cmake/stm32cubemx/CMakeFiles/STM32_Drivers.dir/__/__/Core/Src/system_stm32g0xx.c.obj
 .debug_macro   0x00010d63      0x13c cmake/stm32cubemx/CMakeFiles/STM32_Drivers.dir/__/__/Core/Src/system_stm32g0xx.c.obj
 .debug_macro   0x00010e9f     0x3527 cmake/stm32cubemx/CMakeFiles/STM32_Drivers.dir/__/__/Core/Src/system_stm32g0xx.c.obj
 .debug_macro   0x000143c6      0x190 cmake/stm32cubemx/CMakeFiles/STM32_Drivers.dir/__/__/Core/Src/system_stm32g0xx.c.obj
 .debug_macro   0x00014556       0x5c cmake/stm32cubemx/CMakeFiles/STM32_Drivers.dir/__/__/Core/Src/system_stm32g0xx.c.obj
 .debug_macro   0x000145b2      0x72c cmake/stm32cubemx/CMakeFiles/STM32_Drivers.dir/__/__/Core/Src/system_stm32g0xx.c.obj
 .debug_macro   0x00014cde     0x1579 cmake/stm32cubemx/CMakeFiles/STM32_Drivers.dir/__/__/Core/Src/system_stm32g0xx.c.obj
 .debug_macro   0x00016257      0x535 cmake/stm32cubemx/CMakeFiles/STM32_Drivers.dir/__/__/Core/Src/system_stm32g0xx.c.obj
 .debug_macro   0x0001678c      0x1cf cmake/stm32cubemx/CMakeFiles/STM32_Drivers.dir/__/__/Core/Src/system_stm32g0xx.c.obj
 .debug_macro   0x0001695b      0x25b cmake/stm32cubemx/CMakeFiles/STM32_Drivers.dir/__/__/Core/Src/system_stm32g0xx.c.obj
 .debug_macro   0x00016bb6      0x4f5 cmake/stm32cubemx/CMakeFiles/STM32_Drivers.dir/__/__/Core/Src/system_stm32g0xx.c.obj
 .debug_macro   0x000170ab      0x280 cmake/stm32cubemx/CMakeFiles/STM32_Drivers.dir/__/__/Core/Src/system_stm32g0xx.c.obj
 .debug_macro   0x0001732b      0x417 cmake/stm32cubemx/CMakeFiles/STM32_Drivers.dir/__/__/Core/Src/system_stm32g0xx.c.obj
 .debug_macro   0x00017742      0x1b2 cmake/stm32cubemx/CMakeFiles/STM32_Drivers.dir/__/__/Core/Src/system_stm32g0xx.c.obj
 .debug_macro   0x000178f4       0x43 cmake/stm32cubemx/CMakeFiles/STM32_Drivers.dir/__/__/Core/Src/system_stm32g0xx.c.obj
 .debug_macro   0x00017937      0x1f1 cmake/stm32cubemx/CMakeFiles/STM32_Drivers.dir/__/__/Core/Src/system_stm32g0xx.c.obj
 .debug_macro   0x00017b28      0x8bb cmake/stm32cubemx/CMakeFiles/STM32_Drivers.dir/__/__/Core/Src/system_stm32g0xx.c.obj
 .debug_macro   0x000183e3      0x5c9 cmake/stm32cubemx/CMakeFiles/STM32_Drivers.dir/__/__/Core/Src/system_stm32g0xx.c.obj
 .debug_macro   0x000189ac       0x2e cmake/stm32cubemx/CMakeFiles/STM32_Drivers.dir/__/__/Core/Src/system_stm32g0xx.c.obj
 .debug_macro   0x000189da      0x1e4 cmake/stm32cubemx/CMakeFiles/STM32_Drivers.dir/__/__/Core/Src/system_stm32g0xx.c.obj
 .debug_macro   0x00018bbe      0x3f3 cmake/stm32cubemx/CMakeFiles/STM32_Drivers.dir/__/__/Core/Src/system_stm32g0xx.c.obj
 .debug_macro   0x00018fb1       0x28 cmake/stm32cubemx/CMakeFiles/STM32_Drivers.dir/__/__/Core/Src/system_stm32g0xx.c.obj
 .debug_macro   0x00018fd9      0x123 cmake/stm32cubemx/CMakeFiles/STM32_Drivers.dir/__/__/Core/Src/system_stm32g0xx.c.obj
 .debug_macro   0x000190fc      0x6bd cmake/stm32cubemx/CMakeFiles/STM32_Drivers.dir/__/__/Core/Src/system_stm32g0xx.c.obj
 .debug_macro   0x000197b9      0x224 cmake/stm32cubemx/CMakeFiles/STM32_Drivers.dir/__/__/Core/Src/system_stm32g0xx.c.obj
 .debug_macro   0x000199dd      0x17e cmake/stm32cubemx/CMakeFiles/STM32_Drivers.dir/__/__/Core/Src/system_stm32g0xx.c.obj
 .debug_macro   0x00019b5b      0x145 cmake/stm32cubemx/CMakeFiles/STM32_Drivers.dir/__/__/Core/Src/system_stm32g0xx.c.obj
 .debug_macro   0x00019ca0      0x320 cmake/stm32cubemx/CMakeFiles/STM32_Drivers.dir/__/__/Core/Src/system_stm32g0xx.c.obj
 .debug_macro   0x00019fc0      0x328 cmake/stm32cubemx/CMakeFiles/STM32_Drivers.dir/__/__/Core/Src/system_stm32g0xx.c.obj
 .debug_macro   0x0001a2e8      0x447 cmake/stm32cubemx/CMakeFiles/STM32_Drivers.dir/__/__/Core/Src/system_stm32g0xx.c.obj
 .debug_macro   0x0001a72f       0xf2 cmake/stm32cubemx/CMakeFiles/STM32_Drivers.dir/__/__/Core/Src/system_stm32g0xx.c.obj
 .debug_macro   0x0001a821      0xae5 cmake/stm32cubemx/CMakeFiles/STM32_Drivers.dir/__/__/Core/Src/system_stm32g0xx.c.obj
 .debug_macro   0x0001b306      0x239 cmake/stm32cubemx/CMakeFiles/STM32_Drivers.dir/__/__/Core/Src/system_stm32g0xx.c.obj
 .debug_macro   0x0001b53f      0x5df cmake/stm32cubemx/CMakeFiles/STM32_Drivers.dir/__/__/Core/Src/system_stm32g0xx.c.obj
 .debug_macro   0x0001bb1e      0x25e cmake/stm32cubemx/CMakeFiles/STM32_Drivers.dir/__/__/Drivers/STM32G0xx_HAL_Driver/Src/stm32g0xx_hal_adc.c.obj
 .debug_macro   0x0001bd7c      0x246 cmake/stm32cubemx/CMakeFiles/STM32_Drivers.dir/__/__/Drivers/STM32G0xx_HAL_Driver/Src/stm32g0xx_hal_adc_ex.c.obj
 .debug_macro   0x0001bfc2      0x282 cmake/stm32cubemx/CMakeFiles/STM32_Drivers.dir/__/__/Drivers/STM32G0xx_HAL_Driver/Src/stm32g0xx_hal_rcc.c.obj
 .debug_macro   0x0001c244      0x252 cmake/stm32cubemx/CMakeFiles/STM32_Drivers.dir/__/__/Drivers/STM32G0xx_HAL_Driver/Src/stm32g0xx_hal_rcc_ex.c.obj
 .debug_macro   0x0001c496      0x241 cmake/stm32cubemx/CMakeFiles/STM32_Drivers.dir/__/__/Drivers/STM32G0xx_HAL_Driver/Src/stm32g0xx_hal_gpio.c.obj
 .debug_macro   0x0001c6d7      0x23a cmake/stm32cubemx/CMakeFiles/STM32_Drivers.dir/__/__/Drivers/STM32G0xx_HAL_Driver/Src/stm32g0xx_hal_dma.c.obj
 .debug_macro   0x0001c911      0x23a cmake/stm32cubemx/CMakeFiles/STM32_Drivers.dir/__/__/Drivers/STM32G0xx_HAL_Driver/Src/stm32g0xx_hal_pwr.c.obj
 .debug_macro   0x0001cb4b      0x264 cmake/stm32cubemx/CMakeFiles/STM32_Drivers.dir/__/__/Drivers/STM32G0xx_HAL_Driver/Src/stm32g0xx_hal_pwr_ex.c.obj
 .debug_macro   0x0001cdaf      0x23a cmake/stm32cubemx/CMakeFiles/STM32_Drivers.dir/__/__/Drivers/STM32G0xx_HAL_Driver/Src/stm32g0xx_hal_cortex.c.obj
 .debug_macro   0x0001cfe9      0x25e cmake/stm32cubemx/CMakeFiles/STM32_Drivers.dir/__/__/Drivers/STM32G0xx_HAL_Driver/Src/stm32g0xx_hal.c.obj
 .debug_macro   0x0001d247      0x34c cmake/stm32cubemx/CMakeFiles/STM32_Drivers.dir/__/__/Drivers/STM32G0xx_HAL_Driver/Src/stm32g0xx_hal_fdcan.c.obj
 .debug_macro   0x0001d593      0x23b cmake/stm32cubemx/CMakeFiles/STM32_Drivers.dir/__/__/Drivers/STM32G0xx_HAL_Driver/Src/stm32g0xx_hal_rtc.c.obj
 .debug_macro   0x0001d7ce      0x23a cmake/stm32cubemx/CMakeFiles/STM32_Drivers.dir/__/__/Drivers/STM32G0xx_HAL_Driver/Src/stm32g0xx_hal_rtc_ex.c.obj
 .debug_macro   0x0001da08      0x242 cmake/stm32cubemx/CMakeFiles/STM32_Drivers.dir/__/__/Drivers/STM32G0xx_HAL_Driver/Src/stm32g0xx_hal_tim.c.obj
 .debug_macro   0x0001dc4a      0x240 cmake/stm32cubemx/CMakeFiles/STM32_Drivers.dir/__/__/Drivers/STM32G0xx_HAL_Driver/Src/stm32g0xx_hal_tim_ex.c.obj
 .debug_macro   0x0001de8a      0x246 cmake/stm32cubemx/CMakeFiles/STM32_Drivers.dir/__/__/Drivers/STM32G0xx_HAL_Driver/Src/stm32g0xx_hal_pcd.c.obj
 .debug_macro   0x0001e0d0      0x23a cmake/stm32cubemx/CMakeFiles/STM32_Drivers.dir/__/__/Drivers/STM32G0xx_HAL_Driver/Src/stm32g0xx_hal_pcd_ex.c.obj
 .debug_macro   0x0001e30a      0x23a cmake/stm32cubemx/CMakeFiles/STM32_Drivers.dir/__/__/Drivers/STM32G0xx_HAL_Driver/Src/stm32g0xx_ll_usb.c.obj
 .debug_macro   0x0001e544      0x24d CMakeFiles/SwitchSense-Front.dir/Core/Src/main.c.obj
 .debug_macro   0x0001e791      0x160 CMakeFiles/SwitchSense-Front.dir/Core/Src/main.c.obj
 .debug_macro   0x0001e8f1      0x253 CMakeFiles/SwitchSense-Front.dir/Core/Src/stm32g0xx_it.c.obj
 .debug_macro   0x0001eb44      0x249 CMakeFiles/SwitchSense-Front.dir/Core/Src/stm32g0xx_hal_msp.c.obj

.debug_line     0x00000000    0x19e95
 .debug_line    0x00000000      0x946 cmake/stm32cubemx/CMakeFiles/STM32_Drivers.dir/__/__/Core/Src/system_stm32g0xx.c.obj
 .debug_line    0x00000946     0x1ac0 cmake/stm32cubemx/CMakeFiles/STM32_Drivers.dir/__/__/Drivers/STM32G0xx_HAL_Driver/Src/stm32g0xx_hal_adc.c.obj
 .debug_line    0x00002406      0xc37 cmake/stm32cubemx/CMakeFiles/STM32_Drivers.dir/__/__/Drivers/STM32G0xx_HAL_Driver/Src/stm32g0xx_hal_adc_ex.c.obj
 .debug_line    0x0000303d     0x11c6 cmake/stm32cubemx/CMakeFiles/STM32_Drivers.dir/__/__/Drivers/STM32G0xx_HAL_Driver/Src/stm32g0xx_hal_rcc.c.obj
 .debug_line    0x00004203     0x136a cmake/stm32cubemx/CMakeFiles/STM32_Drivers.dir/__/__/Drivers/STM32G0xx_HAL_Driver/Src/stm32g0xx_hal_rcc_ex.c.obj
 .debug_line    0x0000556d      0xcf1 cmake/stm32cubemx/CMakeFiles/STM32_Drivers.dir/__/__/Drivers/STM32G0xx_HAL_Driver/Src/stm32g0xx_hal_gpio.c.obj
 .debug_line    0x0000625e      0xffc cmake/stm32cubemx/CMakeFiles/STM32_Drivers.dir/__/__/Drivers/STM32G0xx_HAL_Driver/Src/stm32g0xx_hal_dma.c.obj
 .debug_line    0x0000725a      0xa32 cmake/stm32cubemx/CMakeFiles/STM32_Drivers.dir/__/__/Drivers/STM32G0xx_HAL_Driver/Src/stm32g0xx_hal_pwr.c.obj
 .debug_line    0x00007c8c      0xd74 cmake/stm32cubemx/CMakeFiles/STM32_Drivers.dir/__/__/Drivers/STM32G0xx_HAL_Driver/Src/stm32g0xx_hal_pwr_ex.c.obj
 .debug_line    0x00008a00      0xd21 cmake/stm32cubemx/CMakeFiles/STM32_Drivers.dir/__/__/Drivers/STM32G0xx_HAL_Driver/Src/stm32g0xx_hal_cortex.c.obj
 .debug_line    0x00009721      0xcbc cmake/stm32cubemx/CMakeFiles/STM32_Drivers.dir/__/__/Drivers/STM32G0xx_HAL_Driver/Src/stm32g0xx_hal.c.obj
 .debug_line    0x0000a3dd     0x1a6d cmake/stm32cubemx/CMakeFiles/STM32_Drivers.dir/__/__/Drivers/STM32G0xx_HAL_Driver/Src/stm32g0xx_hal_fdcan.c.obj
 .debug_line    0x0000be4a     0x135d cmake/stm32cubemx/CMakeFiles/STM32_Drivers.dir/__/__/Drivers/STM32G0xx_HAL_Driver/Src/stm32g0xx_hal_rtc.c.obj
 .debug_line    0x0000d1a7     0x155a cmake/stm32cubemx/CMakeFiles/STM32_Drivers.dir/__/__/Drivers/STM32G0xx_HAL_Driver/Src/stm32g0xx_hal_rtc_ex.c.obj
 .debug_line    0x0000e701     0x3f20 cmake/stm32cubemx/CMakeFiles/STM32_Drivers.dir/__/__/Drivers/STM32G0xx_HAL_Driver/Src/stm32g0xx_hal_tim.c.obj
 .debug_line    0x00012621     0x1d93 cmake/stm32cubemx/CMakeFiles/STM32_Drivers.dir/__/__/Drivers/STM32G0xx_HAL_Driver/Src/stm32g0xx_hal_tim_ex.c.obj
 .debug_line    0x000143b4     0x1560 cmake/stm32cubemx/CMakeFiles/STM32_Drivers.dir/__/__/Drivers/STM32G0xx_HAL_Driver/Src/stm32g0xx_hal_pcd.c.obj
 .debug_line    0x00015914      0xa56 cmake/stm32cubemx/CMakeFiles/STM32_Drivers.dir/__/__/Drivers/STM32G0xx_HAL_Driver/Src/stm32g0xx_hal_pcd_ex.c.obj
 .debug_line    0x0001636a     0x12c9 cmake/stm32cubemx/CMakeFiles/STM32_Drivers.dir/__/__/Drivers/STM32G0xx_HAL_Driver/Src/stm32g0xx_ll_usb.c.obj
 .debug_line    0x00017633      0xf0c CMakeFiles/SwitchSense-Front.dir/Core/Src/main.c.obj
 .debug_line    0x0001853f      0x960 CMakeFiles/SwitchSense-Front.dir/Core/Src/stm32g0xx_it.c.obj
 .debug_line    0x00018e9f      0xc97 CMakeFiles/SwitchSense-Front.dir/Core/Src/stm32g0xx_hal_msp.c.obj
 .debug_line    0x00019b36       0x7b CMakeFiles/SwitchSense-Front.dir/startup_stm32g0b1xx.s.obj
 .debug_line    0x00019bb1      0x178 /Users/cywestbrook/Library/Application Support/stm32cube/bundles/gnu-tools-for-stm32/13.3.1+st.9/bin/../lib/gcc/arm-none-eabi/13.3.1/../../../../arm-none-eabi/lib/thumb/v6-m/nofp/libg_nano.a(libc_a-memset.o)
 .debug_line    0x00019d29      0x16c /Users/cywestbrook/Library/Application Support/stm32cube/bundles/gnu-tools-for-stm32/13.3.1+st.9/bin/../lib/gcc/arm-none-eabi/13.3.1/../../../../arm-none-eabi/lib/thumb/v6-m/nofp/libg_nano.a(libc_a-init.o)

.debug_str      0x00000000    0xcc7ad
 .debug_str     0x00000000    0xcc7ad cmake/stm32cubemx/CMakeFiles/STM32_Drivers.dir/__/__/Core/Src/system_stm32g0xx.c.obj
                              0xc4a49 (size before relaxing)
 .debug_str     0x000cc7ad        0x0 cmake/stm32cubemx/CMakeFiles/STM32_Drivers.dir/__/__/Drivers/STM32G0xx_HAL_Driver/Src/stm32g0xx_hal_adc.c.obj
                              0xc582b (size before relaxing)
 .debug_str     0x000cc7ad        0x0 cmake/stm32cubemx/CMakeFiles/STM32_Drivers.dir/__/__/Drivers/STM32G0xx_HAL_Driver/Src/stm32g0xx_hal_adc_ex.c.obj
                              0xc5207 (size before relaxing)
 .debug_str     0x000cc7ad        0x0 cmake/stm32cubemx/CMakeFiles/STM32_Drivers.dir/__/__/Drivers/STM32G0xx_HAL_Driver/Src/stm32g0xx_hal_rcc.c.obj
                              0xc5215 (size before relaxing)
 .debug_str     0x000cc7ad        0x0 cmake/stm32cubemx/CMakeFiles/STM32_Drivers.dir/__/__/Drivers/STM32G0xx_HAL_Driver/Src/stm32g0xx_hal_rcc_ex.c.obj
                              0xc50a5 (size before relaxing)
 .debug_str     0x000cc7ad        0x0 cmake/stm32cubemx/CMakeFiles/STM32_Drivers.dir/__/__/Drivers/STM32G0xx_HAL_Driver/Src/stm32g0xx_hal_gpio.c.obj
                              0xc4bac (size before relaxing)
 .debug_str     0x000cc7ad        0x0 cmake/stm32cubemx/CMakeFiles/STM32_Drivers.dir/__/__/Drivers/STM32G0xx_HAL_Driver/Src/stm32g0xx_hal_dma.c.obj
                              0xc4ef9 (size before relaxing)
 .debug_str     0x000cc7ad        0x0 cmake/stm32cubemx/CMakeFiles/STM32_Drivers.dir/__/__/Drivers/STM32G0xx_HAL_Driver/Src/stm32g0xx_hal_pwr.c.obj
                              0xc4c4a (size before relaxing)
 .debug_str     0x000cc7ad        0x0 cmake/stm32cubemx/CMakeFiles/STM32_Drivers.dir/__/__/Drivers/STM32G0xx_HAL_Driver/Src/stm32g0xx_hal_pwr_ex.c.obj
                              0xc4fcb (size before relaxing)
 .debug_str     0x000cc7ad        0x0 cmake/stm32cubemx/CMakeFiles/STM32_Drivers.dir/__/__/Drivers/STM32G0xx_HAL_Driver/Src/stm32g0xx_hal_cortex.c.obj
                              0xc4f5a (size before relaxing)
 .debug_str     0x000cc7ad        0x0 cmake/stm32cubemx/CMakeFiles/STM32_Drivers.dir/__/__/Drivers/STM32G0xx_HAL_Driver/Src/stm32g0xx_hal.c.obj
                              0xc5329 (size before relaxing)
 .debug_str     0x000cc7ad        0x0 cmake/stm32cubemx/CMakeFiles/STM32_Drivers.dir/__/__/Drivers/STM32G0xx_HAL_Driver/Src/stm32g0xx_hal_fdcan.c.obj
                              0xc60d9 (size before relaxing)
 .debug_str     0x000cc7ad        0x0 cmake/stm32cubemx/CMakeFiles/STM32_Drivers.dir/__/__/Drivers/STM32G0xx_HAL_Driver/Src/stm32g0xx_hal_rtc.c.obj
                              0xc4f4b (size before relaxing)
 .debug_str     0x000cc7ad        0x0 cmake/stm32cubemx/CMakeFiles/STM32_Drivers.dir/__/__/Drivers/STM32G0xx_HAL_Driver/Src/stm32g0xx_hal_rtc_ex.c.obj
                              0xc53b7 (size before relaxing)
 .debug_str     0x000cc7ad        0x0 cmake/stm32cubemx/CMakeFiles/STM32_Drivers.dir/__/__/Drivers/STM32G0xx_HAL_Driver/Src/stm32g0xx_hal_tim.c.obj
                              0xc5fb8 (size before relaxing)
 .debug_str     0x000cc7ad        0x0 cmake/stm32cubemx/CMakeFiles/STM32_Drivers.dir/__/__/Drivers/STM32G0xx_HAL_Driver/Src/stm32g0xx_hal_tim_ex.c.obj
                              0xc5940 (size before relaxing)
 .debug_str     0x000cc7ad        0x0 cmake/stm32cubemx/CMakeFiles/STM32_Drivers.dir/__/__/Drivers/STM32G0xx_HAL_Driver/Src/stm32g0xx_hal_pcd.c.obj
                              0xc5327 (size before relaxing)