Archive member included to satisfy reference by file (symbol)

LV3-CAN-Subsystem/libLV3-CAN-Subsystem.a(LV3_CAN.c.obj)
                              CMakeFiles/HV-BPS.dir/Core/Src/main.c.obj (LV3_CAN_Init)
LV3-CAN-Subsystem/libLV3-CAN-Subsystem.a(LV3_CAN_Driver.c.obj)
                              LV3-CAN-Subsystem/libLV3-CAN-Subsystem.a(LV3_CAN.c.obj) (LV3_CAN_Driver_Init)
C:/Users/cyfin/AppData/Local/stm32cube/bundles/gnu-tools-for-stm32/13.3.1+st.9/bin/../lib/gcc/arm-none-eabi/13.3.1/../../../../arm-none-eabi/lib/thumb/v7e-m+fp/hard\libg_nano.a(libc_a-exit.o)
                              C:/Users/cyfin/AppData/Local/stm32cube/bundles/gnu-tools-for-stm32/13.3.1+st.9/bin/../lib/gcc/arm-none-eabi/13.3.1/../../../../arm-none-eabi/lib/thumb/v7e-m+fp/hard/crt0.o (exit)
C:/Users/cyfin/AppData/Local/stm32cube/bundles/gnu-tools-for-stm32/13.3.1+st.9/bin/../lib/gcc/arm-none-eabi/13.3.1/../../../../arm-none-eabi/lib/thumb/v7e-m+fp/hard\libg_nano.a(libc_a-findfp.o)
                              C:/Users/cyfin/AppData/Local/stm32cube/bundles/gnu-tools-for-stm32/13.3.1+st.9/bin/../lib/gcc/arm-none-eabi/13.3.1/../../../../arm-none-eabi/lib/thumb/v7e-m+fp/hard\libg_nano.a(libc_a-exit.o) (__stdio_exit_handler)
C:/Users/cyfin/AppData/Local/stm32cube/bundles/gnu-tools-for-stm32/13.3.1+st.9/bin/../lib/gcc/arm-none-eabi/13.3.1/../../../../arm-none-eabi/lib/thumb/v7e-m+fp/hard\libg_nano.a(libc_a-fwalk.o)
                              C:/Users/cyfin/AppData/Local/stm32cube/bundles/gnu-tools-for-stm32/13.3.1+st.9/bin/../lib/gcc/arm-none-eabi/13.3.1/../../../../arm-none-eabi/lib/thumb/v7e-m+fp/hard\libg_nano.a(libc_a-findfp.o) (_fwalk_sglue)
C:/Users/cyfin/AppData/Local/stm32cube/bundles/gnu-tools-for-stm32/13.3.1+st.9/bin/../lib/gcc/arm-none-eabi/13.3.1/../../../../arm-none-eabi/lib/thumb/v7e-m+fp/hard\libg_nano.a(libc_a-stdio.o)
                              C:/Users/cyfin/AppData/Local/stm32cube/bundles/gnu-tools-for-stm32/13.3.1+st.9/bin/../lib/gcc/arm-none-eabi/13.3.1/../../../../arm-none-eabi/lib/thumb/v7e-m+fp/hard\libg_nano.a(libc_a-findfp.o) (__sread)
C:/Users/cyfin/AppData/Local/stm32cube/bundles/gnu-tools-for-stm32/13.3.1+st.9/bin/../lib/gcc/arm-none-eabi/13.3.1/../../../../arm-none-eabi/lib/thumb/v7e-m+fp/hard\libg_nano.a(libc_a-memset.o)
                              C:/Users/cyfin/AppData/Local/stm32cube/bundles/gnu-tools-for-stm32/13.3.1+st.9/bin/../lib/gcc/arm-none-eabi/13.3.1/../../../../arm-none-eabi/lib/thumb/v7e-m+fp/hard/crt0.o (memset)
C:/Users/cyfin/AppData/Local/stm32cube/bundles/gnu-tools-for-stm32/13.3.1+st.9/bin/../lib/gcc/arm-none-eabi/13.3.1/../../../../arm-none-eabi/lib/thumb/v7e-m+fp/hard\libg_nano.a(libc_a-closer.o)
                              C:/Users/cyfin/AppData/Local/stm32cube/bundles/gnu-tools-for-stm32/13.3.1+st.9/bin/../lib/gcc/arm-none-eabi/13.3.1/../../../../arm-none-eabi/lib/thumb/v7e-m+fp/hard\libg_nano.a(libc_a-stdio.o) (_close_r)
C:/Users/cyfin/AppData/Local/stm32cube/bundles/gnu-tools-for-stm32/13.3.1+st.9/bin/../lib/gcc/arm-none-eabi/13.3.1/../../../../arm-none-eabi/lib/thumb/v7e-m+fp/hard\libg_nano.a(libc_a-reent.o)
                              C:/Users/cyfin/AppData/Local/stm32cube/bundles/gnu-tools-for-stm32/13.3.1+st.9/bin/../lib/gcc/arm-none-eabi/13.3.1/../../../../arm-none-eabi/lib/thumb/v7e-m+fp/hard\libg_nano.a(libc_a-closer.o) (errno)
C:/Users/cyfin/AppData/Local/stm32cube/bundles/gnu-tools-for-stm32/13.3.1+st.9/bin/../lib/gcc/arm-none-eabi/13.3.1/../../../../arm-none-eabi/lib/thumb/v7e-m+fp/hard\libg_nano.a(libc_a-impure.o)
                              C:/Users/cyfin/AppData/Local/stm32cube/bundles/gnu-tools-for-stm32/13.3.1+st.9/bin/../lib/gcc/arm-none-eabi/13.3.1/../../../../arm-none-eabi/lib/thumb/v7e-m+fp/hard\libg_nano.a(libc_a-reent.o) (_impure_ptr)
C:/Users/cyfin/AppData/Local/stm32cube/bundles/gnu-tools-for-stm32/13.3.1+st.9/bin/../lib/gcc/arm-none-eabi/13.3.1/../../../../arm-none-eabi/lib/thumb/v7e-m+fp/hard\libg_nano.a(libc_a-lseekr.o)
                              C:/Users/cyfin/AppData/Local/stm32cube/bundles/gnu-tools-for-stm32/13.3.1+st.9/bin/../lib/gcc/arm-none-eabi/13.3.1/../../../../arm-none-eabi/lib/thumb/v7e-m+fp/hard\libg_nano.a(libc_a-stdio.o) (_lseek_r)
C:/Users/cyfin/AppData/Local/stm32cube/bundles/gnu-tools-for-stm32/13.3.1+st.9/bin/../lib/gcc/arm-none-eabi/13.3.1/../../../../arm-none-eabi/lib/thumb/v7e-m+fp/hard\libg_nano.a(libc_a-readr.o)
                              C:/Users/cyfin/AppData/Local/stm32cube/bundles/gnu-tools-for-stm32/13.3.1+st.9/bin/../lib/gcc/arm-none-eabi/13.3.1/../../../../arm-none-eabi/lib/thumb/v7e-m+fp/hard\libg_nano.a(libc_a-stdio.o) (_read_r)
C:/Users/cyfin/AppData/Local/stm32cube/bundles/gnu-tools-for-stm32/13.3.1+st.9/bin/../lib/gcc/arm-none-eabi/13.3.1/../../../../arm-none-eabi/lib/thumb/v7e-m+fp/hard\libg_nano.a(libc_a-writer.o)
[...]
Memory Configuration

Name             Origin             Length             Attributes
RAM              0x20000000         0x00020000         xrw
FLASH            0x08000000         0x00040000         xr
*default*        0x00000000         0xffffffff

Linker script and memory map

LOAD C:/Users/cyfin/AppData/Local/stm32cube/bundles/gnu-tools-for-stm32/13.3.1+st.9/bin/../lib/gcc/arm-none-eabi/13.3.1/thumb/v7e-m+fp/hard/crti.o
LOAD C:/Users/cyfin/AppData/Local/stm32cube/bundles/gnu-tools-for-stm32/13.3.1+st.9/bin/../lib/gcc/arm-none-eabi/13.3.1/thumb/v7e-m+fp/hard/crtbegin.o
LOAD C:/Users/cyfin/AppData/Local/stm32cube/bundles/gnu-tools-for-stm32/13.3.1+st.9/bin/../lib/gcc/arm-none-eabi/13.3.1/../../../../arm-none-eabi/lib/thumb/v7e-m+fp/hard/crt0.o
LOAD cmake/stm32cubemx/CMakeFiles/STM32_Drivers.dir/__/__/Core/Src/system_stm32g4xx.c.obj
LOAD cmake/stm32cubemx/CMakeFiles/STM32_Drivers.dir/__/__/Drivers/STM32G4xx_HAL_Driver/Src/stm32g4xx_hal_adc.c.obj
LOAD cmake/stm32cubemx/CMakeFiles/STM32_Drivers.dir/__/__/Drivers/STM32G4xx_HAL_Driver/Src/stm32g4xx_hal_adc_ex.c.obj
LOAD cmake/stm32cubemx/CMakeFiles/STM32_Drivers.dir/__/__/Drivers/STM32G4xx_HAL_Driver/Src/stm32g4xx_ll_adc.c.obj
LOAD cmake/stm32cubemx/CMakeFiles/STM32_Drivers.dir/__/__/Drivers/STM32G4xx_HAL_Driver/Src/stm32g4xx_hal.c.obj
LOAD cmake/stm32cubemx/CMakeFiles/STM32_Drivers.dir/__/__/Drivers/STM32G4xx_HAL_Driver/Src/stm32g4xx_hal_rcc.c.obj
LOAD cmake/stm32cubemx/CMakeFiles/STM32_Drivers.dir/__/__/Drivers/STM32G4xx_HAL_Driver/Src/stm32g4xx_hal_rcc_ex.c.obj
LOAD cmake/stm32cubemx/CMakeFiles/STM32_Drivers.dir/__/__/Drivers/STM32G4xx_HAL_Driver/Src/stm32g4xx_hal_flash.c.obj
LOAD cmake/stm32cubemx/CMakeFiles/STM32_Drivers.dir/__/__/Drivers/STM32G4xx_HAL_Driver/Src/stm32g4xx_hal_flash_ex.c.obj
LOAD cmake/stm32cubemx/CMakeFiles/STM32_Drivers.dir/__/__/Drivers/STM32G4xx_HAL_Driver/Src/stm32g4xx_hal_flash_ramfunc.c.obj
LOAD cmake/stm32cubemx/CMakeFiles/STM32_Drivers.dir/__/__/Drivers/STM32G4xx_HAL_Driver/Src/stm32g4xx_hal_gpio.c.obj
LOAD cmake/stm32cubemx/CMakeFiles/STM32_Drivers.dir/__/__/Drivers/STM32G4xx_HAL_Driver/Src/stm32g4xx_hal_exti.c.obj
LOAD cmake/stm32cubemx/CMakeFiles/STM32_Drivers.dir/__/__/Drivers/STM32G4xx_HAL_Driver/Src/stm32g4xx_hal_dma.c.obj
LOAD cmake/stm32cubemx/CMakeFiles/STM32_Drivers.dir/__/__/Drivers/STM32G4xx_HAL_Driver/Src/stm32g4xx_hal_dma_ex.c.obj
LOAD cmake/stm32cubemx/CMakeFiles/STM32_Drivers.dir/__/__/Drivers/STM32G4xx_HAL_Driver/Src/stm32g4xx_hal_pwr.c.obj
LOAD cmake/stm32cubemx/CMakeFiles/STM32_Drivers.dir/__/__/Drivers/STM32G4xx_HAL_Driver/Src/stm32g4xx_hal_pwr_ex.c.obj
LOAD cmake/stm32cubemx/CMakeFiles/STM32_Drivers.dir/__/__/Drivers/STM32G4xx_HAL_Driver/Src/stm32g4xx_hal_cortex.c.obj
LOAD cmake/stm32cubemx/CMakeFiles/STM32_Drivers.dir/__/__/Drivers/STM32G4xx_HAL_Driver/Src/stm32g4xx_hal_fdcan.c.obj
LOAD cmake/stm32cubemx/CMakeFiles/STM32_Drivers.dir/__/__/Drivers/STM32G4xx_HAL_Driver/Src/stm32g4xx_hal_tim.c.obj
LOAD cmake/stm32cubemx/CMakeFiles/STM32_Drivers.dir/__/__/Drivers/STM32G4xx_HAL_Driver/Src/stm32g4xx_hal_tim_ex.c.obj
LOAD CMakeFiles/HV-BPS.dir/Core/Src/main.c.obj
LOAD CMakeFiles/HV-BPS.dir/Core/Src/stm32g4xx_it.c.obj
LOAD CMakeFiles/HV-BPS.dir/Core/Src/stm32g4xx_hal_msp.c.obj
LOAD CMakeFiles/HV-BPS.dir/Core/Src/sysmem.c.obj
LOAD CMakeFiles/HV-BPS.dir/Core/Src/syscalls.c.obj
LOAD CMakeFiles/HV-BPS.dir/startup_stm32g474xx.s.obj
LOAD C:/Users/cyfin/AppData/Local/stm32cube/bundles/gnu-tools-for-stm32/13.3.1+st.9/bin/../lib/gcc/arm-none-eabi/13.3.1/../../../../arm-none-eabi/lib/thumb/v7e-m+fp/hard\libm.a
LOAD LV3-CAN-Subsystem/libLV3-CAN-Subsystem.a
START GROUP
LOAD C:/Users/cyfin/AppData/Local/stm32cube/bundles/gnu-tools-for-stm32/13.3.1+st.9/bin/../lib/gcc/arm-none-eabi/13.3.1/thumb/v7e-m+fp/hard\libgcc.a
LOAD C:/Users/cyfin/AppData/Local/stm32cube/bundles/gnu-tools-for-stm32/13.3.1+st.9/bin/../lib/gcc/arm-none-eabi/13.3.1/../../../../arm-none-eabi/lib/thumb/v7e-m+fp/hard\libg_nano.a
LOAD C:/Users/cyfin/AppData/Local/stm32cube/bundles/gnu-tools-for-stm32/13.3.1+st.9/bin/../lib/gcc/arm-none-eabi/13.3.1/../../../../arm-none-eabi/lib/thumb/v7e-m+fp/hard\libc_nano.a
END GROUP
START GROUP
LOAD C:/Users/cyfin/AppData/Local/stm32cube/bundles/gnu-tools-for-stm32/13.3.1+st.9/bin/../lib/gcc/arm-none-eabi/13.3.1/thumb/v7e-m+fp/hard\libgcc.a
LOAD C:/Users/cyfin/AppData/Local/stm32cube/bundles/gnu-tools-for-stm32/13.3.1+st.9/bin/../lib/gcc/arm-none-eabi/13.3.1/../../../../arm-none-eabi/lib/thumb/v7e-m+fp/hard\libc_nano.a
END GROUP
LOAD C:/Users/cyfin/AppData/Local/stm32cube/bundles/gnu-tools-for-stm32/13.3.1+st.9/bin/../lib/gcc/arm-none-eabi/13.3.1/thumb/v7e-m+fp/hard/crtend.o
LOAD C:/Users/cyfin/AppData/Local/stm32cube/bundles/gnu-tools-for-stm32/13.3.1+st.9/bin/../lib/gcc/arm-none-eabi/13.3.1/thumb/v7e-m+fp/hard/crtn.o
                0x20020000                        _estack = (ORIGIN (RAM) + LENGTH (RAM))
                0x00000200                        _Min_Heap_Size = 0x200
                0x00000400                        _Min_Stack_Size = 0x400

.isr_vector     0x08000000      0x1d8
                0x08000000                        . = ALIGN (0x4)
 *(.isr_vector)
 .isr_vector    0x08000000      0x1d8 CMakeFiles/HV-BPS.dir/startup_stm32g474xx.s.obj
                0x08000000                g_pfnVectors
                0x080001d8                        . = ALIGN (0x4)

.text           0x080001d8     0x5dec
                0x080001d8                        . = ALIGN (0x4)
 *(.text)
 .text          0x080001d8       0x40 C:/Users/cyfin/AppData/Local/stm32cube/bundles/gnu-tools-for-stm32/13.3.1+st.9/bin/../lib/gcc/arm-none-eabi/13.3.1/thumb/v7e-m+fp/hard/crtbegin.o
 *(.text*)
 .text.SystemInit
                0x08000218       0x24 cmake/stm32cubemx/CMakeFiles/STM32_Drivers.dir/__/__/Core/Src/system_stm32g4xx.c.obj
                0x08000218                SystemInit
 .text.LL_ADC_SetCommonClock
                0x0800023c       0x26 cmake/stm32cubemx/CMakeFiles/STM32_Drivers.dir/__/__/Drivers/STM32G4xx_HAL_Driver/Src/stm32g4xx_hal_adc.c.obj
 .text.LL_ADC_SetCommonPathInternalCh
                0x08000262       0x26 cmake/stm32cubemx/CMakeFiles/STM32_Drivers.dir/__/__/Drivers/STM32G4xx_HAL_Driver/Src/stm32g4xx_hal_adc.c.obj
 .text.LL_ADC_GetCommonPathInternalCh
                0x08000288       0x1c cmake/stm32cubemx/CMakeFiles/STM32_Drivers.dir/__/__/Drivers/STM32G4xx_HAL_Driver/Src/stm32g4xx_hal_adc.c.obj
 .text.LL_ADC_SetOffset
                0x080002a4       0x48 cmake/stm32cubemx/CMakeFiles/STM32_Drivers.dir/__/__/Drivers/STM32G4xx_HAL_Driver/Src/stm32g4xx_hal_adc.c.obj
 .text.LL_ADC_GetOffsetChannel
                0x080002ec       0x2c cmake/stm32cubemx/CMakeFiles/STM32_Drivers.dir/__/__/Drivers/STM32G4xx_HAL_Driver/Src/stm32g4xx_hal_adc.c.obj
 .text.LL_ADC_SetOffsetState
                0x08000318       0x36 cmake/stm32cubemx/CMakeFiles/STM32_Drivers.dir/__/__/Drivers/STM32G4xx_HAL_Driver/Src/stm32g4xx_hal_adc.c.obj
 .text.LL_ADC_SetOffsetSign
                0x0800034e       0x36 cmake/stm32cubemx/CMakeFiles/STM32_Drivers.dir/__/__/Drivers/STM32G4xx_HAL_Driver/Src/stm32g4xx_hal_adc.c.obj
 .text.LL_ADC_SetOffsetSaturation
                0x08000384       0x36 cmake/stm32cubemx/CMakeFiles/STM32_Drivers.dir/__/__/Drivers/STM32G4xx_HAL_Driver/Src/stm32g4xx_hal_adc.c.obj
 .text.LL_ADC_SetSamplingTimeCommonConfig
                0x080003ba       0x26 cmake/stm32cubemx/CMakeFiles/STM32_Drivers.dir/__/__/Drivers/STM32G4xx_HAL_Driver/Src/stm32g4xx_hal_adc.c.obj
 .text.LL_ADC_REG_SetSequencerRanks
                0x080003e0       0x58 cmake/stm32cubemx/CMakeFiles/STM32_Drivers.dir/__/__/Drivers/STM32G4xx_HAL_Driver/Src/stm32g4xx_hal_adc.c.obj
 .text.LL_ADC_SetChannelSamplingTime
                0x08000438       0x56 cmake/stm32cubemx/CMakeFiles/STM32_Drivers.dir/__/__/Drivers/STM32G4xx_HAL_Driver/Src/stm32g4xx_hal_adc.c.obj
 *fill*         0x0800048e        0x2 
 .text.LL_ADC_SetChannelSingleDiff
                0x08000490       0x48 cmake/stm32cubemx/CMakeFiles/STM32_Drivers.dir/__/__/Drivers/STM32G4xx_HAL_Driver/Src/stm32g4xx_hal_adc.c.obj
 .text.LL_ADC_DisableDeepPowerDown
                0x080004d8       0x24 cmake/stm32cubemx/CMakeFiles/STM32_Drivers.dir/__/__/Drivers/STM32G4xx_HAL_Driver/Src/stm32g4xx_hal_adc.c.obj
 .text.LL_ADC_IsDeepPowerDownEnabled
                0x080004fc       0x28 cmake/stm32cubemx/CMakeFiles/STM32_Drivers.dir/__/__/Drivers/STM32G4xx_HAL_Driver/Src/stm32g4xx_hal_adc.c.obj
 .text.LL_ADC_EnableInternalRegulator
                0x08000524       0x28 cmake/stm32cubemx/CMakeFiles/STM32_Drivers.dir/__/__/Drivers/STM32G4xx_HAL_Driver/Src/stm32g4xx_hal_adc.c.obj
 .text.LL_ADC_IsInternalRegulatorEnabled
                0x0800054c       0x28 cmake/stm32cubemx/CMakeFiles/STM32_Drivers.dir/__/__/Drivers/STM32G4xx_HAL_Driver/Src/stm32g4xx_hal_adc.c.obj
 .text.LL_ADC_IsEnabled
                0x08000574       0x26 cmake/stm32cubemx/CMakeFiles/STM32_Drivers.dir/__/__/Drivers/STM32G4xx_HAL_Driver/Src/stm32g4xx_hal_adc.c.obj
 .text.LL_ADC_REG_IsConversionOngoing
                0x0800059a       0x26 cmake/stm32cubemx/CMakeFiles/STM32_Drivers.dir/__/__/Drivers/STM32G4xx_HAL_Driver/Src/stm32g4xx_hal_adc.c.obj
 .text.LL_ADC_INJ_IsConversionOngoing
                0x080005c0       0x26 cmake/stm32cubemx/CMakeFiles/STM32_Drivers.dir/__/__/Drivers/STM32G4xx_HAL_Driver/Src/stm32g4xx_hal_adc.c.obj
 *fill*         0x080005e6        0x2 
 .text.HAL_ADC_Init
                0x080005e8      0x378 cmake/stm32cubemx/CMakeFiles/STM32_Drivers.dir/__/__/Drivers/STM32G4xx_HAL_Driver/Src/stm32g4xx_hal_adc.c.obj
                0x080005e8                HAL_ADC_Init
 .text.HAL_ADC_ConfigChannel
                0x08000960      0x880 cmake/stm32cubemx/CMakeFiles/STM32_Drivers.dir/__/__/Drivers/STM32G4xx_HAL_Driver/Src/stm32g4xx_hal_adc.c.obj
                0x08000960                HAL_ADC_ConfigChannel
 .text.HAL_Init
                0x080011e0       0x30 cmake/stm32cubemx/CMakeFiles/STM32_Drivers.dir/__/__/Drivers/STM32G4xx_HAL_Driver/Src/stm32g4xx_hal.c.obj
                0x080011e0                HAL_Init
 .text.HAL_InitTick
                0x08001210       0x74 cmake/stm32cubemx/CMakeFiles/STM32_Drivers.dir/__/__/Drivers/STM32G4xx_HAL_Driver/Src/stm32g4xx_hal.c.obj
                0x08001210                HAL_InitTick
 .text.HAL_IncTick
                0x08001284       0x24 cmake/stm32cubemx/CMakeFiles/STM32_Drivers.dir/__/__/Drivers/STM32G4xx_HAL_Driver/Src/stm32g4xx_hal.c.obj
                0x08001284                HAL_IncTick
 .text.HAL_GetTick
                0x080012a8       0x18 cmake/stm32cubemx/CMakeFiles/STM32_Drivers.dir/__/__/Drivers/STM32G4xx_HAL_Driver/Src/stm32g4xx_hal.c.obj
                0x080012a8                HAL_GetTick
 .text.HAL_RCC_OscConfig
                0x080012c0      0x624 cmake/stm32cubemx/CMakeFiles/STM32_Drivers.dir/__/__/Drivers/STM32G4xx_HAL_Driver/Src/stm32g4xx_hal_rcc.c.obj
                0x080012c0                HAL_RCC_OscConfig
 .text.HAL_RCC_ClockConfig
                0x080018e4      0x278 cmake/stm32cubemx/CMakeFiles/STM32_Drivers.dir/__/__/Drivers/STM32G4xx_HAL_Driver/Src/stm32g4xx_hal_rcc.c.obj
                0x080018e4                HAL_RCC_ClockConfig
 .text.HAL_RCC_GetSysClockFreq
                0x08001b5c       0xc4 cmake/stm32cubemx/CMakeFiles/STM32_Drivers.dir/__/__/Drivers/STM32G4xx_HAL_Driver/Src/stm32g4xx_hal_rcc.c.obj
                0x08001b5c                HAL_RCC_GetSysClockFreq
 .text.RCC_GetSysClockFreqFromPLLSource
                0x08001c20       0x8c cmake/stm32cubemx/CMakeFiles/STM32_Drivers.dir/__/__/Drivers/STM32G4xx_HAL_Driver/Src/stm32g4xx_hal_rcc.c.obj
 .text.HAL_RCCEx_PeriphCLKConfig
                0x08001cac      0x49c cmake/stm32cubemx/CMakeFiles/STM32_Drivers.dir/__/__/Drivers/STM32G4xx_HAL_Driver/Src/stm32g4xx_hal_rcc_ex.c.obj
                0x08001cac                HAL_RCCEx_PeriphCLKConfig
 .text.HAL_GPIO_Init
                0x08002148      0x304 cmake/stm32cubemx/CMakeFiles/STM32_Drivers.dir/__/__/Drivers/STM32G4xx_HAL_Driver/Src/stm32g4xx_hal_gpio.c.obj
                0x08002148                HAL_GPIO_Init
 .text.HAL_GPIO_ReadPin
                0x0800244c       0x30 cmake/stm32cubemx/CMakeFiles/STM32_Drivers.dir/__/__/Drivers/STM32G4xx_HAL_Driver/Src/stm32g4xx_hal_gpio.c.obj
                0x0800244c                HAL_GPIO_ReadPin
 .text.HAL_GPIO_WritePin
                0x0800247c       0x30 cmake/stm32cubemx/CMakeFiles/STM32_Drivers.dir/__/__/Drivers/STM32G4xx_HAL_Driver/Src/stm32g4xx_hal_gpio.c.obj
                0x0800247c                HAL_GPIO_WritePin
 .text.HAL_PWREx_ControlVoltageScaling
                0x080024ac      0x148 cmake/stm32cubemx/CMakeFiles/STM32_Drivers.dir/__/__/Drivers/STM32G4xx_HAL_Driver/Src/stm32g4xx_hal_pwr_ex.c.obj
                0x080024ac                HAL_PWREx_ControlVoltageScaling
 .text.HAL_PWREx_DisableUCPDDeadBattery
                0x080025f4       0x20 cmake/stm32cubemx/CMakeFiles/STM32_Drivers.dir/__/__/Drivers/STM32G4xx_HAL_Driver/Src/stm32g4xx_hal_pwr_ex.c.obj
                0x080025f4                HAL_PWREx_DisableUCPDDeadBattery
 .text.__NVIC_SetPriorityGrouping
                0x08002614       0x48 cmake/stm32cubemx/CMakeFiles/STM32_Drivers.dir/__/__/Drivers/STM32G4xx_HAL_Driver/Src/stm32g4xx_hal_cortex.c.obj
 .text.__NVIC_GetPriorityGrouping
                0x0800265c       0x1c cmake/stm32cubemx/CMakeFiles/STM32_Drivers.dir/__/__/Drivers/STM32G4xx_HAL_Driver/Src/stm32g4xx_hal_cortex.c.obj
 .text.__NVIC_EnableIRQ
                0x08002678       0x3c cmake/stm32cubemx/CMakeFiles/STM32_Drivers.dir/__/__/Drivers/STM32G4xx_HAL_Driver/Src/stm32g4xx_hal_cortex.c.obj
 .text.__NVIC_SetPriority
                0x080026b4       0x54 cmake/stm32cubemx/CMakeFiles/STM32_Drivers.dir/__/__/Drivers/STM32G4xx_HAL_Driver/Src/stm32g4xx_hal_cortex.c.obj
 .text.NVIC_EncodePriority
                0x08002708       0x66 cmake/stm32cubemx/CMakeFiles/STM32_Drivers.dir/__/__/Drivers/STM32G4xx_HAL_Driver/Src/stm32g4xx_hal_cortex.c.obj
 *fill*         0x0800276e        0x2 
 .text.SysTick_Config
                0x08002770       0x44 cmake/stm32cubemx/CMakeFiles/STM32_Drivers.dir/__/__/Drivers/STM32G4xx_HAL_Driver/Src/stm32g4xx_hal_cortex.c.obj
 .text.HAL_NVIC_SetPriorityGrouping
                0x080027b4       0x16 cmake/stm32cubemx/CMakeFiles/STM32_Drivers.dir/__/__/Drivers/STM32G4xx_HAL_Driver/Src/stm32g4xx_hal_cortex.c.obj
                0x080027b4                HAL_NVIC_SetPriorityGrouping
 .text.HAL_NVIC_SetPriority
                0x080027ca       0x34 cmake/stm32cubemx/CMakeFiles/STM32_Drivers.dir/__/__/Drivers/STM32G4xx_HAL_Driver/Src/stm32g4xx_hal_cortex.c.obj
                0x080027ca                HAL_NVIC_SetPriority
 .text.HAL_NVIC_EnableIRQ
                0x080027fe       0x1c cmake/stm32cubemx/CMakeFiles/STM32_Drivers.dir/__/__/Drivers/STM32G4xx_HAL_Driver/Src/stm32g4xx_hal_cortex.c.obj
                0x080027fe                HAL_NVIC_EnableIRQ
 .text.HAL_SYSTICK_Config
                0x0800281a       0x18 cmake/stm32cubemx/CMakeFiles/STM32_Drivers.dir/__/__/Drivers/STM32G4xx_HAL_Driver/Src/stm32g4xx_hal_cortex.c.obj
                0x0800281a                HAL_SYSTICK_Config
 *fill*         0x08002832        0x2 
 .text.HAL_FDCAN_Init
                0x08002834      0x2b4 cmake/stm32cubemx/CMakeFiles/STM32_Drivers.dir/__/__/Drivers/STM32G4xx_HAL_Driver/Src/stm32g4xx_hal_fdcan.c.obj
                0x08002834                HAL_FDCAN_Init
 .text.HAL_FDCAN_ConfigFilter
                0x08002ae8       0xb4 cmake/stm32cubemx/CMakeFiles/STM32_Drivers.dir/__/__/Drivers/STM32G4xx_HAL_Driver/Src/stm32g4xx_hal_fdcan.c.obj
                0x08002ae8                HAL_FDCAN_ConfigFilter
 .text.HAL_FDCAN_Start
                0x08002b9c       0x50 cmake/stm32cubemx/CMakeFiles/STM32_Drivers.dir/__/__/Drivers/STM32G4xx_HAL_Driver/Src/stm32g4xx_hal_fdcan.c.obj
                0x08002b9c                HAL_FDCAN_Start
 .text.HAL_FDCAN_AddMessageToTxFifoQ
                0x08002bec       0x88 cmake/stm32cubemx/CMakeFiles/STM32_Drivers.dir/__/__/Drivers/STM32G4xx_HAL_Driver/Src/stm32g4xx_hal_fdcan.c.obj
                0x08002bec                HAL_FDCAN_AddMessageToTxFifoQ
 .text.HAL_FDCAN_GetRxMessage
                0x08002c74      0x210 cmake/stm32cubemx/CMakeFiles/STM32_Drivers.dir/__/__/Drivers/STM32G4xx_HAL_Driver/Src/stm32g4xx_hal_fdcan.c.obj
                0x08002c74                HAL_FDCAN_GetRxMessage
 .text.HAL_FDCAN_ActivateNotification
                0x08002e84      0x1cc cmake/stm32cubemx/CMakeFiles/STM32_Drivers.dir/__/__/Drivers/STM32G4xx_HAL_Driver/Src/stm32g4xx_hal_fdcan.c.obj
                0x08002e84                HAL_FDCAN_ActivateNotification
 .text.HAL_FDCAN_IRQHandler
                0x08003050      0x266 cmake/stm32cubemx/CMakeFiles/STM32_Drivers.dir/__/__/Drivers/STM32G4xx_HAL_Driver/Src/stm32g4xx_hal_fdcan.c.obj
                0x08003050                HAL_FDCAN_IRQHandler
 .text.HAL_FDCAN_TxEventFifoCallback
                0x080032b6       0x16 cmake/stm32cubemx/CMakeFiles/STM32_Drivers.dir/__/__/Drivers/STM32G4xx_HAL_Driver/Src/stm32g4xx_hal_fdcan.c.obj
                0x080032b6                HAL_FDCAN_TxEventFifoCallback
 .text.HAL_FDCAN_RxFifo1Callback
                0x080032cc       0x16 cmake/stm32cubemx/CMakeFiles/STM32_Drivers.dir/__/__/Drivers/STM32G4xx_HAL_Driver/Src/stm32g4xx_hal_fdcan.c.obj
                0x080032cc                HAL_FDCAN_RxFifo1Callback
 .text.HAL_FDCAN_TxFifoEmptyCallback
                0x080032e2       0x14 cmake/stm32cubemx/CMakeFiles/STM32_Drivers.dir/__/__/Drivers/STM32G4xx_HAL_Driver/Src/stm32g4xx_hal_fdcan.c.obj
                0x080032e2                HAL_FDCAN_TxFifoEmptyCallback
 .text.HAL_FDCAN_TxBufferCompleteCallback
                0x080032f6       0x16 cmake/stm32cubemx/CMakeFiles/STM32_Drivers.dir/__/__/Drivers/STM32G4xx_HAL_Driver/Src/stm32g4xx_hal_fdcan.c.obj
                0x080032f6                HAL_FDCAN_TxBufferCompleteCallback
 .text.HAL_FDCAN_TxBufferAbortCallback
                0x0800330c       0x16 cmake/stm32cubemx/CMakeFiles/STM32_Drivers.dir/__/__/Drivers/STM32G4xx_HAL_Driver/Src/stm32g4xx_hal_fdcan.c.obj
                0x0800330c                HAL_FDCAN_TxBufferAbortCallback
 .text.HAL_FDCAN_TimestampWraparoundCallback
                0x08003322       0x14 cmake/stm32cubemx/CMakeFiles/STM32_Drivers.dir/__/__/Drivers/STM32G4xx_HAL_Driver/Src/stm32g4xx_hal_fdcan.c.obj
                0x08003322                HAL_FDCAN_TimestampWraparoundCallback
 .text.HAL_FDCAN_TimeoutOccurredCallback
                0x08003336       0x14 cmake/stm32cubemx/CMakeFiles/STM32_Drivers.dir/__/__/Drivers/STM32G4xx_HAL_Driver/Src/stm32g4xx_hal_fdcan.c.obj
                0x08003336                HAL_FDCAN_TimeoutOccurredCallback
 .text.HAL_FDCAN_HighPriorityMessageCallback
                0x0800334a       0x14 cmake/stm32cubemx/CMakeFiles/STM32_Drivers.dir/__/__/Drivers/STM32G4xx_HAL_Driver/Src/stm32g4xx_hal_fdcan.c.obj
                0x0800334a                HAL_FDCAN_HighPriorityMessageCallback
 .text.HAL_FDCAN_ErrorCallback
                0x0800335e       0x14 cmake/stm32cubemx/CMakeFiles/STM32_Drivers.dir/__/__/Drivers/STM32G4xx_HAL_Driver/Src/stm32g4xx_hal_fdcan.c.obj
                0x0800335e                HAL_FDCAN_ErrorCallback
 .text.HAL_FDCAN_ErrorStatusCallback
                0x08003372       0x16 cmake/stm32cubemx/CMakeFiles/STM32_Drivers.dir/__/__/Drivers/STM32G4xx_HAL_Driver/Src/stm32g4xx_hal_fdcan.c.obj
                0x08003372                HAL_FDCAN_ErrorStatusCallback
 .text.FDCAN_CalcultateRamBlockAddresses
                0x08003388       0xd8 cmake/stm32cubemx/CMakeFiles/STM32_Drivers.dir/__/__/Drivers/STM32G4xx_HAL_Driver/Src/stm32g4xx_hal_fdcan.c.obj
 .text.FDCAN_CopyMessageToRAM
                0x08003460       0xf8 cmake/stm32cubemx/CMakeFiles/STM32_Drivers.dir/__/__/Drivers/STM32G4xx_HAL_Driver/Src/stm32g4xx_hal_fdcan.c.obj
 .text.HAL_TIM_Base_Init
                0x08003558       0xae cmake/stm32cubemx/CMakeFiles/STM32_Drivers.dir/__/__/Drivers/STM32G4xx_HAL_Driver/Src/stm32g4xx_hal_tim.c.obj
                0x08003558                HAL_TIM_Base_Init
 .text.HAL_TIM_PWM_Init
                0x08003606       0xae cmake/stm32cubemx/CMakeFiles/STM32_Drivers.dir/__/__/Drivers/STM32G4xx_HAL_Driver/Src/stm32g4xx_hal_tim.c.obj
                0x08003606                HAL_TIM_PWM_Init
 .text.HAL_TIM_PWM_Start
                0x080036b4      0x224 cmake/stm32cubemx/CMakeFiles/STM32_Drivers.dir/__/__/Drivers/STM32G4xx_HAL_Driver/Src/stm32g4xx_hal_tim.c.obj
                0x080036b4                HAL_TIM_PWM_Start
 .text.HAL_TIM_PWM_ConfigChannel
                0x080038d8      0x228 cmake/stm32cubemx/CMakeFiles/STM32_Drivers.dir/__/__/Drivers/STM32G4xx_HAL_Driver/Src/stm32g4xx_hal_tim.c.obj
                0x080038d8                HAL_TIM_PWM_ConfigChannel
 .text.HAL_TIM_ConfigClockSource
                0x08003b00      0x22c cmake/stm32cubemx/CMakeFiles/STM32_Drivers.dir/__/__/Drivers/STM32G4xx_HAL_Driver/Src/stm32g4xx_hal_tim.c.obj
                0x08003b00                HAL_TIM_ConfigClockSource
 .text.TIM_Base_SetConfig
                0x08003d2c      0x168 cmake/stm32cubemx/CMakeFiles/STM32_Drivers.dir/__/__/Drivers/STM32G4xx_HAL_Driver/Src/stm32g4xx_hal_tim.c.obj
                0x08003d2c                TIM_Base_SetConfig
 .text.TIM_OC1_SetConfig
                0x08003e94      0x134 cmake/stm32cubemx/CMakeFiles/STM32_Drivers.dir/__/__/Drivers/STM32G4xx_HAL_Driver/Src/stm32g4xx_hal_tim.c.obj
 .text.TIM_OC2_SetConfig
                0x08003fc8      0x128 cmake/stm32cubemx/CMakeFiles/STM32_Drivers.dir/__/__/Drivers/STM32G4xx_HAL_Driver/Src/stm32g4xx_hal_tim.c.obj
                0x08003fc8                TIM_OC2_SetConfig
 .text.TIM_OC3_SetConfig
                0x080040f0      0x124 cmake/stm32cubemx/CMakeFiles/STM32_Drivers.dir/__/__/Drivers/STM32G4xx_HAL_Driver/Src/stm32g4xx_hal_tim.c.obj
 .text.TIM_OC4_SetConfig
                0x08004214      0x128 cmake/stm32cubemx/CMakeFiles/STM32_Drivers.dir/__/__/Drivers/STM32G4xx_HAL_Driver/Src/stm32g4xx_hal_tim.c.obj
 .text.TIM_OC5_SetConfig
                0x0800433c       0xd4 cmake/stm32cubemx/CMakeFiles/STM32_Drivers.dir/__/__/Drivers/STM32G4xx_HAL_Driver/Src/stm32g4xx_hal_tim.c.obj
 .text.TIM_OC6_SetConfig
                0x08004410       0xd8 cmake/stm32cubemx/CMakeFiles/STM32_Drivers.dir/__/__/Drivers/STM32G4xx_HAL_Driver/Src/stm32g4xx_hal_tim.c.obj
 .text.TIM_TI1_ConfigInputStage
                0x080044e8       0x5e cmake/stm32cubemx/CMakeFiles/STM32_Drivers.dir/__/__/Drivers/STM32G4xx_HAL_Driver/Src/stm32g4xx_hal_tim.c.obj
 .text.TIM_TI2_ConfigInputStage
                0x08004546       0x60 cmake/stm32cubemx/CMakeFiles/STM32_Drivers.dir/__/__/Drivers/STM32G4xx_HAL_Driver/Src/stm32g4xx_hal_tim.c.obj
 .text.TIM_ITRx_SetConfig
                0x080045a6       0x3a cmake/stm32cubemx/CMakeFiles/STM32_Drivers.dir/__/__/Drivers/STM32G4xx_HAL_Driver/Src/stm32g4xx_hal_tim.c.obj
 .text.TIM_ETR_SetConfig
                0x080045e0       0x40 cmake/stm32cubemx/CMakeFiles/STM32_Drivers.dir/__/__/Drivers/STM32G4xx_HAL_Driver/Src/stm32g4xx_hal_tim.c.obj
                0x080045e0                TIM_ETR_SetConfig
 .text.TIM_CCxChannelCmd
                0x08004620       0x4a cmake/stm32cubemx/CMakeFiles/STM32_Drivers.dir/__/__/Drivers/STM32G4xx_HAL_Driver/Src/stm32g4xx_hal_tim.c.obj
                0x08004620                TIM_CCxChannelCmd
 *fill*         0x0800466a        0x2 
 .text.HAL_TIMEx_MasterConfigSynchronization
                0x0800466c      0x12c cmake/stm32cubemx/CMakeFiles/STM32_Drivers.dir/__/__/Drivers/STM32G4xx_HAL_Driver/Src/stm32g4xx_hal_tim_ex.c.obj
                0x0800466c                HAL_TIMEx_MasterConfigSynchronization
 .text.HAL_TIMEx_ConfigBreakDeadTime
                0x08004798      0x128 cmake/stm32cubemx/CMakeFiles/STM32_Drivers.dir/__/__/Drivers/STM32G4xx_HAL_Driver/Src/stm32g4xx_hal_tim_ex.c.obj
                0x08004798                HAL_TIMEx_ConfigBreakDeadTime
 .text.LV3_CAN_AUX_RxFifo0Callback
                0x080048c0      0x138 CMakeFiles/HV-BPS.dir/Core/Src/main.c.obj
                0x080048c0                LV3_CAN_AUX_RxFifo0Callback
 .text.send_bms_obd2_clear_faults
                0x080049f8       0x50 CMakeFiles/HV-BPS.dir/Core/Src/main.c.obj
                0x080049f8                send_bms_obd2_clear_faults
 .text.main     0x08004a48      0x258 CMakeFiles/HV-BPS.dir/Core/Src/main.c.obj
                0x08004a48                main
 .text.SystemClock_Config
                0x08004ca0       0x92 CMakeFiles/HV-BPS.dir/Core/Src/main.c.obj
                0x08004ca0                SystemClock_Config
 *fill*         0x08004d32        0x2 
 .text.MX_ADC4_Init
                0x08004d34       0xcc CMakeFiles/HV-BPS.dir/Core/Src/main.c.obj
 .text.MX_FDCAN2_Init
                0x08004e00       0x8c CMakeFiles/HV-BPS.dir/Core/Src/main.c.obj
 .text.MX_FDCAN3_Init
                0x08004e8c       0x8c CMakeFiles/HV-BPS.dir/Core/Src/main.c.obj
 .text.MX_TIM1_Init
                0x08004f18      0x128 CMakeFiles/HV-BPS.dir/Core/Src/main.c.obj
 .text.MX_TIM3_Init
                0x08005040      0x11c CMakeFiles/HV-BPS.dir/Core/Src/main.c.obj
 .text.MX_TIM4_Init
                0x0800515c       0x9c CMakeFiles/HV-BPS.dir/Core/Src/main.c.obj
 .text.MX_TIM5_Init
                0x080051f8       0xe0 CMakeFiles/HV-BPS.dir/Core/Src/main.c.obj
 .text.MX_GPIO_Init
                0x080052d8      0x144 CMakeFiles/HV-BPS.dir/Core/Src/main.c.obj
 .text.Error_Handler
                0x0800541c        0xc CMakeFiles/HV-BPS.dir/Core/Src/main.c.obj
                0x0800541c                Error_Handler
 .text.NMI_Handler
                0x08005428        0x8 CMakeFiles/HV-BPS.dir/Core/Src/stm32g4xx_it.c.obj
                0x08005428                NMI_Handler
 .text.HardFault_Handler
                0x08005430        0x8 CMakeFiles/HV-BPS.dir/Core/Src/stm32g4xx_it.c.obj
                0x08005430                HardFault_Handler
 .text.MemManage_Handler
                0x08005438        0x8 CMakeFiles/HV-BPS.dir/Core/Src/stm32g4xx_it.c.obj
                0x08005438                MemManage_Handler
 .text.BusFault_Handler
                0x08005440        0x8 CMakeFiles/HV-BPS.dir/Core/Src/stm32g4xx_it.c.obj
                0x08005440                BusFault_Handler
 .text.UsageFault_Handler
                0x08005448        0x8 CMakeFiles/HV-BPS.dir/Core/Src/stm32g4xx_it.c.obj
                0x08005448                UsageFault_Handler
 .text.SVC_Handler
                0x08005450        0xe CMakeFiles/HV-BPS.dir/Core/Src/stm32g4xx_it.c.obj
                0x08005450                SVC_Handler
 .text.DebugMon_Handler
                0x0800545e        0xe CMakeFiles/HV-BPS.dir/Core/Src/stm32g4xx_it.c.obj
                0x0800545e                DebugMon_Handler
 .text.PendSV_Handler
                0x0800546c        0xe CMakeFiles/HV-BPS.dir/Core/Src/stm32g4xx_it.c.obj
                0x0800546c                PendSV_Handler
 .text.SysTick_Handler
                0x0800547a        0xc CMakeFiles/HV-BPS.dir/Core/Src/stm32g4xx_it.c.obj
                0x0800547a                SysTick_Handler
 *fill*         0x08005486        0x2 
 .text.FDCAN2_IT0_IRQHandler
                0x08005488       0x14 CMakeFiles/HV-BPS.dir/Core/Src/stm32g4xx_it.c.obj
                0x08005488                FDCAN2_IT0_IRQHandler
 .text.FDCAN2_IT1_IRQHandler
                0x0800549c       0x14 CMakeFiles/HV-BPS.dir/Core/Src/stm32g4xx_it.c.obj
                0x0800549c                FDCAN2_IT1_IRQHandler
 .text.FDCAN3_IT0_IRQHandler
                0x080054b0       0x14 CMakeFiles/HV-BPS.dir/Core/Src/stm32g4xx_it.c.obj
                0x080054b0                FDCAN3_IT0_IRQHandler
 .text.FDCAN3_IT1_IRQHandler
                0x080054c4       0x14 CMakeFiles/HV-BPS.dir/Core/Src/stm32g4xx_it.c.obj
                0x080054c4                FDCAN3_IT1_IRQHandler
 .text.HAL_MspInit
                0x080054d8       0x48 CMakeFiles/HV-BPS.dir/Core/Src/stm32g4xx_hal_msp.c.obj
                0x080054d8                HAL_MspInit
 .text.HAL_ADC_MspInit
                0x08005520       0xb0 CMakeFiles/HV-BPS.dir/Core/Src/stm32g4xx_hal_msp.c.obj
                0x08005520                HAL_ADC_MspInit
 .text.HAL_FDCAN_MspInit
                0x080055d0      0x1e8 CMakeFiles/HV-BPS.dir/Core/Src/stm32g4xx_hal_msp.c.obj
                0x080055d0                HAL_FDCAN_MspInit
 .text.HAL_TIM_PWM_MspInit
                0x080057b8       0x68 CMakeFiles/HV-BPS.dir/Core/Src/stm32g4xx_hal_msp.c.obj
                0x080057b8                HAL_TIM_PWM_MspInit
 .text.HAL_TIM_Base_MspInit
                0x08005820       0x68 CMakeFiles/HV-BPS.dir/Core/Src/stm32g4xx_hal_msp.c.obj
                0x08005820                HAL_TIM_Base_MspInit
 .text.HAL_TIM_MspPostInit
                0x08005888      0x140 CMakeFiles/HV-BPS.dir/Core/Src/stm32g4xx_hal_msp.c.obj
                0x08005888                HAL_TIM_MspPostInit
 .text.Reset_Handler
                0x080059c8       0x50 CMakeFiles/HV-BPS.dir/startup_stm32g474xx.s.obj
                0x080059c8                Reset_Handler
 .text.Default_Handler
                0x08005a18        0x2 CMakeFiles/HV-BPS.dir/startup_stm32g474xx.s.obj
                0x08005a18                RTC_Alarm_IRQHandler
                0x08005a18                EXTI2_IRQHandler
                0x08005a18                TIM8_TRG_COM_IRQHandler
                0x08005a18                TIM8_CC_IRQHandler
                0x08005a18                HRTIM1_Master_IRQHandler
                0x08005a18                SPI4_IRQHandler
                0x08005a18                TIM1_CC_IRQHandler
                0x08005a18                HRTIM1_FLT_IRQHandler
                0x08005a18                HRTIM1_TIMF_IRQHandler
                0x08005a18                USB_HP_IRQHandler
                0x08005a18                CORDIC_IRQHandler
                0x08005a18                HRTIM1_TIMD_IRQHandler
                0x08005a18                DMA2_Channel8_IRQHandler
                0x08005a18                EXTI3_IRQHandler
                0x08005a18                I2C3_ER_IRQHandler
                0x08005a18                EXTI0_IRQHandler
                0x08005a18                I2C2_EV_IRQHandler
                0x08005a18                FPU_IRQHandler
                0x08005a18                FDCAN1_IT1_IRQHandler
                0x08005a18                TIM1_UP_TIM16_IRQHandler
                0x08005a18                ADC1_2_IRQHandler
                0x08005a18                HRTIM1_TIME_IRQHandler
                0x08005a18                SPI1_IRQHandler
                0x08005a18                TIM6_DAC_IRQHandler
                0x08005a18                HRTIM1_TIMC_IRQHandler
                0x08005a18                TIM8_UP_IRQHandler
                0x08005a18                DMA2_Channel2_IRQHandler
                0x08005a18                DMA1_Channel4_IRQHandler
                0x08005a18                TIM20_TRG_COM_IRQHandler
                0x08005a18                USART3_IRQHandler
                0x08005a18                DMA1_Channel7_IRQHandler
                0x08005a18                UART5_IRQHandler
                0x08005a18                ADC3_IRQHandler
                0x08005a18                TIM4_IRQHandler
                0x08005a18                DMA2_Channel1_IRQHandler
                0x08005a18                QUADSPI_IRQHandler
                0x08005a18                I2C1_EV_IRQHandler
                0x08005a18                DMA1_Channel6_IRQHandler
                0x08005a18                UART4_IRQHandler
                0x08005a18                DMA2_Channel4_IRQHandler
                0x08005a18                TIM3_IRQHandler
                0x08005a18                RCC_IRQHandler
                0x08005a18                TIM20_UP_IRQHandler
                0x08005a18                DMA1_Channel1_IRQHandler
                0x08005a18                Default_Handler
                0x08005a18                DMA2_Channel7_IRQHandler
                0x08005a18                RTC_TAMP_LSECSS_IRQHandler
                0x08005a18                FMAC_IRQHandler
                0x08005a18                EXTI15_10_IRQHandler
                0x08005a18                DMA1_Channel8_IRQHandler
                0x08005a18                HRTIM1_TIMA_IRQHandler
                0x08005a18                TIM7_DAC_IRQHandler
                0x08005a18                TIM5_IRQHandler
                0x08005a18                UCPD1_IRQHandler
                0x08005a18                I2C3_EV_IRQHandler
                0x08005a18                EXTI9_5_IRQHandler
                0x08005a18                RTC_WKUP_IRQHandler
                0x08005a18                PVD_PVM_IRQHandler
                0x08005a18                SPI2_IRQHandler
                0x08005a18                ADC5_IRQHandler
                0x08005a18                DMA2_Channel5_IRQHandler
                0x08005a18                CRS_IRQHandler
                0x08005a18                DMA1_Channel5_IRQHandler
                0x08005a18                USB_LP_IRQHandler
                0x08005a18                EXTI4_IRQHandler
                0x08005a18                RNG_IRQHandler
                0x08005a18                HRTIM1_TIMB_IRQHandler
                0x08005a18                TIM1_TRG_COM_TIM17_IRQHandler
                0x08005a18                DMA1_Channel3_IRQHandler
                0x08005a18                ADC4_IRQHandler
                0x08005a18                WWDG_IRQHandler
                0x08005a18                I2C4_EV_IRQHandler
                0x08005a18                LPUART1_IRQHandler
                0x08005a18                DMA2_Channel6_IRQHandler
                0x08005a18                FDCAN1_IT0_IRQHandler
                0x08005a18                TIM2_IRQHandler
                0x08005a18                COMP7_IRQHandler
                0x08005a18                COMP1_2_3_IRQHandler
                0x08005a18                EXTI1_IRQHandler
                0x08005a18                USART2_IRQHandler
                0x08005a18                COMP4_5_6_IRQHandler
                0x08005a18                TIM20_BRK_IRQHandler
                0x08005a18                I2C2_ER_IRQHandler
                0x08005a18                DMA1_Channel2_IRQHandler
                0x08005a18                TIM8_BRK_IRQHandler
                0x08005a18                FLASH_IRQHandler
                0x08005a18                TIM20_CC_IRQHandler
                0x08005a18                USART1_IRQHandler
                0x08005a18                SPI3_IRQHandler
                0x08005a18                I2C1_ER_IRQHandler
                0x08005a18                FMC_IRQHandler
                0x08005a18                LPTIM1_IRQHandler
                0x08005a18                DMAMUX_OVR_IRQHandler
                0x08005a18                I2C4_ER_IRQHandler
                0x08005a18                USBWakeUp_IRQHandler
                0x08005a18                SAI1_IRQHandler
                0x08005a18                DMA2_Channel3_IRQHandler
                0x08005a18                TIM1_BRK_TIM15_IRQHandler
 *fill*         0x08005a1a        0x2 
 .text.LV3_CAN_Init
                0x08005a1c       0x58 LV3-CAN-Subsystem/libLV3-CAN-Subsystem.a(LV3_CAN.c.obj)
                0x08005a1c                LV3_CAN_Init
 .text.LV3_CAN_Loop
                0x08005a74      0x28c LV3-CAN-Subsystem/libLV3-CAN-Subsystem.a(LV3_CAN.c.obj)
                0x08005a74                LV3_CAN_Loop
 .text.LV3_CAN_PushNewMessage
                0x08005d00       0xf0 LV3-CAN-Subsystem/libLV3-CAN-Subsystem.a(LV3_CAN.c.obj)
                0x08005d00                LV3_CAN_PushNewMessage
 .text.HAL_FDCAN_RxFifo0Callback
                0x08005df0       0x54 LV3-CAN-Subsystem/libLV3-CAN-Subsystem.a(LV3_CAN_Driver.c.obj)
                0x08005df0                HAL_FDCAN_RxFifo0Callback
 .text.LV3_CAN_Driver_Init
                0x08005e44       0x60 LV3-CAN-Subsystem/libLV3-CAN-Subsystem.a(LV3_CAN_Driver.c.obj)
                0x08005e44                LV3_CAN_Driver_Init
 .text.LV3_CAN_Driver_SendMessage
                0x08005ea4       0x64 LV3-CAN-Subsystem/libLV3-CAN-Subsystem.a(LV3_CAN_Driver.c.obj)
                0x08005ea4                LV3_CAN_Driver_SendMessage
 .text.LV3_CAN_Driver_SetLED
                0x08005f08       0x3c LV3-CAN-Subsystem/libLV3-CAN-Subsystem.a(LV3_CAN_Driver.c.obj)
                0x08005f08                LV3_CAN_Driver_SetLED
 .text.LV3_CAN_Driver_GetTick
                0x08005f44        0xe LV3-CAN-Subsystem/libLV3-CAN-Subsystem.a(LV3_CAN_Driver.c.obj)
                0x08005f44                LV3_CAN_Driver_GetTick
 .text.memset   0x08005f52       0x10 C:/Users/cyfin/AppData/Local/stm32cube/bundles/gnu-tools-for-stm32/13.3.1+st.9/bin/../lib/gcc/arm-none-eabi/13.3.1/../../../../arm-none-eabi/lib/thumb/v7e-m+fp/hard\libg_nano.a(libc_a-memset.o)
                0x08005f52                memset
 *fill*         0x08005f62        0x2 
 .text.__libc_init_array
                0x08005f64       0x48 C:/Users/cyfin/AppData/Local/stm32cube/bundles/gnu-tools-for-stm32/13.3.1+st.9/bin/../lib/gcc/arm-none-eabi/13.3.1/../../../../arm-none-eabi/lib/thumb/v7e-m+fp/hard\libg_nano.a(libc_a-init.o)
                0x08005f64                __libc_init_array
 *(.glue_7)
 .glue_7        0x08005fac        0x0 linker stubs
 *(.glue_7t)
 .glue_7t       0x08005fac        0x0 linker stubs
 *(.eh_frame)
 .eh_frame      0x08005fac        0x0 C:/Users/cyfin/AppData/Local/stm32cube/bundles/gnu-tools-for-stm32/13.3.1+st.9/bin/../lib/gcc/arm-none-eabi/13.3.1/thumb/v7e-m+fp/hard/crtbegin.o
 *(.init)
 .init          0x08005fac        0x4 C:/Users/cyfin/AppData/Local/stm32cube/bundles/gnu-tools-for-stm32/13.3.1+st.9/bin/../lib/gcc/arm-none-eabi/13.3.1/thumb/v7e-m+fp/hard/crti.o
                0x08005fac                _init
 .init          0x08005fb0        0x8 C:/Users/cyfin/AppData/Local/stm32cube/bundles/gnu-tools-for-stm32/13.3.1+st.9/bin/../lib/gcc/arm-none-eabi/13.3.1/thumb/v7e-m+fp/hard/crtn.o
 *(.fini)
 .fini          0x08005fb8        0x4 C:/Users/cyfin/AppData/Local/stm32cube/bundles/gnu-tools-for-stm32/13.3.1+st.9/bin/../lib/gcc/arm-none-eabi/13.3.1/thumb/v7e-m+fp/hard/crti.o
                0x08005fb8                _fini
 .fini          0x08005fbc        0x8 C:/Users/cyfin/AppData/Local/stm32cube/bundles/gnu-tools-for-stm32/13.3.1+st.9/bin/../lib/gcc/arm-none-eabi/13.3.1/thumb/v7e-m+fp/hard/crtn.o
                0x08005fc4                        . = ALIGN (0x4)
                0x08005fc4                        _etext = .

.vfp11_veneer   0x08005fc4        0x0
 .vfp11_veneer  0x08005fc4        0x0 linker stubs

.v4_bx          0x08005fc4        0x0
 .v4_bx         0x08005fc4        0x0 linker stubs

.iplt           0x08005fc4        0x0
 .iplt          0x08005fc4        0x0 C:/Users/cyfin/AppData/Local/stm32cube/bundles/gnu-tools-for-stm32/13.3.1+st.9/bin/../lib/gcc/arm-none-eabi/13.3.1/thumb/v7e-m+fp/hard/crtbegin.o

.rodata         0x08005fc4      0x45c
                0x08005fc4                        . = ALIGN (0x4)
 *(.rodata)
 .rodata        0x08005fc4      0x423 LV3-CAN-Subsystem/libLV3-CAN-Subsystem.a(LV3_CAN.c.obj)
 *(.rodata*)
 *fill*         0x080063e7        0x1 
 .rodata.AHBPrescTable
                0x080063e8       0x10 cmake/stm32cubemx/CMakeFiles/STM32_Drivers.dir/__/__/Core/Src/system_stm32g4xx.c.obj
                0x080063e8                AHBPrescTable
 .rodata.DLCtoBytes
                0x080063f8       0x10 cmake/stm32cubemx/CMakeFiles/STM32_Drivers.dir/__/__/Drivers/STM32G4xx_HAL_Driver/Src/stm32g4xx_hal_fdcan.c.obj
 .rodata.lv3_can_bindings
                0x08006408       0x18 CMakeFiles/HV-BPS.dir/Core/Src/main.c.obj
                0x08006408                lv3_can_bindings
                0x08006420                        . = ALIGN (0x4)

.ARM.extab      0x08006420        0x0
                0x08006420                        . = ALIGN (0x4)
 *(.ARM.extab* .gnu.linkonce.armextab.*)
                0x08006420                        . = ALIGN (0x4)

.ARM            0x08006420        0x0
                0x08006420                        . = ALIGN (0x4)
                0x08006420                        __exidx_start = .
 *(.ARM.exidx*)
                0x08006420                        __exidx_end = .
                0x08006420                        . = ALIGN (0x4)

.preinit_array  0x08006420        0x0
                0x08006420                        . = ALIGN (0x4)
                0x08006420                        PROVIDE (__preinit_array_start = .)
 *(.preinit_array*)
                0x08006420                        PROVIDE (__preinit_array_end = .)
                0x08006420                        . = ALIGN (0x4)

.init_array     0x08006420        0x4
                0x08006420                        . = ALIGN (0x4)
                0x08006420                        PROVIDE (__init_array_start = .)
 *(SORT_BY_NAME(.init_array.*))
 *(.init_array*)
 .init_array    0x08006420        0x4 C:/Users/cyfin/AppData/Local/stm32cube/bundles/gnu-tools-for-stm32/13.3.1+st.9/bin/../lib/gcc/arm-none-eabi/13.3.1/thumb/v7e-m+fp/hard/crtbegin.o
                0x08006424                        PROVIDE (__init_array_end = .)
                0x08006424                        . = ALIGN (0x4)

.fini_array     0x08006424        0x4
                0x08006424                        . = ALIGN (0x4)
                [!provide]                        PROVIDE (__fini_array_start = .)
 *(SORT_BY_NAME(.fini_array.*))
 *(.fini_array*)
 .fini_array    0x08006424        0x4 C:/Users/cyfin/AppData/Local/stm32cube/bundles/gnu-tools-for-stm32/13.3.1+st.9/bin/../lib/gcc/arm-none-eabi/13.3.1/thumb/v7e-m+fp/hard/crtbegin.o
                [!provide]                        PROVIDE (__fini_array_end = .)
                0x08006428                        . = ALIGN (0x4)
                0x08006428                        _sidata = LOADADDR (.data)

.rel.dyn        0x08006428        0x0
 .rel.iplt      0x08006428        0x0 C:/Users/cyfin/AppData/Local/stm32cube/bundles/gnu-tools-for-stm32/13.3.1+st.9/bin/../lib/gcc/arm-none-eabi/13.3.1/thumb/v7e-m+fp/hard/crtbegin.o

.data           0x20000000      0x5f4 load address 0x08006428
                0x20000000                        . = ALIGN (0x4)
                0x20000000                        _sdata = .
 *(.data)
 *(.data*)
 .data.SystemCoreClock
                0x20000000        0x4 cmake/stm32cubemx/CMakeFiles/STM32_Drivers.dir/__/__/Core/Src/system_stm32g4xx.c.obj
                0x20000000                SystemCoreClock
 .data.uwTickPrio
                0x20000004        0x4 cmake/stm32cubemx/CMakeFiles/STM32_Drivers.dir/__/__/Drivers/STM32G4xx_HAL_Driver/Src/stm32g4xx_hal.c.obj
                0x20000004                uwTickPrio
 .data.uwTickFreq
                0x20000008        0x4 cmake/stm32cubemx/CMakeFiles/STM32_Drivers.dir/__/__/Drivers/STM32G4xx_HAL_Driver/Src/stm32g4xx_hal.c.obj
                0x20000008                uwTickFreq
 .data.param_metadata
                0x2000000c      0x5e8 LV3-CAN-Subsystem/libLV3-CAN-Subsystem.a(LV3_CAN.c.obj)
 *(.RamFunc)
 *(.RamFunc*)
                0x200005f4                        . = ALIGN (0x4)

.igot.plt       0x200005f4        0x0 load address 0x08006a1c
 .igot.plt      0x200005f4        0x0 C:/Users/cyfin/AppData/Local/stm32cube/bundles/gnu-tools-for-stm32/13.3.1+st.9/bin/../lib/gcc/arm-none-eabi/13.3.1/thumb/v7e-m+fp/hard/crtbegin.o

.tdata          0x200005f4        0x0 load address 0x08006a1c
 *(.tdata .tdata.* .gnu.linkonce.td.*)
                0x200005f4                        . = ALIGN (0x4)
                0x200005f4                        _edata = .
                [!provide]                        PROVIDE (__data_end = .)
                [!provide]                        PROVIDE (__tdata_end = .)
                [!provide]                        PROVIDE (__tdata_start = ADDR (.tdata))
                [!provide]                        PROVIDE (__tdata_size = (__tdata_end - __tdata_start))
                [!provide]                        PROVIDE (__data_start = ADDR (.data))
                [!provide]                        PROVIDE (__data_size = (__data_end - __data_start))
                [!provide]                        PROVIDE (__tdata_source = LOADADDR (.tdata))
                [!provide]                        PROVIDE (__tdata_source_end = (LOADADDR (.tdata) + SIZEOF (.tdata)))
                [!provide]                        PROVIDE (__tdata_source_size = (__tdata_source_end - __tdata_source))
                [!provide]                        PROVIDE (__data_source = LOADADDR (.data))
                [!provide]                        PROVIDE (__data_source_end = __tdata_source_end)
                [!provide]                        PROVIDE (__data_source_size = (__data_source_end - __data_source))

.tbss           0x200005f4        0x0 load address 0x08006a1c
                0x200005f4                        _sbss = .
                0x200005f4                        __bss_start__ = _sbss
 *(.tbss .tbss.*)
                0x200005f4                        . = ALIGN (0x4)
                [!provide]                        PROVIDE (__tbss_end = .)
                [!provide]                        PROVIDE (__tbss_start = ADDR (.tbss))
                [!provide]                        PROVIDE (__tbss_size = (__tbss_end - __tbss_start))
                [!provide]                        PROVIDE (__tbss_offset = (ADDR (.tbss) - ADDR (.tdata)))
                [!provide]                        PROVIDE (__tls_base = __tdata_start)
                [!provide]                        PROVIDE (__tls_end = __tbss_end)
                [!provide]                        PROVIDE (__tls_size = (__tls_end - __tls_base))
                [!provide]                        PROVIDE (__tls_align = MAX (ALIGNOF (.tdata), ALIGNOF (.tbss)))
                [!provide]                        PROVIDE (__tls_size_align = (((__tls_size + __tls_align) - 0x1) & ~ ((__tls_align - 0x1))))
                [!provide]                        PROVIDE (__arm32_tls_tcb_offset = MAX (0x8, __tls_align))
                [!provide]                        PROVIDE (__arm64_tls_tcb_offset = MAX (0x10, __tls_align))

.bss            0x200005f4      0x744 load address 0x08006a1c
 *(.bss)
 .bss           0x200005f4       0x1c C:/Users/cyfin/AppData/Local/stm32cube/bundles/gnu-tools-for-stm32/13.3.1+st.9/bin/../lib/gcc/arm-none-eabi/13.3.1/thumb/v7e-m+fp/hard/crtbegin.o
 *(.bss*)
 .bss.uwTick    0x20000610        0x4 cmake/stm32cubemx/CMakeFiles/STM32_Drivers.dir/__/__/Drivers/STM32G4xx_HAL_Driver/Src/stm32g4xx_hal.c.obj
                0x20000610                uwTick
 .bss.hadc4     0x20000614       0x6c CMakeFiles/HV-BPS.dir/Core/Src/main.c.obj
                0x20000614                hadc4
 .bss.hfdcan2   0x20000680       0x64 CMakeFiles/HV-BPS.dir/Core/Src/main.c.obj
                0x20000680                hfdcan2
 .bss.hfdcan3   0x200006e4       0x64 CMakeFiles/HV-BPS.dir/Core/Src/main.c.obj
                0x200006e4                hfdcan3
 .bss.htim1     0x20000748       0x4c CMakeFiles/HV-BPS.dir/Core/Src/main.c.obj
                0x20000748                htim1
 .bss.htim3     0x20000794       0x4c CMakeFiles/HV-BPS.dir/Core/Src/main.c.obj
                0x20000794                htim3
 .bss.htim4     0x200007e0       0x4c CMakeFiles/HV-BPS.dir/Core/Src/main.c.obj
                0x200007e0                htim4
 .bss.htim5     0x2000082c       0x4c CMakeFiles/HV-BPS.dir/Core/Src/main.c.obj
                0x2000082c                htim5
 .bss.e_stop_sense
                0x20000878        0x1 CMakeFiles/HV-BPS.dir/Core/Src/main.c.obj
                0x20000878                e_stop_sense
 .bss.bms_dch_en
                0x20000879        0x1 CMakeFiles/HV-BPS.dir/Core/Src/main.c.obj
                0x20000879                bms_dch_en
 *fill*         0x2000087a        0x2 
 .bss.contactor_enabled
                0x2000087c        0x4 CMakeFiles/HV-BPS.dir/Core/Src/main.c.obj
                0x2000087c                contactor_enabled
 .bss.last_message_id
                0x20000880        0x4 CMakeFiles/HV-BPS.dir/Core/Src/main.c.obj
                0x20000880                last_message_id
 .bss.bms_supply_rail
                0x20000884        0x2 CMakeFiles/HV-BPS.dir/Core/Src/main.c.obj
                0x20000884                bms_supply_rail
 *fill*         0x20000886        0x2 
 .bss.cell_voltages
                0x20000888       0x90 CMakeFiles/HV-BPS.dir/Core/Src/main.c.obj
                0x20000888                cell_voltages
 .bss.thermistor_temp
                0x20000918        0x8 CMakeFiles/HV-BPS.dir/Core/Src/main.c.obj
                0x20000918                thermistor_temp
 .bss.average_thermistor_temp
                0x20000920        0x4 CMakeFiles/HV-BPS.dir/Core/Src/main.c.obj
                0x20000920                average_thermistor_temp
 .bss.max_thermistor_temp
                0x20000924        0x4 CMakeFiles/HV-BPS.dir/Core/Src/main.c.obj
                0x20000924                max_thermistor_temp
 .bss.HAL_RCC_FDCAN_CLK_ENABLED
                0x20000928        0x4 CMakeFiles/HV-BPS.dir/Core/Src/stm32g4xx_hal_msp.c.obj
 .bss.bindings  0x2000092c        0x4 LV3-CAN-Subsystem/libLV3-CAN-Subsystem.a(LV3_CAN.c.obj)
 .bss.num_bindings
                0x20000930        0x4 LV3-CAN-Subsystem/libLV3-CAN-Subsystem.a(LV3_CAN.c.obj)
 .bss.this_module_id
                0x20000934        0x1 LV3-CAN-Subsystem/libLV3-CAN-Subsystem.a(LV3_CAN.c.obj)
 *fill*         0x20000935        0x3 
 .bss.param_state
                0x20000938      0x3f0 LV3-CAN-Subsystem/libLV3-CAN-Subsystem.a(LV3_CAN.c.obj)
 .bss.stale_data
                0x20000d28        0x1 LV3-CAN-Subsystem/libLV3-CAN-Subsystem.a(LV3_CAN.c.obj)
 .bss.tx_error  0x20000d29        0x1 LV3-CAN-Subsystem/libLV3-CAN-Subsystem.a(LV3_CAN.c.obj)
 .bss.bus_conflict
                0x20000d2a        0x1 LV3-CAN-Subsystem/libLV3-CAN-Subsystem.a(LV3_CAN.c.obj)
 .bss.system_status
                0x20000d2b        0x1 LV3-CAN-Subsystem/libLV3-CAN-Subsystem.a(LV3_CAN.c.obj)
 .bss.heartbeat_timestamp
                0x20000d2c        0x4 LV3-CAN-Subsystem/libLV3-CAN-Subsystem.a(LV3_CAN.c.obj)
 .bss.heartbeat_counter
                0x20000d30        0x4 LV3-CAN-Subsystem/libLV3-CAN-Subsystem.a(LV3_CAN.c.obj)
 .bss.heartbeat_pulse_in_progress
                0x20000d34        0x1 LV3-CAN-Subsystem/libLV3-CAN-Subsystem.a(LV3_CAN.c.obj)
 .bss.heartbeat_reset_occurred
                0x20000d35        0x1 LV3-CAN-Subsystem/libLV3-CAN-Subsystem.a(LV3_CAN.c.obj)
 *(COMMON)
                0x20000d38                        . = ALIGN (0x4)
 *fill*         0x20000d36        0x2 
                0x20000d38                        _ebss = .
                0x20000d38                        __bss_end__ = _ebss
                [!provide]                        PROVIDE (__bss_end = .)
                [!provide]                        PROVIDE (__non_tls_bss_start = ADDR (.bss))
                [!provide]                        PROVIDE (__bss_start = __tbss_start)
                [!provide]                        PROVIDE (__bss_size = (__bss_end - __bss_start))

._user_heap_stack
                0x20000d38      0x600 load address 0x08006a1c
                0x20000d38                        . = ALIGN (0x8)
                [!provide]                        PROVIDE (end = .)
                0x20000d38                        PROVIDE (_end = .)
                0x20000f38                        . = (. + _Min_Heap_Size)
 *fill*         0x20000d38      0x200 
                0x20001338                        . = (. + _Min_Stack_Size)
 *fill*         0x20000f38      0x400 
                0x20001338                        . = ALIGN (0x8)

/DISCARD/
 libc.a:*(*)
 libm.a:*(*)
 libgcc.a:*(*)
OUTPUT(HV-BPS.elf elf32-littlearm)
LOAD linker stubs

.ARM.attributes
                0x00000000       0x30
 .ARM.attributes
                0x00000000       0x22 C:/Users/cyfin/AppData/Local/stm32cube/bundles/gnu-tools-for-stm32/13.3.1+st.9/bin/../lib/gcc/arm-none-eabi/13.3.1/thumb/v7e-m+fp/hard/crti.o
 .ARM.attributes
                0x00000022       0x34 C:/Users/cyfin/AppData/Local/stm32cube/bundles/gnu-tools-for-stm32/13.3.1+st.9/bin/../lib/gcc/arm-none-eabi/13.3.1/thumb/v7e-m+fp/hard/crtbegin.o
 .ARM.attributes
                0x00000056       0x34 cmake/stm32cubemx/CMakeFiles/STM32_Drivers.dir/__/__/Core/Src/system_stm32g4xx.c.obj
 .ARM.attributes
                0x0000008a       0x34 cmake/stm32cubemx/CMakeFiles/STM32_Drivers.dir/__/__/Drivers/STM32G4xx_HAL_Driver/Src/stm32g4xx_hal_adc.c.obj
 .ARM.attributes
                0x000000be       0x34 cmake/stm32cubemx/CMakeFiles/STM32_Drivers.dir/__/__/Drivers/STM32G4xx_HAL_Driver/Src/stm32g4xx_hal.c.obj
 .ARM.attributes
                0x000000f2       0x34 cmake/stm32cubemx/CMakeFiles/STM32_Drivers.dir/__/__/Drivers/STM32G4xx_HAL_Driver/Src/stm32g4xx_hal_rcc.c.obj
 .ARM.attributes
                0x00000126       0x34 cmake/stm32cubemx/CMakeFiles/STM32_Drivers.dir/__/__/Drivers/STM32G4xx_HAL_Driver/Src/stm32g4xx_hal_rcc_ex.c.obj
 .ARM.attributes
                0x0000015a       0x34 cmake/stm32cubemx/CMakeFiles/STM32_Drivers.dir/__/__/Drivers/STM32G4xx_HAL_Driver/Src/stm32g4xx_hal_gpio.c.obj
 .ARM.attributes
                0x0000018e       0x34 cmake/stm32cubemx/CMakeFiles/STM32_Drivers.dir/__/__/Drivers/STM32G4xx_HAL_Driver/Src/stm32g4xx_hal_pwr_ex.c.obj
 .ARM.attributes
                0x000001c2       0x34 cmake/stm32cubemx/CMakeFiles/STM32_Drivers.dir/__/__/Drivers/STM32G4xx_HAL_Driver/Src/stm32g4xx_hal_cortex.c.obj
 .ARM.attributes
                0x000001f6       0x34 cmake/stm32cubemx/CMakeFiles/STM32_Drivers.dir/__/__/Drivers/STM32G4xx_HAL_Driver/Src/stm32g4xx_hal_fdcan.c.obj
 .ARM.attributes
                0x0000022a       0x34 cmake/stm32cubemx/CMakeFiles/STM32_Drivers.dir/__/__/Drivers/STM32G4xx_HAL_Driver/Src/stm32g4xx_hal_tim.c.obj
 .ARM.attributes
                0x0000025e       0x34 cmake/stm32cubemx/CMakeFiles/STM32_Drivers.dir/__/__/Drivers/STM32G4xx_HAL_Driver/Src/stm32g4xx_hal_tim_ex.c.obj
 .ARM.attributes
                0x00000292       0x34 CMakeFiles/HV-BPS.dir/Core/Src/main.c.obj
 .ARM.attributes
                0x000002c6       0x34 CMakeFiles/HV-BPS.dir/Core/Src/stm32g4xx_it.c.obj
 .ARM.attributes
                0x000002fa       0x34 CMakeFiles/HV-BPS.dir/Core/Src/stm32g4xx_hal_msp.c.obj
 .ARM.attributes
                0x0000032e       0x21 CMakeFiles/HV-BPS.dir/startup_stm32g474xx.s.obj
 .ARM.attributes
                0x0000034f       0x34 LV3-CAN-Subsystem/libLV3-CAN-Subsystem.a(LV3_CAN.c.obj)
 .ARM.attributes
                0x00000383       0x34 LV3-CAN-Subsystem/libLV3-CAN-Subsystem.a(LV3_CAN_Driver.c.obj)
 .ARM.attributes
                0x000003b7       0x34 C:/Users/cyfin/AppData/Local/stm32cube/bundles/gnu-tools-for-stm32/13.3.1+st.9/bin/../lib/gcc/arm-none-eabi/13.3.1/../../../../arm-none-eabi/lib/thumb/v7e-m+fp/hard\libg_nano.a(libc_a-memset.o)
 .ARM.attributes
                0x000003eb       0x34 C:/Users/cyfin/AppData/Local/stm32cube/bundles/gnu-tools-for-stm32/13.3.1+st.9/bin/../lib/gcc/arm-none-eabi/13.3.1/../../../../arm-none-eabi/lib/thumb/v7e-m+fp/hard\libg_nano.a(libc_a-init.o)
 .ARM.attributes
                0x0000041f       0x22 C:/Users/cyfin/AppData/Local/stm32cube/bundles/gnu-tools-for-stm32/13.3.1+st.9/bin/../lib/gcc/arm-none-eabi/13.3.1/thumb/v7e-m+fp/hard/crtn.o

.comment        0x00000000       0x43
 .comment       0x00000000       0x43 cmake/stm32cubemx/CMakeFiles/STM32_Drivers.dir/__/__/Core/Src/system_stm32g4xx.c.obj
                                 0x44 (size before relaxing)
 .comment       0x00000043        0x0 cmake/stm32cubemx/CMakeFiles/STM32_Drivers.dir/__/__/Drivers/STM32G4xx_HAL_Driver/Src/stm32g4xx_hal_adc.c.obj
                                 0x44 (size before relaxing)
 .comment       0x00000043        0x0 cmake/stm32cubemx/CMakeFiles/STM32_Drivers.dir/__/__/Drivers/STM32G4xx_HAL_Driver/Src/stm32g4xx_hal.c.obj
                                 0x44 (size before relaxing)
 .comment       0x00000043        0x0 cmake/stm32cubemx/CMakeFiles/STM32_Drivers.dir/__/__/Drivers/STM32G4xx_HAL_Driver/Src/stm32g4xx_hal_rcc.c.obj
                                 0x44 (size before relaxing)
 .comment       0x00000043        0x0 cmake/stm32cubemx/CMakeFiles/STM32_Drivers.dir/__/__/Drivers/STM32G4xx_HAL_Driver/Src/stm32g4xx_hal_rcc_ex.c.obj
                                 0x44 (size before relaxing)
 .comment       0x00000043        0x0 cmake/stm32cubemx/CMakeFiles/STM32_Drivers.dir/__/__/Drivers/STM32G4xx_HAL_Driver/Src/stm32g4xx_hal_gpio.c.obj
                                 0x44 (size before relaxing)
 .comment       0x00000043        0x0 cmake/stm32cubemx/CMakeFiles/STM32_Drivers.dir/__/__/Drivers/STM32G4xx_HAL_Driver/Src/stm32g4xx_hal_pwr_ex.c.obj
                                 0x44 (size before relaxing)
 .comment       0x00000043        0x0 cmake/stm32cubemx/CMakeFiles/STM32_Drivers.dir/__/__/Drivers/STM32G4xx_HAL_Driver/Src/stm32g4xx_hal_cortex.c.obj
                                 0x44 (size before relaxing)
 .comment       0x00000043        0x0 cmake/stm32cubemx/CMakeFiles/STM32_Drivers.dir/__/__/Drivers/STM32G4xx_HAL_Driver/Src/stm32g4xx_hal_fdcan.c.obj
                                 0x44 (size before relaxing)
 .comment       0x00000043        0x0 cmake/stm32cubemx/CMakeFiles/STM32_Drivers.dir/__/__/Drivers/STM32G4xx_HAL_Driver/Src/stm32g4xx_hal_tim.c.obj
                                 0x44 (size before relaxing)
 .comment       0x00000043        0x0 cmake/stm32cubemx/CMakeFiles/STM32_Drivers.dir/__/__/Drivers/STM32G4xx_HAL_Driver/Src/stm32g4xx_hal_tim_ex.c.obj
                                 0x44 (size before relaxing)
 .comment       0x00000043        0x0 CMakeFiles/HV-BPS.dir/Core/Src/main.c.obj
                                 0x44 (size before relaxing)
 .comment       0x00000043        0x0 CMakeFiles/HV-BPS.dir/Core/Src/stm32g4xx_it.c.obj
                                 0x44 (size before relaxing)
 .comment       0x00000043        0x0 CMakeFiles/HV-BPS.dir/Core/Src/stm32g4xx_hal_msp.c.obj
                                 0x44 (size before relaxing)
 .comment       0x00000043        0x0 LV3-CAN-Subsystem/libLV3-CAN-Subsystem.a(LV3_CAN.c.obj)
                                 0x44 (size before relaxing)
 .comment       0x00000043        0x0 LV3-CAN-Subsystem/libLV3-CAN-Subsystem.a(LV3_CAN_Driver.c.obj)
                                 0x44 (size before relaxing)
 .comment       0x00000043        0x0 C:/Users/cyfin/AppData/Local/stm32cube/bundles/gnu-tools-for-stm32/13.3.1+st.9/bin/../lib/gcc/arm-none-eabi/13.3.1/../../../../arm-none-eabi/lib/thumb/v7e-m+fp/hard\libg_nano.a(libc_a-memset.o)
                                 0x44 (size before relaxing)
 .comment       0x00000043        0x0 C:/Users/cyfin/AppData/Local/stm32cube/bundles/gnu-tools-for-stm32/13.3.1+st.9/bin/../lib/gcc/arm-none-eabi/13.3.1/../../../../arm-none-eabi/lib/thumb/v7e-m+fp/hard\libg_nano.a(libc_a-init.o)
                                 0x44 (size before relaxing)

.debug_info     0x00000000    0x12d2f
 .debug_info    0x00000000      0x58e cmake/stm32cubemx/CMakeFiles/STM32_Drivers.dir/__/__/Core/Src/system_stm32g4xx.c.obj
 .debug_info    0x0000058e     0x2063 cmake/stm32cubemx/CMakeFiles/STM32_Drivers.dir/__/__/Drivers/STM32G4xx_HAL_Driver/Src/stm32g4xx_hal_adc.c.obj
 .debug_info    0x000025f1      0xb95 cmake/stm32cubemx/CMakeFiles/STM32_Drivers.dir/__/__/Drivers/STM32G4xx_HAL_Driver/Src/stm32g4xx_hal.c.obj
 .debug_info    0x00003186      0xbe0 cmake/stm32cubemx/CMakeFiles/STM32_Drivers.dir/__/__/Drivers/STM32G4xx_HAL_Driver/Src/stm32g4xx_hal_rcc.c.obj
 .debug_info    0x00003d66      0xc45 cmake/stm32cubemx/CMakeFiles/STM32_Drivers.dir/__/__/Drivers/STM32G4xx_HAL_Driver/Src/stm32g4xx_hal_rcc_ex.c.obj
 .debug_info    0x000049ab      0x763 cmake/stm32cubemx/CMakeFiles/STM32_Drivers.dir/__/__/Drivers/STM32G4xx_HAL_Driver/Src/stm32g4xx_hal_gpio.c.obj
 .debug_info    0x0000510e      0x93f cmake/stm32cubemx/CMakeFiles/STM32_Drivers.dir/__/__/Drivers/STM32G4xx_HAL_Driver/Src/stm32g4xx_hal_pwr_ex.c.obj
 .debug_info    0x00005a4d      0xdf9 cmake/stm32cubemx/CMakeFiles/STM32_Drivers.dir/__/__/Drivers/STM32G4xx_HAL_Driver/Src/stm32g4xx_hal_cortex.c.obj
 .debug_info    0x00006846     0x18bb cmake/stm32cubemx/CMakeFiles/STM32_Drivers.dir/__/__/Drivers/STM32G4xx_HAL_Driver/Src/stm32g4xx_hal_fdcan.c.obj
 .debug_info    0x00008101     0x2c52 cmake/stm32cubemx/CMakeFiles/STM32_Drivers.dir/__/__/Drivers/STM32G4xx_HAL_Driver/Src/stm32g4xx_hal_tim.c.obj
 .debug_info    0x0000ad53     0x1d95 cmake/stm32cubemx/CMakeFiles/STM32_Drivers.dir/__/__/Drivers/STM32G4xx_HAL_Driver/Src/stm32g4xx_hal_tim_ex.c.obj
 .debug_info    0x0000cae8     0x2457 CMakeFiles/HV-BPS.dir/Core/Src/main.c.obj
 .debug_info    0x0000ef3f      0x65d CMakeFiles/HV-BPS.dir/Core/Src/stm32g4xx_it.c.obj
 .debug_info    0x0000f59c     0x1c37 CMakeFiles/HV-BPS.dir/Core/Src/stm32g4xx_hal_msp.c.obj
 .debug_info    0x000111d3       0x30 CMakeFiles/HV-BPS.dir/startup_stm32g474xx.s.obj
 .debug_info    0x00011203      0x7e0 LV3-CAN-Subsystem/libLV3-CAN-Subsystem.a(LV3_CAN.c.obj)
 .debug_info    0x000119e3     0x1161 LV3-CAN-Subsystem/libLV3-CAN-Subsystem.a(LV3_CAN_Driver.c.obj)
 .debug_info    0x00012b44       0xe0 C:/Users/cyfin/AppData/Local/stm32cube/bundles/gnu-tools-for-stm32/13.3.1+st.9/bin/../lib/gcc/arm-none-eabi/13.3.1/../../../../arm-none-eabi/lib/thumb/v7e-m+fp/hard\libg_nano.a(libc_a-memset.o)
 .debug_info    0x00012c24      0x10b C:/Users/cyfin/AppData/Local/stm32cube/bundles/gnu-tools-for-stm32/13.3.1+st.9/bin/../lib/gcc/arm-none-eabi/13.3.1/../../../../arm-none-eabi/lib/thumb/v7e-m+fp/hard\libg_nano.a(libc_a-init.o)

.debug_abbrev   0x00000000     0x278a
 .debug_abbrev  0x00000000      0x11a cmake/stm32cubemx/CMakeFiles/STM32_Drivers.dir/__/__/Core/Src/system_stm32g4xx.c.obj
 .debug_abbrev  0x0000011a      0x2d3 cmake/stm32cubemx/CMakeFiles/STM32_Drivers.dir/__/__/Drivers/STM32G4xx_HAL_Driver/Src/stm32g4xx_hal_adc.c.obj
 .debug_abbrev  0x000003ed      0x271 cmake/stm32cubemx/CMakeFiles/STM32_Drivers.dir/__/__/Drivers/STM32G4xx_HAL_Driver/Src/stm32g4xx_hal.c.obj
 .debug_abbrev  0x0000065e      0x2c9 cmake/stm32cubemx/CMakeFiles/STM32_Drivers.dir/__/__/Drivers/STM32G4xx_HAL_Driver/Src/stm32g4xx_hal_rcc.c.obj
 .debug_abbrev  0x00000927      0x258 cmake/stm32cubemx/CMakeFiles/STM32_Drivers.dir/__/__/Drivers/STM32G4xx_HAL_Driver/Src/stm32g4xx_hal_rcc_ex.c.obj
 .debug_abbrev  0x00000b7f      0x1cb cmake/stm32cubemx/CMakeFiles/STM32_Drivers.dir/__/__/Drivers/STM32G4xx_HAL_Driver/Src/stm32g4xx_hal_gpio.c.obj
 .debug_abbrev  0x00000d4a      0x22c cmake/stm32cubemx/CMakeFiles/STM32_Drivers.dir/__/__/Drivers/STM32G4xx_HAL_Driver/Src/stm32g4xx_hal_pwr_ex.c.obj
 .debug_abbrev  0x00000f76      0x31c cmake/stm32cubemx/CMakeFiles/STM32_Drivers.dir/__/__/Drivers/STM32G4xx_HAL_Driver/Src/stm32g4xx_hal_cortex.c.obj
 .debug_abbrev  0x00001292      0x1e7 cmake/stm32cubemx/CMakeFiles/STM32_Drivers.dir/__/__/Drivers/STM32G4xx_HAL_Driver/Src/stm32g4xx_hal_fdcan.c.obj
 .debug_abbrev  0x00001479      0x2a7 cmake/stm32cubemx/CMakeFiles/STM32_Drivers.dir/__/__/Drivers/STM32G4xx_HAL_Driver/Src/stm32g4xx_hal_tim.c.obj
 .debug_abbrev  0x00001720      0x2c5 cmake/stm32cubemx/CMakeFiles/STM32_Drivers.dir/__/__/Drivers/STM32G4xx_HAL_Driver/Src/stm32g4xx_hal_tim_ex.c.obj
 .debug_abbrev  0x000019e5      0x33d CMakeFiles/HV-BPS.dir/Core/Src/main.c.obj
 .debug_abbrev  0x00001d22      0x15d CMakeFiles/HV-BPS.dir/Core/Src/stm32g4xx_it.c.obj
 .debug_abbrev  0x00001e7f      0x287 CMakeFiles/HV-BPS.dir/Core/Src/stm32g4xx_hal_msp.c.obj
 .debug_abbrev  0x00002106       0x24 CMakeFiles/HV-BPS.dir/startup_stm32g474xx.s.obj
 .debug_abbrev  0x0000212a      0x23a LV3-CAN-Subsystem/libLV3-CAN-Subsystem.a(LV3_CAN.c.obj)
 .debug_abbrev  0x00002364      0x2bf LV3-CAN-Subsystem/libLV3-CAN-Subsystem.a(LV3_CAN_Driver.c.obj)
 .debug_abbrev  0x00002623       0x9e C:/Users/cyfin/AppData/Local/stm32cube/bundles/gnu-tools-for-stm32/13.3.1+st.9/bin/../lib/gcc/arm-none-eabi/13.3.1/../../../../arm-none-eabi/lib/thumb/v7e-m+fp/hard\libg_nano.a(libc_a-memset.o)
 .debug_abbrev  0x000026c1       0xc9 C:/Users/cyfin/AppData/Local/stm32cube/bundles/gnu-tools-for-stm32/13.3.1+st.9/bin/../lib/gcc/arm-none-eabi/13.3.1/../../../../arm-none-eabi/lib/thumb/v7e-m+fp/hard\libg_nano.a(libc_a-init.o)

.debug_aranges  0x00000000     0x1240
 .debug_aranges
                0x00000000       0x28 cmake/stm32cubemx/CMakeFiles/STM32_Drivers.dir/__/__/Core/Src/system_stm32g4xx.c.obj
 .debug_aranges
                0x00000028      0x248 cmake/stm32cubemx/CMakeFiles/STM32_Drivers.dir/__/__/Drivers/STM32G4xx_HAL_Driver/Src/stm32g4xx_hal_adc.c.obj
 .debug_aranges
                0x00000270      0x148 cmake/stm32cubemx/CMakeFiles/STM32_Drivers.dir/__/__/Drivers/STM32G4xx_HAL_Driver/Src/stm32g4xx_hal.c.obj
 .debug_aranges
                0x000003b8       0x98 cmake/stm32cubemx/CMakeFiles/STM32_Drivers.dir/__/__/Drivers/STM32G4xx_HAL_Driver/Src/stm32g4xx_hal_rcc.c.obj
 .debug_aranges
                0x00000450       0xb0 cmake/stm32cubemx/CMakeFiles/STM32_Drivers.dir/__/__/Drivers/STM32G4xx_HAL_Driver/Src/stm32g4xx_hal_rcc_ex.c.obj
 .debug_aranges
                0x00000500       0x58 cmake/stm32cubemx/CMakeFiles/STM32_Drivers.dir/__/__/Drivers/STM32G4xx_HAL_Driver/Src/stm32g4xx_hal_gpio.c.obj
 .debug_aranges
                0x00000558      0x140 cmake/stm32cubemx/CMakeFiles/STM32_Drivers.dir/__/__/Drivers/STM32G4xx_HAL_Driver/Src/stm32g4xx_hal_pwr_ex.c.obj
 .debug_aranges
                0x00000698      0x128 cmake/stm32cubemx/CMakeFiles/STM32_Drivers.dir/__/__/Drivers/STM32G4xx_HAL_Driver/Src/stm32g4xx_hal_cortex.c.obj
 .debug_aranges
                0x000007c0      0x208 cmake/stm32cubemx/CMakeFiles/STM32_Drivers.dir/__/__/Drivers/STM32G4xx_HAL_Driver/Src/stm32g4xx_hal_fdcan.c.obj
 .debug_aranges
                0x000009c8      0x3e0 cmake/stm32cubemx/CMakeFiles/STM32_Drivers.dir/__/__/Drivers/STM32G4xx_HAL_Driver/Src/stm32g4xx_hal_tim.c.obj
 .debug_aranges
                0x00000da8      0x240 cmake/stm32cubemx/CMakeFiles/STM32_Drivers.dir/__/__/Drivers/STM32G4xx_HAL_Driver/Src/stm32g4xx_hal_tim_ex.c.obj
 .debug_aranges
                0x00000fe8       0x80 CMakeFiles/HV-BPS.dir/Core/Src/main.c.obj
 .debug_aranges
                0x00001068       0x80 CMakeFiles/HV-BPS.dir/Core/Src/stm32g4xx_it.c.obj
 .debug_aranges
                0x000010e8       0x68 CMakeFiles/HV-BPS.dir/Core/Src/stm32g4xx_hal_msp.c.obj
 .debug_aranges
                0x00001150       0x28 CMakeFiles/HV-BPS.dir/startup_stm32g474xx.s.obj
 .debug_aranges
                0x00001178       0x38 LV3-CAN-Subsystem/libLV3-CAN-Subsystem.a(LV3_CAN.c.obj)
 .debug_aranges
                0x000011b0       0x50 LV3-CAN-Subsystem/libLV3-CAN-Subsystem.a(LV3_CAN_Driver.c.obj)
 .debug_aranges
                0x00001200       0x20 C:/Users/cyfin/AppData/Local/stm32cube/bundles/gnu-tools-for-stm32/13.3.1+st.9/bin/../lib/gcc/arm-none-eabi/13.3.1/../../../../arm-none-eabi/lib/thumb/v7e-m+fp/hard\libg_nano.a(libc_a-memset.o)
 .debug_aranges
                0x00001220       0x20 C:/Users/cyfin/AppData/Local/stm32cube/bundles/gnu-tools-for-stm32/13.3.1+st.9/bin/../lib/gcc/arm-none-eabi/13.3.1/../../../../arm-none-eabi/lib/thumb/v7e-m+fp/hard\libg_nano.a(libc_a-init.o)

.debug_rnglists
                0x00000000      0xe08
 .debug_rnglists
                0x00000000       0x1a cmake/stm32cubemx/CMakeFiles/STM32_Drivers.dir/__/__/Core/Src/system_stm32g4xx.c.obj
 .debug_rnglists
                0x0000001a      0x1c0 cmake/stm32cubemx/CMakeFiles/STM32_Drivers.dir/__/__/Drivers/STM32G4xx_HAL_Driver/Src/stm32g4xx_hal_adc.c.obj
 .debug_rnglists
                0x000001da       0xf1 cmake/stm32cubemx/CMakeFiles/STM32_Drivers.dir/__/__/Drivers/STM32G4xx_HAL_Driver/Src/stm32g4xx_hal.c.obj
 .debug_rnglists
                0x000002cb       0x74 cmake/stm32cubemx/CMakeFiles/STM32_Drivers.dir/__/__/Drivers/STM32G4xx_HAL_Driver/Src/stm32g4xx_hal_rcc.c.obj
 .debug_rnglists
                0x0000033f       0x87 cmake/stm32cubemx/CMakeFiles/STM32_Drivers.dir/__/__/Drivers/STM32G4xx_HAL_Driver/Src/stm32g4xx_hal_rcc_ex.c.obj
 .debug_rnglists
                0x000003c6       0x3f cmake/stm32cubemx/CMakeFiles/STM32_Drivers.dir/__/__/Drivers/STM32G4xx_HAL_Driver/Src/stm32g4xx_hal_gpio.c.obj
 .debug_rnglists
                0x00000405       0xf1 cmake/stm32cubemx/CMakeFiles/STM32_Drivers.dir/__/__/Drivers/STM32G4xx_HAL_Driver/Src/stm32g4xx_hal_pwr_ex.c.obj
 .debug_rnglists
                0x000004f6       0xda cmake/stm32cubemx/CMakeFiles/STM32_Drivers.dir/__/__/Drivers/STM32G4xx_HAL_Driver/Src/stm32g4xx_hal_cortex.c.obj
 .debug_rnglists
                0x000005d0      0x18d cmake/stm32cubemx/CMakeFiles/STM32_Drivers.dir/__/__/Drivers/STM32G4xx_HAL_Driver/Src/stm32g4xx_hal_fdcan.c.obj
 .debug_rnglists
                0x0000075d      0x328 cmake/stm32cubemx/CMakeFiles/STM32_Drivers.dir/__/__/Drivers/STM32G4xx_HAL_Driver/Src/stm32g4xx_hal_tim.c.obj
 .debug_rnglists
                0x00000a85      0x1cc cmake/stm32cubemx/CMakeFiles/STM32_Drivers.dir/__/__/Drivers/STM32G4xx_HAL_Driver/Src/stm32g4xx_hal_tim_ex.c.obj
 .debug_rnglists
                0x00000c51       0x66 CMakeFiles/HV-BPS.dir/Core/Src/main.c.obj
 .debug_rnglists
                0x00000cb7       0x5b CMakeFiles/HV-BPS.dir/Core/Src/stm32g4xx_it.c.obj
 .debug_rnglists
                0x00000d12       0x4d CMakeFiles/HV-BPS.dir/Core/Src/stm32g4xx_hal_msp.c.obj
 .debug_rnglists
                0x00000d5f       0x19 CMakeFiles/HV-BPS.dir/startup_stm32g474xx.s.obj
 .debug_rnglists
                0x00000d78       0x33 LV3-CAN-Subsystem/libLV3-CAN-Subsystem.a(LV3_CAN.c.obj)
 .debug_rnglists
                0x00000dab       0x37 LV3-CAN-Subsystem/libLV3-CAN-Subsystem.a(LV3_CAN_Driver.c.obj)
 .debug_rnglists
                0x00000de2       0x13 C:/Users/cyfin/AppData/Local/stm32cube/bundles/gnu-tools-for-stm32/13.3.1+st.9/bin/../lib/gcc/arm-none-eabi/13.3.1/../../../../arm-none-eabi/lib/thumb/v7e-m+fp/hard\libg_nano.a(libc_a-memset.o)
 .debug_rnglists
                0x00000df5       0x13 C:/Users/cyfin/AppData/Local/stm32cube/bundles/gnu-tools-for-stm32/13.3.1+st.9/bin/../lib/gcc/arm-none-eabi/13.3.1/../../../../arm-none-eabi/lib/thumb/v7e-m+fp/hard\libg_nano.a(libc_a-init.o)

.debug_macro    0x00000000    0x28d46
 .debug_macro   0x00000000      0x1e7 cmake/stm32cubemx/CMakeFiles/STM32_Drivers.dir/__/__/Core/Src/system_stm32g4xx.c.obj
 .debug_macro   0x000001e7      0xad8 cmake/stm32cubemx/CMakeFiles/STM32_Drivers.dir/__/__/Core/Src/system_stm32g4xx.c.obj
 .debug_macro   0x00000cbf       0x2e cmake/stm32cubemx/CMakeFiles/STM32_Drivers.dir/__/__/Core/Src/system_stm32g4xx.c.obj
 .debug_macro   0x00000ced       0x28 cmake/stm32cubemx/CMakeFiles/STM32_Drivers.dir/__/__/Core/Src/system_stm32g4xx.c.obj
 .debug_macro   0x00000d15       0x22 cmake/stm32cubemx/CMakeFiles/STM32_Drivers.dir/__/__/Core/Src/system_stm32g4xx.c.obj
 .debug_macro   0x00000d37       0x8e cmake/stm32cubemx/CMakeFiles/STM32_Drivers.dir/__/__/Core/Src/system_stm32g4xx.c.obj
 .debug_macro   0x00000dc5       0x51 cmake/stm32cubemx/CMakeFiles/STM32_Drivers.dir/__/__/Core/Src/system_stm32g4xx.c.obj
 .debug_macro   0x00000e16      0x103 cmake/stm32cubemx/CMakeFiles/STM32_Drivers.dir/__/__/Core/Src/system_stm32g4xx.c.obj
 .debug_macro   0x00000f19       0x6a cmake/stm32cubemx/CMakeFiles/STM32_Drivers.dir/__/__/Core/Src/system_stm32g4xx.c.obj
 .debug_macro   0x00000f83      0x1df cmake/stm32cubemx/CMakeFiles/STM32_Drivers.dir/__/__/Core/Src/system_stm32g4xx.c.obj
 .debug_macro   0x00001162       0x1c cmake/stm32cubemx/CMakeFiles/STM32_Drivers.dir/__/__/Core/Src/system_stm32g4xx.c.obj
 .debug_macro   0x0000117e       0x22 cmake/stm32cubemx/CMakeFiles/STM32_Drivers.dir/__/__/Core/Src/system_stm32g4xx.c.obj
 .debug_macro   0x000011a0       0xfb cmake/stm32cubemx/CMakeFiles/STM32_Drivers.dir/__/__/Core/Src/system_stm32g4xx.c.obj
 .debug_macro   0x0000129b     0x1011 cmake/stm32cubemx/CMakeFiles/STM32_Drivers.dir/__/__/Core/Src/system_stm32g4xx.c.obj
 .debug_macro   0x000022ac      0x11f cmake/stm32cubemx/CMakeFiles/STM32_Drivers.dir/__/__/Core/Src/system_stm32g4xx.c.obj
 .debug_macro   0x000023cb    0x18b8c cmake/stm32cubemx/CMakeFiles/STM32_Drivers.dir/__/__/Core/Src/system_stm32g4xx.c.obj
 .debug_macro   0x0001af57       0x6d cmake/stm32cubemx/CMakeFiles/STM32_Drivers.dir/__/__/Core/Src/system_stm32g4xx.c.obj
 .debug_macro   0x0001afc4      0x161 cmake/stm32cubemx/CMakeFiles/STM32_Drivers.dir/__/__/Core/Src/system_stm32g4xx.c.obj
 .debug_macro   0x0001b125     0x3558 cmake/stm32cubemx/CMakeFiles/STM32_Drivers.dir/__/__/Core/Src/system_stm32g4xx.c.obj
 .debug_macro   0x0001e67d      0x190 cmake/stm32cubemx/CMakeFiles/STM32_Drivers.dir/__/__/Core/Src/system_stm32g4xx.c.obj
 .debug_macro   0x0001e80d       0x5c cmake/stm32cubemx/CMakeFiles/STM32_Drivers.dir/__/__/Core/Src/system_stm32g4xx.c.obj
 .debug_macro   0x0001e869     0x171f cmake/stm32cubemx/CMakeFiles/STM32_Drivers.dir/__/__/Core/Src/system_stm32g4xx.c.obj
 .debug_macro   0x0001ff88      0x600 cmake/stm32cubemx/CMakeFiles/STM32_Drivers.dir/__/__/Core/Src/system_stm32g4xx.c.obj
 .debug_macro   0x00020588      0x1b6 cmake/stm32cubemx/CMakeFiles/STM32_Drivers.dir/__/__/Core/Src/system_stm32g4xx.c.obj
 .debug_macro   0x0002073e      0x34a cmake/stm32cubemx/CMakeFiles/STM32_Drivers.dir/__/__/Core/Src/system_stm32g4xx.c.obj
 .debug_macro   0x00020a88      0x53c cmake/stm32cubemx/CMakeFiles/STM32_Drivers.dir/__/__/Core/Src/system_stm32g4xx.c.obj
 .debug_macro   0x00020fc4      0x18b cmake/stm32cubemx/CMakeFiles/STM32_Drivers.dir/__/__/Core/Src/system_stm32g4xx.c.obj
 .debug_macro   0x0002114f       0x43 cmake/stm32cubemx/CMakeFiles/STM32_Drivers.dir/__/__/Core/Src/system_stm32g4xx.c.obj
 .debug_macro   0x00021192      0x23d cmake/stm32cubemx/CMakeFiles/STM32_Drivers.dir/__/__/Core/Src/system_stm32g4xx.c.obj
 .debug_macro   0x000213cf     0x1112 cmake/stm32cubemx/CMakeFiles/STM32_Drivers.dir/__/__/Core/Src/system_stm32g4xx.c.obj
 .debug_macro   0x000224e1      0x72e cmake/stm32cubemx/CMakeFiles/STM32_Drivers.dir/__/__/Core/Src/system_stm32g4xx.c.obj
 .debug_macro   0x00022c0f      0x391 cmake/stm32cubemx/CMakeFiles/STM32_Drivers.dir/__/__/Core/Src/system_stm32g4xx.c.obj
 .debug_macro   0x00022fa0      0x211 cmake/stm32cubemx/CMakeFiles/STM32_Drivers.dir/__/__/Core/Src/system_stm32g4xx.c.obj
 .debug_macro   0x000231b1      0x6bd cmake/stm32cubemx/CMakeFiles/STM32_Drivers.dir/__/__/Core/Src/system_stm32g4xx.c.obj
 .debug_macro   0x0002386e      0x45c cmake/stm32cubemx/CMakeFiles/STM32_Drivers.dir/__/__/Core/Src/system_stm32g4xx.c.obj
 .debug_macro   0x00023cca      0x11c cmake/stm32cubemx/CMakeFiles/STM32_Drivers.dir/__/__/Core/Src/system_stm32g4xx.c.obj
 .debug_macro   0x00023de6      0x122 cmake/stm32cubemx/CMakeFiles/STM32_Drivers.dir/__/__/Core/Src/system_stm32g4xx.c.obj
 .debug_macro   0x00023f08      0x3d1 cmake/stm32cubemx/CMakeFiles/STM32_Drivers.dir/__/__/Core/Src/system_stm32g4xx.c.obj
 .debug_macro   0x000242d9      0xc0b cmake/stm32cubemx/CMakeFiles/STM32_Drivers.dir/__/__/Core/Src/system_stm32g4xx.c.obj
 .debug_macro   0x00024ee4      0x718 cmake/stm32cubemx/CMakeFiles/STM32_Drivers.dir/__/__/Core/Src/system_stm32g4xx.c.obj
 .debug_macro   0x000255fc      0x358 cmake/stm32cubemx/CMakeFiles/STM32_Drivers.dir/__/__/Core/Src/system_stm32g4xx.c.obj
 .debug_macro   0x00025954      0x204 cmake/stm32cubemx/CMakeFiles/STM32_Drivers.dir/__/__/Drivers/STM32G4xx_HAL_Driver/Src/stm32g4xx_hal_adc.c.obj
 .debug_macro   0x00025b58      0x235 cmake/stm32cubemx/CMakeFiles/STM32_Drivers.dir/__/__/Drivers/STM32G4xx_HAL_Driver/Src/stm32g4xx_hal.c.obj
 .debug_macro   0x00025d8d      0x229 cmake/stm32cubemx/CMakeFiles/STM32_Drivers.dir/__/__/Drivers/STM32G4xx_HAL_Driver/Src/stm32g4xx_hal_rcc.c.obj
 .debug_macro   0x00025fb6      0x211 cmake/stm32cubemx/CMakeFiles/STM32_Drivers.dir/__/__/Drivers/STM32G4xx_HAL_Driver/Src/stm32g4xx_hal_rcc_ex.c.obj
 .debug_macro   0x000261c7      0x1ee cmake/stm32cubemx/CMakeFiles/STM32_Drivers.dir/__/__/Drivers/STM32G4xx_HAL_Driver/Src/stm32g4xx_hal_gpio.c.obj
 .debug_macro   0x000263b5      0x211 cmake/stm32cubemx/CMakeFiles/STM32_Drivers.dir/__/__/Drivers/STM32G4xx_HAL_Driver/Src/stm32g4xx_hal_pwr_ex.c.obj
 .debug_macro   0x000265c6      0x1e7 cmake/stm32cubemx/CMakeFiles/STM32_Drivers.dir/__/__/Drivers/STM32G4xx_HAL_Driver/Src/stm32g4xx_hal_cortex.c.obj
 .debug_macro   0x000267ad      0x2f9 cmake/stm32cubemx/CMakeFiles/STM32_Drivers.dir/__/__/Drivers/STM32G4xx_HAL_Driver/Src/stm32g4xx_hal_fdcan.c.obj
 .debug_macro   0x00026aa6      0x1ef cmake/stm32cubemx/CMakeFiles/STM32_Drivers.dir/__/__/Drivers/STM32G4xx_HAL_Driver/Src/stm32g4xx_hal_tim.c.obj
 .debug_macro   0x00026c95      0x1ed cmake/stm32cubemx/CMakeFiles/STM32_Drivers.dir/__/__/Drivers/STM32G4xx_HAL_Driver/Src/stm32g4xx_hal_tim_ex.c.obj
 .debug_macro   0x00026e82      0x2d1 CMakeFiles/HV-BPS.dir/Core/Src/main.c.obj
 .debug_macro   0x00027153       0xe8 CMakeFiles/HV-BPS.dir/Core/Src/main.c.obj
 .debug_macro   0x0002723b       0x22 CMakeFiles/HV-BPS.dir/Core/Src/main.c.obj
 .debug_macro   0x0002725d       0x74 CMakeFiles/HV-BPS.dir/Core/Src/main.c.obj
 .debug_macro   0x000272d1       0x2a CMakeFiles/HV-BPS.dir/Core/Src/main.c.obj
 .debug_macro   0x000272fb       0x3c CMakeFiles/HV-BPS.dir/Core/Src/main.c.obj
 .debug_macro   0x00027337       0x34 CMakeFiles/HV-BPS.dir/Core/Src/main.c.obj
 .debug_macro   0x0002736b      0x370 CMakeFiles/HV-BPS.dir/Core/Src/main.c.obj
 .debug_macro   0x000276db       0x16 CMakeFiles/HV-BPS.dir/Core/Src/main.c.obj
 .debug_macro   0x000276f1       0x4a CMakeFiles/HV-BPS.dir/Core/Src/main.c.obj
 .debug_macro   0x0002773b       0x34 CMakeFiles/HV-BPS.dir/Core/Src/main.c.obj
 .debug_macro   0x0002776f       0x10 CMakeFiles/HV-BPS.dir/Core/Src/main.c.obj
 .debug_macro   0x0002777f       0x58 CMakeFiles/HV-BPS.dir/Core/Src/main.c.obj
 .debug_macro   0x000277d7      0x1e5 CMakeFiles/HV-BPS.dir/Core/Src/main.c.obj
 .debug_macro   0x000279bc       0x10 CMakeFiles/HV-BPS.dir/Core/Src/main.c.obj
 .debug_macro   0x000279cc       0x3c CMakeFiles/HV-BPS.dir/Core/Src/main.c.obj
 .debug_macro   0x00027a08       0x20 CMakeFiles/HV-BPS.dir/Core/Src/main.c.obj
 .debug_macro   0x00027a28       0x20 CMakeFiles/HV-BPS.dir/Core/Src/main.c.obj
 .debug_macro   0x00027a48      0x200 CMakeFiles/HV-BPS.dir/Core/Src/stm32g4xx_it.c.obj
 .debug_macro   0x00027c48      0x1f6 CMakeFiles/HV-BPS.dir/Core/Src/stm32g4xx_hal_msp.c.obj
 .debug_macro   0x00027e3e      0x217 LV3-CAN-Subsystem/libLV3-CAN-Subsystem.a(LV3_CAN.c.obj)
 .debug_macro   0x00028055      0xade LV3-CAN-Subsystem/libLV3-CAN-Subsystem.a(LV3_CAN.c.obj)
 .debug_macro   0x00028b33       0x10 LV3-CAN-Subsystem/libLV3-CAN-Subsystem.a(LV3_CAN.c.obj)
 .debug_macro   0x00028b43      0x203 LV3-CAN-Subsystem/libLV3-CAN-Subsystem.a(LV3_CAN_Driver.c.obj)

.debug_line     0x00000000    0x13b04
 .debug_line    0x00000000      0x895 cmake/stm32cubemx/CMakeFiles/STM32_Drivers.dir/__/__/Core/Src/system_stm32g4xx.c.obj
 .debug_line    0x00000895     0x2330 cmake/stm32cubemx/CMakeFiles/STM32_Drivers.dir/__/__/Drivers/STM32G4xx_HAL_Driver/Src/stm32g4xx_hal_adc.c.obj
 .debug_line    0x00002bc5      0xc61 cmake/stm32cubemx/CMakeFiles/STM32_Drivers.dir/__/__/Drivers/STM32G4xx_HAL_Driver/Src/stm32g4xx_hal.c.obj
 .debug_line    0x00003826     0x10e4 cmake/stm32cubemx/CMakeFiles/STM32_Drivers.dir/__/__/Drivers/STM32G4xx_HAL_Driver/Src/stm32g4xx_hal_rcc.c.obj
 .debug_line    0x0000490a     0x1359 cmake/stm32cubemx/CMakeFiles/STM32_Drivers.dir/__/__/Drivers/STM32G4xx_HAL_Driver/Src/stm32g4xx_hal_rcc_ex.c.obj
 .debug_line    0x00005c63      0xc3a cmake/stm32cubemx/CMakeFiles/STM32_Drivers.dir/__/__/Drivers/STM32G4xx_HAL_Driver/Src/stm32g4xx_hal_gpio.c.obj
 .debug_line    0x0000689d      0xdc0 cmake/stm32cubemx/CMakeFiles/STM32_Drivers.dir/__/__/Drivers/STM32G4xx_HAL_Driver/Src/stm32g4xx_hal_pwr_ex.c.obj
 .debug_line    0x0000765d      0xdc6 cmake/stm32cubemx/CMakeFiles/STM32_Drivers.dir/__/__/Drivers/STM32G4xx_HAL_Driver/Src/stm32g4xx_hal_cortex.c.obj
 .debug_line    0x00008423     0x19b2 cmake/stm32cubemx/CMakeFiles/STM32_Drivers.dir/__/__/Drivers/STM32G4xx_HAL_Driver/Src/stm32g4xx_hal_fdcan.c.obj
 .debug_line    0x00009dd5     0x40fa cmake/stm32cubemx/CMakeFiles/STM32_Drivers.dir/__/__/Drivers/STM32G4xx_HAL_Driver/Src/stm32g4xx_hal_tim.c.obj
 .debug_line    0x0000decf     0x2168 cmake/stm32cubemx/CMakeFiles/STM32_Drivers.dir/__/__/Drivers/STM32G4xx_HAL_Driver/Src/stm32g4xx_hal_tim_ex.c.obj
 .debug_line    0x00010037      0xeeb CMakeFiles/HV-BPS.dir/Core/Src/main.c.obj
 .debug_line    0x00010f22      0x937 CMakeFiles/HV-BPS.dir/Core/Src/stm32g4xx_it.c.obj
 .debug_line    0x00011859      0xaa4 CMakeFiles/HV-BPS.dir/Core/Src/stm32g4xx_hal_msp.c.obj
 .debug_line    0x000122fd       0x7b CMakeFiles/HV-BPS.dir/startup_stm32g474xx.s.obj
 .debug_line    0x00012378      0xb0e LV3-CAN-Subsystem/libLV3-CAN-Subsystem.a(LV3_CAN.c.obj)
 .debug_line    0x00012e86      0x990 LV3-CAN-Subsystem/libLV3-CAN-Subsystem.a(LV3_CAN_Driver.c.obj)
 .debug_line    0x00013816      0x17e C:/Users/cyfin/AppData/Local/stm32cube/bundles/gnu-tools-for-stm32/13.3.1+st.9/bin/../lib/gcc/arm-none-eabi/13.3.1/../../../../arm-none-eabi/lib/thumb/v7e-m+fp/hard\libg_nano.a(libc_a-memset.o)
 .debug_line    0x00013994      0x170 C:/Users/cyfin/AppData/Local/stm32cube/bundles/gnu-tools-for-stm32/13.3.1+st.9/bin/../lib/gcc/arm-none-eabi/13.3.1/../../../../arm-none-eabi/lib/thumb/v7e-m+fp/hard\libg_nano.a(libc_a-init.o)

.debug_str      0x00000000   0x112060
 .debug_str     0x00000000   0x112060 cmake/stm32cubemx/CMakeFiles/STM32_Drivers.dir/__/__/Core/Src/system_stm32g4xx.c.obj
                             0x106fe4 (size before relaxing)
 .debug_str     0x00112060        0x0 cmake/stm32cubemx/CMakeFiles/STM32_Drivers.dir/__/__/Drivers/STM32G4xx_HAL_Driver/Src/stm32g4xx_hal_adc.c.obj
                             0x108011 (size before relaxing)
 .debug_str     0x00112060        0x0 cmake/stm32cubemx/CMakeFiles/STM32_Drivers.dir/__/__/Drivers/STM32G4xx_HAL_Driver/Src/stm32g4xx_hal.c.obj
                             0x107cf6 (size before relaxing)
 .debug_str     0x00112060        0x0 cmake/stm32cubemx/CMakeFiles/STM32_Drivers.dir/__/__/Drivers/STM32G4xx_HAL_Driver/Src/stm32g4xx_hal_rcc.c.obj
                             0x107703 (size before relaxing)
 .debug_str     0x00112060        0x0 cmake/stm32cubemx/CMakeFiles/STM32_Drivers.dir/__/__/Drivers/STM32G4xx_HAL_Driver/Src/stm32g4xx_hal_rcc_ex.c.obj
                             0x10772d (size before relaxing)
 .debug_str     0x00112060        0x0 cmake/stm32cubemx/CMakeFiles/STM32_Drivers.dir/__/__/Drivers/STM32G4xx_HAL_Driver/Src/stm32g4xx_hal_gpio.c.obj
                             0x10716f (size before relaxing)
 .debug_str     0x00112060        0x0 cmake/stm32cubemx/CMakeFiles/STM32_Drivers.dir/__/__/Drivers/STM32G4xx_HAL_Driver/Src/stm32g4xx_hal_pwr_ex.c.obj
                             0x1074d2 (size before relaxing)
 .debug_str     0x00112060        0x0 cmake/stm32cubemx/CMakeFiles/STM32_Drivers.dir/__/__/Drivers/STM32G4xx_HAL_Driver/Src/stm32g4xx_hal_cortex.c.obj
                             0x1079b2 (size before relaxing)
 .debug_str     0x00112060        0x0 cmake/stm32cubemx/CMakeFiles/STM32_Drivers.dir/__/__/Drivers/STM32G4xx_HAL_Driver/Src/stm32g4xx_hal_fdcan.c.obj
                             0x108593 (size before relaxing)
 .debug_str     0x00112060        0x0 cmake/stm32cubemx/CMakeFiles/STM32_Drivers.dir/__/__/Drivers/STM32G4xx_HAL_Driver/Src/stm32g4xx_hal_tim.c.obj
                             0x1084e2 (size before relaxing)
 .debug_str     0x00112060        0x0 cmake/stm32cubemx/CMakeFiles/STM32_Drivers.dir/__/__/Drivers/STM32G4xx_HAL_Driver/Src/stm32g4xx_hal_tim_ex.c.obj
                             0x108156 (size before relaxing)
 .debug_str     0x00112060        0x0 CMakeFiles/HV-BPS.dir/Core/Src/main.c.obj
                             0x10c5b6 (size before relaxing)
 .debug_str     0x00112060        0x0 CMakeFiles/HV-BPS.dir/Core/Src/stm32g4xx_it.c.obj
                             0x107665 (size before relaxing)
 .debug_str     0x00112060        0x0 CMakeFiles/HV-BPS.dir/Core/Src/stm32g4xx_hal_msp.c.obj
                             0x1088d7 (size before relaxing)
 .debug_str     0x00112060        0x0 CMakeFiles/HV-BPS.dir/startup_stm32g474xx.s.obj
                                 0xaa (size before relaxing)
 .debug_str     0x00112060        0x0 LV3-CAN-Subsystem/libLV3-CAN-Subsystem.a(LV3_CAN.c.obj)
                             0x1083f9 (size before relaxing)
 .debug_str     0x00112060        0x0 LV3-CAN-Subsystem/libLV3-CAN-Subsystem.a(LV3_CAN_Driver.c.obj)
                             0x10872c (size before relaxing)
 .debug_str     0x00112060        0x0 C:/Users/cyfin/AppData/Local/stm32cube/bundles/gnu-tools-for-stm32/13.3.1+st.9/bin/../lib/gcc/arm-none-eabi/13.3.1/../../../../arm-none-eabi/lib/thumb/v7e-m+fp/hard\libg_nano.a(libc_a-memset.o)
                                0x211 (size before relaxing)
 .debug_str     0x00112060        0x0 C:/Users/cyfin/AppData/Local/stm32cube/bundles/gnu-tools-for-stm32/13.3.1+st.9/bin/../lib/gcc/arm-none-eabi/13.3.1/../../../../arm-none-eabi/lib/thumb/v7e-m+fp/hard\libg_nano.a(libc_a-init.o)
                                0x272 (size before relaxing)

.debug_frame    0x00000000     0x4d40
 .debug_frame   0x00000000       0x58 cmake/stm32cubemx/CMakeFiles/STM32_Drivers.dir/__/__/Core/Src/system_stm32g4xx.c.obj
 .debug_frame   0x00000058      0xacc cmake/stm32cubemx/CMakeFiles/STM32_Drivers.dir/__/__/Drivers/STM32G4xx_HAL_Driver/Src/stm32g4xx_hal_adc.c.obj
 .debug_frame   0x00000b24      0x500 cmake/stm32cubemx/CMakeFiles/STM32_Drivers.dir/__/__/Drivers/STM32G4xx_HAL_Driver/Src/stm32g4xx_hal.c.obj
 .debug_frame   0x00001024      0x23c cmake/stm32cubemx/CMakeFiles/STM32_Drivers.dir/__/__/Drivers/STM32G4xx_HAL_Driver/Src/stm32g4xx_hal_rcc.c.obj
 .debug_frame   0x00001260      0x2ac cmake/stm32cubemx/CMakeFiles/STM32_Drivers.dir/__/__/Drivers/STM32G4xx_HAL_Driver/Src/stm32g4xx_hal_rcc_ex.c.obj
 .debug_frame   0x0000150c      0x14c cmake/stm32cubemx/CMakeFiles/STM32_Drivers.dir/__/__/Drivers/STM32G4xx_HAL_Driver/Src/stm32g4xx_hal_gpio.c.obj
 .debug_frame   0x00001658      0x4fc cmake/stm32cubemx/CMakeFiles/STM32_Drivers.dir/__/__/Drivers/STM32G4xx_HAL_Driver/Src/stm32g4xx_hal_pwr_ex.c.obj
 .debug_frame   0x00001b54      0x4e8 cmake/stm32cubemx/CMakeFiles/STM32_Drivers.dir/__/__/Drivers/STM32G4xx_HAL_Driver/Src/stm32g4xx_hal_cortex.c.obj
 .debug_frame   0x0000203c      0x9b0 cmake/stm32cubemx/CMakeFiles/STM32_Drivers.dir/__/__/Drivers/STM32G4xx_HAL_Driver/Src/stm32g4xx_hal_fdcan.c.obj
 .debug_frame   0x000029ec     0x1220 cmake/stm32cubemx/CMakeFiles/STM32_Drivers.dir/__/__/Drivers/STM32G4xx_HAL_Driver/Src/stm32g4xx_hal_tim.c.obj
 .debug_frame   0x00003c0c      0xa70 cmake/stm32cubemx/CMakeFiles/STM32_Drivers.dir/__/__/Drivers/STM32G4xx_HAL_Driver/Src/stm32g4xx_hal_tim_ex.c.obj
 .debug_frame   0x0000467c      0x1c4 CMakeFiles/HV-BPS.dir/Core/Src/main.c.obj
 .debug_frame   0x00004840      0x174 CMakeFiles/HV-BPS.dir/Core/Src/stm32g4xx_it.c.obj
 .debug_frame   0x000049b4      0x190 CMakeFiles/HV-BPS.dir/Core/Src/stm32g4xx_hal_msp.c.obj
 .debug_frame   0x00004b44       0xa8 LV3-CAN-Subsystem/libLV3-CAN-Subsystem.a(LV3_CAN.c.obj)
 .debug_frame   0x00004bec      0x108 LV3-CAN-Subsystem/libLV3-CAN-Subsystem.a(LV3_CAN_Driver.c.obj)
 .debug_frame   0x00004cf4       0x20 C:/Users/cyfin/AppData/Local/stm32cube/bundles/gnu-tools-for-stm32/13.3.1+st.9/bin/../lib/gcc/arm-none-eabi/13.3.1/../../../../arm-none-eabi/lib/thumb/v7e-m+fp/hard\libg_nano.a(libc_a-memset.o)
 .debug_frame   0x00004d14       0x2c C:/Users/cyfin/AppData/Local/stm32cube/bundles/gnu-tools-for-stm32/13.3.1+st.9/bin/../lib/gcc/arm-none-eabi/13.3.1/../../../../arm-none-eabi/lib/thumb/v7e-m+fp/hard\libg_nano.a(libc_a-init.o)

.debug_line_str
                0x00000000       0x8e
 .debug_line_str
                0x00000000       0x8e CMakeFiles/HV-BPS.dir/startup_stm32g474xx.s.obj

.debug_loclists
                0x00000000       0x91
 .debug_loclists
                0x00000000       0x4d C:/Users/cyfin/AppData/Local/stm32cube/bundles/gnu-tools-for-stm32/13.3.1+st.9/bin/../lib/gcc/arm-none-eabi/13.3.1/../../../../arm-none-eabi/lib/thumb/v7e-m+fp/hard\libg_nano.a(libc_a-memset.o)
 .debug_loclists
                0x0000004d       0x44 C:/Users/cyfin/AppData/Local/stm32cube/bundles/gnu-tools-for-stm32/13.3.1+st.9/bin/../lib/gcc/arm-none-eabi/13.3.1/../../../../arm-none-eabi/lib/thumb/v7e-m+fp/hard\libg_nano.a(libc_a-init.o)
